 Analog_Solution_slrt

 Timestamp is 591059ba (Mon May  8 13:42:50 2017)

 Preferred load address is 10000000

 Start         Length     Name                   Class
 0001:00000000 000061e6H .text                   CODE
 0001:000061f0 00073f7fH .text$mn                CODE
 0002:00000000 00000104H .CRT$XCA                DATA
 0002:00000104 00000104H .CRT$XCZ                DATA
 0002:00000208 00000104H .CRT$XIA                DATA
 0002:0000030c 0000010eH .CRT$XIC                DATA
 0002:0000041c 00000104H .CRT$XIZ                DATA
 0002:00000520 00000104H .CRT$XPA                DATA
 0002:00000624 00000109H .CRT$XPX                DATA
 0002:00000730 00000104H .CRT$XPXA               DATA
 0002:00000834 00000104H .CRT$XPZ                DATA
 0002:00000938 00000104H .CRT$XTA                DATA
 0002:00000a3c 00000104H .CRT$XTZ                DATA
 0002:00000b40 00024d73H .rdata                  DATA
 0002:000258b4 0000038aH .rdata$r                DATA
 0002:00025c40 0000010eH .rdata$sxdata           DATA
 0002:00025d50 00000113H .rdata$zETW0            DATA
 0002:00025e63 0000018eH .rdata$zETW1            DATA
 0002:00025ff1 00000134H .rdata$zETW2            DATA
 0002:00026125 00000101H .rdata$zETW9            DATA
 0002:00026228 000001c0H .rdata$zzzdbg           DATA
 0002:000263e8 00000104H .rtc$IAA                DATA
 0002:000264ec 00000104H .rtc$IZZ                DATA
 0002:000265f0 00000104H .rtc$TAA                DATA
 0002:000266f4 00000104H .rtc$TZZ                DATA
 0002:000267f8 00000ac0H .xdata$x                DATA
 0002:000272c0 000001eaH .edata                  DATA
 0003:00000000 00005677H .data                   DATA
 0003:00005678 000001d4H .data$r                 DATA
 0003:00005860 000269f0H .bss                    DATA
 0004:00000000 000001ecH .idata$5                DATA
 0004:000001ec 00000028H .idata$2                DATA
 0004:00000214 00000014H .idata$3                DATA
 0004:00000228 000001ecH .idata$4                DATA
 0004:00000414 0000080cH .idata$6                DATA
 0005:00000000 00000104H .00cfg                  DATA

  Address         Publics by Value              Rva+Base       Lib:Object

 0000:00000000       ___guard_fids_table        00000000     <absolute>
 0000:00000000       __except_list              00000000     <absolute>
 0000:00000000       ___guard_fids_count        00000000     <absolute>
 0000:00000003       ___safe_se_handler_count   00000003     <absolute>
 0000:00000100       ___guard_flags             00000100     <absolute>
 0000:00000000       ___ImageBase               10000000     <linker-defined>
 0001:00005ef1       ?TraceLoggingRegister@__vcrt_trace_logging_provider@@YAJPBU_TlgProvider_t@1@PBU_GUID@@P6GX1KE_K2PAU_EVENT_FILTER_DESCRIPTOR@@PAX@Z4@Z 10006ef1 f i libvcruntime:telemetry.obj
 0001:00005f65       ?TraceLoggingSetInformation@__vcrt_trace_logging_provider@@YAJPBU_TlgProvider_t@1@W4_EVENT_INFO_CLASS@@PAXK@Z 10006f65 f i libvcruntime:telemetry.obj
 0001:00005f9a       ?TraceLoggingUnregister@__vcrt_trace_logging_provider@@YAXPBU_TlgProvider_t@1@@Z 10006f9a f i libvcruntime:telemetry.obj
 0001:00005fc0       ?_TlgCreateSz@__vcrt_trace_logging_provider@@YAXPAU_EVENT_DATA_DESCRIPTOR@@PBD@Z 10006fc0 f i libvcruntime:telemetry.obj
 0001:00006006       ?_TlgCreateWsz@__vcrt_trace_logging_provider@@YAXPAU_EVENT_DATA_DESCRIPTOR@@PB_W@Z 10007006 f i libvcruntime:telemetry.obj
 0001:0000605b       ?_TlgEnableCallback@__vcrt_trace_logging_provider@@YGXPBU_GUID@@KE_K1PAU_EVENT_FILTER_DESCRIPTOR@@PAX@Z 1000705b f i libvcruntime:telemetry.obj
 0001:000060f1       ?_TlgKeywordOn@__vcrt_trace_logging_provider@@YAEPBU_TlgProvider_t@1@_K@Z 100070f1 f i libvcruntime:telemetry.obj
 0001:0000613c       ?_TlgWrite@__vcrt_trace_logging_provider@@YAJPBU_TlgProvider_t@1@PBXPBU_GUID@@2IPAU_EVENT_DATA_DESCRIPTOR@@@Z 1000713c f i libvcruntime:telemetry.obj
 0001:000061f0       _A_EmbeddedMATLABFunction1_g 100071f0 f   Analog_Solution.obj
 0001:00006580       _An_EmbeddedMATLABFunction_b 10007580 f   Analog_Solution.obj
 0001:00006bf0       _An_EmbeddedMATLABFunction_k 10007bf0 f   Analog_Solution.obj
 0001:00007480       _Ana_EmbeddedMATLABFunction1 10008480 f   Analog_Solution.obj
 0001:000075c0       _Anal_EmbeddedMATLABFunction 100085c0 f   Analog_Solution.obj
 0001:00007940       _Analog_Solut_RS232ISR_Start 10008940 f   Analog_Solution.obj
 0001:00007e10       _Analog_Soluti_RS232ISR_Term 10008e10 f   Analog_Solution.obj
 0001:00008030       _Analog_Solution           10009030 f   Analog_Solution.obj
 0001:000114d0       _Analog_Solution_RS232ISR  100124d0 f   Analog_Solution.obj
 0001:00017690       _MdlInitialize             10018690 f   Analog_Solution.obj
 0001:000176a0       _MdlInitializeSampleTimes  100186a0 f   Analog_Solution.obj
 0001:000176b0       _MdlInitializeSizes        100186b0 f   Analog_Solution.obj
 0001:000176c0       _MdlOutputs                100186c0 f   Analog_Solution.obj
 0001:00017710       _MdlStart                  10018710 f   Analog_Solution.obj
 0001:00017720       _MdlTerminate              10018720 f   Analog_Solution.obj
 0001:00017730       _MdlUpdate                 10018730 f   Analog_Solution.obj
 0001:00017780       ___local_stdio_printf_options 10018780 f i Analog_Solution.obj
 0001:00017790       __vfprintf_l               10018790 f i Analog_Solution.obj
 0001:000177c0       __vsnprintf_l              100187c0 f i Analog_Solution.obj
 0001:00017800       __vsprintf_l               10018800 f i Analog_Solution.obj
 0001:00017840       _printf                    10018840 f i Analog_Solution.obj
 0001:00017960       _rt_SimUpdateDiscreteEvents 10018960 f   Analog_Solution.obj
 0001:000179b0       _rt_powd_snf               100189b0 f   Analog_Solution.obj
 0001:00017c30       _sprintf                   10018c30 f i Analog_Solution.obj
 0001:00017c70       _xPCISR1                   10018c70 f   Analog_Solution.obj
 0001:00017d70       _rt_mxCreateCharMatrixFromStrings 10018d70 f   rt_matrx.obj
 0001:00017ed0       _rt_mxCreateDoubleMatrix   10018ed0 f   rt_matrx.obj
 0001:00017f30       _rt_mxCreateNumericArray   10018f30 f   rt_matrx.obj
 0001:00017fb0       _rt_mxCreateString         10018fb0 f   rt_matrx.obj
 0001:00018040       _rt_mxDuplicateArray       10019040 f   rt_matrx.obj
 0001:000180a0       _rt_mxGetDimensions        100190a0 f   rt_matrx.obj
 0001:000180e0       _rt_mxGetEps               100190e0 f   rt_matrx.obj
 0001:000180f0       _rt_mxGetString            100190f0 f   rt_matrx.obj
 0001:00018170       _rtPrintfNoOp              10019170 f   rt_printf.obj
 0001:00018180       _Analog_Solution_GetCAPIStaticMap 10019180 f   Analog_Solution_capi.obj
 0001:00018190       _Analog_Solution_InitializeDataMapInfo 10019190 f   Analog_Solution_capi.obj
 0001:00018220       _rtGetInf                  10019220 f   rtGetInf.obj
 0001:00018250       _rtGetInfF                 10019250 f   rtGetInf.obj
 0001:00018270       _rtGetMinusInf             10019270 f   rtGetInf.obj
 0001:000182a0       _rtGetMinusInfF            100192a0 f   rtGetInf.obj
 0001:000182c0       _rtGetNaN                  100192c0 f   rtGetNaN.obj
 0001:000182f0       _rtGetNaNF                 100192f0 f   rtGetNaN.obj
 0001:00018310       _rtIsInf                   10019310 f   rt_nonfinite.obj
 0001:00018350       _rtIsInfF                  10019350 f   rt_nonfinite.obj
 0001:00018390       _rtIsNaN                   10019390 f   rt_nonfinite.obj
 0001:000183b0       _rtIsNaNF                  100193b0 f   rt_nonfinite.obj
 0001:000183d0       _rt_InitInfAndNaN          100193d0 f   rt_nonfinite.obj
 0001:00018430       _rt_CleanUpForStateLogWithMMI 10019430 f   rt_logging_mmi.obj
 0001:00018540       _rt_FillStateSigInfoFromMMI 10019540 f   rt_logging_mmi.obj
 0001:000188e0       _rtwCAPI_CountSysRan       100198e0 f   rtw_modelmap_utils.obj
 0001:00018980       _rtwCAPI_EncodePath        10019980 f   rtw_modelmap_utils.obj
 0001:00018a80       _rtwCAPI_FillSysRan        10019a80 f   rtw_modelmap_utils.obj
 0001:00018b70       _rtwCAPI_FreeFullPaths     10019b70 f   rtw_modelmap_utils.obj
 0001:00018c00       _rtwCAPI_GetFullStateBlockPath 10019c00 f   rtw_modelmap_utils.obj
 0001:00018db0       _rtwCAPI_GetNumContStateRecords 10019db0 f   rtw_modelmap_utils.obj
 0001:00018e70       _rtwCAPI_GetNumSigLogRecords 10019e70 f   rtw_modelmap_utils.obj
 0001:00018ec0       _rtwCAPI_GetNumSigLogRecordsForRTWLogging 10019ec0 f   rtw_modelmap_utils.obj
 0001:00018f50       _rtwCAPI_GetNumStateRecords 10019f50 f   rtw_modelmap_utils.obj
 0001:00018fa0       _rtwCAPI_GetNumStateRecordsForRTWLogging 10019fa0 f   rtw_modelmap_utils.obj
 0001:00019030       _rtwCAPI_GetSigAddrFromMap 1001a030 f   rtw_modelmap_utils.obj
 0001:000190f0       _rtwCAPI_GetSigLogRecordInfo 1001a0f0 f   rtw_modelmap_utils.obj
 0001:00019520       _rtwCAPI_GetStateRecordInfo 1001a520 f   rtw_modelmap_utils.obj
 0001:000199d0       _rtwCAPI_GetStateWidth     1001a9d0 f   rtw_modelmap_utils.obj
 0001:00019a30       _rtwCAPI_HasStates         1001aa30 f   rtw_modelmap_utils.obj
 0001:00019aa0       _rtwCAPI_UpdateFullPaths   1001aaa0 f   rtw_modelmap_utils.obj
 0001:00019c80       _fprintf                   1001ac80 f i rt_logging.obj
 0001:0001a580       _rt_CreateLogVar           1001b580 f   rt_logging.obj
 0001:0001a610       _rt_CreateLogVarWithConvert 1001b610 f   rt_logging.obj
 0001:0001af60       _rt_CreateStructLogVar     1001bf60 f   rt_logging.obj
 0001:0001bcc0       _rt_GetMxIdFromDTypeId     1001ccc0 f   rt_logging.obj
 0001:0001bcf0       _rt_GetMxIdFromDTypeIdForRSim 1001ccf0 f   rt_logging.obj
 0001:0001e5c0       _rt_StartDataLogging       1001f5c0 f   rt_logging.obj
 0001:0001ea80       _rt_StartDataLoggingWithStartTime 1001fa80 f   rt_logging.obj
 0001:0001f3d0       _rt_StopDataLogging        100203d0 f   rt_logging.obj
 0001:0001f3f0       _rt_StopDataLoggingImpl    100203f0 f   rt_logging.obj
 0001:0001f720       _rt_UpdateLogVar           10020720 f   rt_logging.obj
 0001:00020840       _rt_UpdateStructLogVar     10021840 f   rt_logging.obj
 0001:000208d0       _rt_UpdateTXXFYLogVars     100218d0 f   rt_logging.obj
 0001:00020c10       _rt_UpdateTXYLogVars       10021c10 f   rt_logging.obj
 0001:00020e60       _Analog_Solution_ChangeStepSize 10021e60 f   xpctarget.obj
 0001:00020f00       _DllMain@12                10021f00 f   xpctarget.obj
 0001:00020f10       _SLRTSetErrorStatus        10021f10 f   xpctarget.obj
 0001:00020f30       _changeStepSize            10021f30 f   xpctarget.obj
 0001:00020fd0       _getDLMVersion             10021fd0 f   xpctarget.obj
 0001:00020fe0       _getRefMdlPath             10021fe0 f   xpctarget.obj
 0001:00021060       _getRefMdlSignalNumber     10022060 f   xpctarget.obj
 0001:00021110       _getrlmdlinfo              10022110 f   xpctarget.obj
 0001:000212f0       _updateDiscreteEvents      100222f0 f   xpctarget.obj
 0001:00021350       _getNumRef                 10022350 f   appmappingData.obj
 0001:00021360       _vprintf                   10022360 f i legacy_stdio.obj
 0001:000213a0       _adnipcim                  100223a0 f   adnipcim.obj
 0001:00021d70       _danipcim                  10022d70 f   danipcim.obj
 0001:00022510       _dinipcim                  10023510 f   dinipcim.obj
 0001:000228b0       _donipcim                  100238b0 f   donipcim.obj
 0001:00022da0       _fiforead                  10023da0 f   fiforead.obj
 0001:000234c0       _fiforeadhdr               100244c0 f   fiforeadhdr.obj
 0001:00024010       _fifowrite                 10025010 f   fifowrite.obj
 0001:00024730       _filterqua                 10025730 f   filterqua.obj
 0001:00024a40       _iqueryqua                 10025a40 f   iqueryqua.obj
 0001:00025160       _pfidinipcim               10026160 f   pfidinipcim.obj
 0001:00025760       _pfidonipcim               10026760 f   pfidonipcim.obj
 0001:00025ac0       _serreadqua                10026ac0 f   serreadqua.obj
 0001:00025d70       _sertxenable               10026d70 f   sertxenable.obj
 0001:000261d0       _serwritequa               100271d0 f   serwritequa.obj
 0001:00026810       _setupqua                  10027810 f   setupqua.obj
 0001:00026860       _DaysPerMonthCumulative    10027860 f   xpcwalltime.obj
 0001:000268a0       _IsLeapYear                100278a0 f   xpcwalltime.obj
 0001:00026910       _LocalTimeDelta            10027910 f   xpcwalltime.obj
 0001:00026ad0       _TimeDelta                 10027ad0 f   xpcwalltime.obj
 0001:00027110       _rt_at_clk_is_bcd          10028110 f   xpcwalltime.obj
 0001:00027140       _rt_at_clk_is_uip          10028140 f   xpcwalltime.obj
 0001:00027170       _rt_at_clk_read_alarm      10028170 f   xpcwalltime.obj
 0001:00027240       _rt_at_clk_read_date       10028240 f   xpcwalltime.obj
 0001:00027430       _rt_at_clk_read_dow        10028430 f   xpcwalltime.obj
 0001:000274a0       _rt_at_clk_read_status_a   100284a0 f   xpcwalltime.obj
 0001:000274f0       _rt_at_clk_read_status_b   100284f0 f   xpcwalltime.obj
 0001:00027590       _rt_at_clk_read_status_c   10028590 f   xpcwalltime.obj
 0001:000275f0       _rt_at_clk_read_status_d   100285f0 f   xpcwalltime.obj
 0001:00027620       _xpcwalltime               10028620 f   xpcwalltime.obj
 0001:000276d0       _niMIdentify               100286d0 f   xpcionim.obj
 0001:00027850       _niM_AISetup               10028850 f   xpcionim.obj
 0001:00027c60       _niM_AO_Setup              10028c60 f   xpcionim.obj
 0001:00027df0       _niM_Cont_Pulse_Train_Generation 10028df0 f   xpcionim.obj
 0001:00027f30       _niM_Counter_Reset_All     10028f30 f   xpcionim.obj
 0001:00027fe0       _niM_CtrArm                10028fe0 f   xpcionim.obj
 0001:00028000       _niM_CtrDisarm             10029000 f   xpcionim.obj
 0001:00028020       _niM_CtrReadArm            10029020 f   xpcionim.obj
 0001:00028040       _niM_CtrReadDisarm         10029040 f   xpcionim.obj
 0001:00028060       _niM_PeriodConfigure       10029060 f   xpcionim.obj
 0001:000281d0       _niM_Private_Data          100291d0 f   xpcionim.obj
 0001:000287b0       _niM_SetPFIFilter          100297b0 f   xpcionim.obj
 0001:00028830       _niM_SetPFI_DO             10029830 f   xpcionim.obj
 0001:00028870       _niM_SetPFI_Select         10029870 f   xpcionim.obj
 0001:000288f0       _niM_aiConfigureChannel    100298f0 f   xpcionim.obj
 0001:00028960       _niM_aiGetScalingCoefficients 10029960 f   xpcionim.obj
 0001:00028b40       _niM_aiPolynomialScaler    10029b40 f   xpcionim.obj
 0001:00028c70       _niM_analogTriggerReset    10029c70 f   xpcionim.obj
 0001:00028cc0       _niM_aoConfigureDAC        10029cc0 f   xpcionim.obj
 0001:00028d10       _niM_aoGetScalingCoefficients 10029d10 f   xpcionim.obj
 0001:00028dc0       _niM_aoLinearScaler        10029dc0 f   xpcionim.obj
 0001:00028df0       _niM_configureTimebase     10029df0 f   xpcionim.obj
 0001:00028e10       _niM_eepromReadMSeries     10029e10 f   xpcionim.obj
 0001:00028ee0       _niM_pllReset              10029ee0 f   xpcionim.obj
 0001:00028f10       _niM_resetCtr              10029f10 f   xpcionim.obj
 0001:00028f30       _niM_whichBank             10029f30 f   xpcionim.obj
 0001:00028f70       _niMconfig                 10029f70 f   xpcionim.obj
 0001:00029010       _quatechinit               1002a010 f   quatechinit.obj
 0001:00029270       _GetPCIDeviceFull          1002a270 f   xpcruntime:xpcimports.obj
 0001:000292b0       _ShowPCIDevice             1002a2b0 f   xpcruntime:xpcimports.obj
 0001:00029ab0       _xpcGetPciConfigAtSlot     1002aab0 f   xpcruntime:xpcimports.obj
 0001:00029dd0       _xpcInitProcs              1002add0 f   xpcruntime:xpcimports.obj
 0001:0002b130       _xpceuploadevent           1002c130 f   xpcruntime:xpcimports.obj
 0001:0002b140       _restoreInterrupts         1002c140 f   xpcruntime:xpcPCFunctions.obj
 0001:0002b150       _rl32eGetTicksDouble       1002c150 f   xpcruntime:xpcPCFunctions.obj
 0001:0002b1e0       _saveAndDisableInterrupts  1002c1e0 f   xpcruntime:xpcPCFunctions.obj
 0001:0002b200       _xPCSubtractTime           1002c200 f   xpcruntime:xpcPCFunctions.obj
 0001:0002b230       _xpcSubtractTime           1002c230 f   xpcruntime:xpcPCFunctions.obj
 0001:0002b302       ___raise_securityfailure   1002c302 f   LIBCMT:gs_report.obj
 0001:0002b334       ___report_gsfailure        1002c334 f   LIBCMT:gs_report.obj
 0001:0002b46d       ___report_rangecheckfailure 1002c46d f   LIBCMT:gs_report.obj
 0001:0002b47c       ___report_securityfailure  1002c47c f   LIBCMT:gs_report.obj
 0001:0002b580       ___report_securityfailureEx 1002c580 f   LIBCMT:gs_report.obj
 0001:0002b6db       @__security_check_cookie@4 1002c6db f   LIBCMT:_secchk_.obj
 0001:0002b6f0       __ftoui3                   1002c6f0 f   LIBCMT:_ftol3_.obj
 0001:0002b6ff       __ftoul3                   1002c6ff f   LIBCMT:_ftol3_.obj
 0001:0002b70e       __ftol3                    1002c70e f   LIBCMT:_ftol3_.obj
 0001:0002b71b       __ftol3_NaN                1002c71b f   LIBCMT:_ftol3_.obj
 0001:0002b733       __ftol3_work               1002c733 f   LIBCMT:_ftol3_.obj
 0001:0002b7b9       __ftol3_common             1002c7b9 f   LIBCMT:_ftol3_.obj
 0001:0002b87b       __ftol3_arg_error          1002c87b f   LIBCMT:_ftol3_.obj
 0001:0002b88d       __ftol3_except             1002c88d f   LIBCMT:_ftol3_.obj
 0001:0002b8d1       __dtoui3                   1002c8d1 f   LIBCMT:_ftol3_.obj
 0001:0002b8e0       __dtoul3                   1002c8e0 f   LIBCMT:_ftol3_.obj
 0001:0002b8ef       __dtol3                    1002c8ef f   LIBCMT:_ftol3_.obj
 0001:0002b8fc       __dtol3_NaN                1002c8fc f   LIBCMT:_ftol3_.obj
 0001:0002b919       __dtol3_work               1002c919 f   LIBCMT:_ftol3_.obj
 0001:0002ba00       __ultod3                   1002ca00 f   LIBCMT:_ftol3_.obj
 0001:0002ba40       __ltod3                    1002ca40 f   LIBCMT:_ftol3_.obj
 0001:0002bb44       ___isa_available_init      1002cb44 f   LIBCMT:_cpu_disp_.obj
 0001:0002c125       __CRT_INIT@12              1002d125 f   LIBCMT:dll_dllmain.obj
 0001:0002c130       __DllMainCRTStartup@12     1002d130 f   LIBCMT:dll_dllmain.obj
 0001:0002c15b       ??$__crt_fast_decode_pointer@PAP6AXXZ@@YAPAP6AXXZQAP6AXXZ@Z 1002d15b f i LIBCMT:utility.obj
 0001:0002c174       ??$__crt_fast_encode_pointer@PAP6AXXZ@@YAPAP6AXXZQAP6AXXZ@Z 1002d174 f i LIBCMT:utility.obj
 0001:0002c198       ?__crt_rotate_pointer_value@@YAIIH@Z 1002d198 f i LIBCMT:utility.obj
 0001:0002c23c       _NtCurrentTeb              1002d23c f i LIBCMT:utility.obj
 0001:0002c243       ___scrt_acquire_startup_lock 1002d243 f   LIBCMT:utility.obj
 0001:0002c285       ___scrt_dllmain_after_initialize_c 1002d285 f   LIBCMT:utility.obj
 0001:0002c2a3       ___scrt_dllmain_before_initialize_c 1002d2a3 f   LIBCMT:utility.obj
 0001:0002c2b4       ___scrt_dllmain_crt_thread_attach 1002d2b4 f   LIBCMT:utility.obj
 0001:0002c2da       ___scrt_dllmain_crt_thread_detach 1002d2da f   LIBCMT:utility.obj
 0001:0002c2ea       ___scrt_dllmain_exception_filter 1002d2ea f   LIBCMT:utility.obj
 0001:0002c329       ___scrt_dllmain_uninitialize_c 1002d329 f   LIBCMT:utility.obj
 0001:0002c354       ___scrt_dllmain_uninitialize_critical 1002d354 f   LIBCMT:utility.obj
 0001:0002c364       ___scrt_initialize_crt     1002d364 f   LIBCMT:utility.obj
 0001:0002c3ab       ___scrt_initialize_onexit_tables 1002d3ab f   LIBCMT:utility.obj
 0001:0002c467       ___scrt_is_nonwritable_in_current_image 1002d467 f   LIBCMT:utility.obj
 0001:0002c517       ___scrt_release_startup_lock 1002d517 f   LIBCMT:utility.obj
 0001:0002c53b       ___scrt_uninitialize_crt   1002d53b f   LIBCMT:utility.obj
 0001:0002c56d       __onexit                   1002d56d f   LIBCMT:utility.obj
 0001:0002c5b6       _at_quick_exit             1002d5b6 f   LIBCMT:utility.obj
 0001:0002c5f3       _atexit                    1002d5f3 f   LIBCMT:utility.obj
 0001:0002c60d       ___security_init_cookie    1002d60d f   LIBCMT:gs_support.obj
 0001:0002c6d0       ?__scrt_initialize_type_info@@YAXXZ 1002d6d0 f   LIBCMT:tncleanup.obj
 0001:0002c6df       ?__scrt_uninitialize_type_info@@YAXXZ 1002d6df f   LIBCMT:tncleanup.obj
 0001:0002c6ee       ___local_stdio_scanf_options 1002d6ee f i LIBCMT:default_local_stdio_options.obj
 0001:0002c6f4       ___scrt_initialize_default_local_stdio_options 1002d6f4 f   LIBCMT:default_local_stdio_options.obj
 0001:0002c718       ___scrt_get_dyn_tls_init_callback 1002d718 f   LIBCMT:dyn_tls_init.obj
 0001:0002c71e       ___scrt_fastfail           1002d71e f   LIBCMT:utility_desktop.obj
 0001:0002c87f       ___scrt_get_show_window_mode 1002d87f f   LIBCMT:utility_desktop.obj
 0001:0002c8be       ___scrt_initialize_winrt   1002d8be f   LIBCMT:utility_desktop.obj
 0001:0002c8c1       ___scrt_is_managed_app     1002d8c1 f   LIBCMT:utility_desktop.obj
 0001:0002c916       ___scrt_set_unhandled_exception_filter 1002d916 f   LIBCMT:utility_desktop.obj
 0001:0002c925       ___scrt_unhandled_exception_filter@4 1002d925 f   LIBCMT:utility_desktop.obj
 0001:0002c976       __crt_debugger_hook        1002d976 f   LIBCMT:utility_desktop.obj
 0001:0002c980       __RTC_Initialize           1002d980 f   LIBCMT:_initsect_.obj
 0001:0002c9b5       __RTC_Terminate            1002d9b5 f   LIBCMT:_initsect_.obj
 0001:0002c9ea       @_guard_check_icall@4      1002d9ea f i LIBCMT:checkcfg.obj
 0001:0002c9f0       __SEH_prolog4              1002d9f0 f   LIBCMT:_sehprolg4_.obj
 0001:0002ca36       __SEH_epilog4              1002da36 f   LIBCMT:_sehprolg4_.obj
 0001:0002ca61       ___scrt_is_ucrt_dll_in_use 1002da61 f   LIBCMT:ucrt_detection.obj
 0001:0002ca70       @_guard_check_icall_nop@4  1002da70 f i LIBCMT:guard_support.obj
 0001:0002ca71       __guard_icall_checks_enforced 1002da71 f i LIBCMT:guard_support.obj
 0001:0002ca88       _GetModuleHandleA@4        1002da88 f   kernel32:KERNEL32.dll
 0001:0002ca8e       _GetProcAddress@8          1002da8e f   kernel32:KERNEL32.dll
 0001:0002ca94       _UnhandledExceptionFilter@4 1002da94 f   kernel32:KERNEL32.dll
 0001:0002ca9a       _SetUnhandledExceptionFilter@4 1002da9a f   kernel32:KERNEL32.dll
 0001:0002caa0       _GetCurrentProcess@0       1002daa0 f   kernel32:KERNEL32.dll
 0001:0002caa6       _TerminateProcess@8        1002daa6 f   kernel32:KERNEL32.dll
 0001:0002caac       _IsProcessorFeaturePresent@4 1002daac f   kernel32:KERNEL32.dll
 0001:0002cab2       _QueryPerformanceCounter@4 1002dab2 f   kernel32:KERNEL32.dll
 0001:0002cab8       _GetCurrentProcessId@0     1002dab8 f   kernel32:KERNEL32.dll
 0001:0002cabe       _GetCurrentThreadId@0      1002dabe f   kernel32:KERNEL32.dll
 0001:0002cac4       _GetSystemTimeAsFileTime@4 1002dac4 f   kernel32:KERNEL32.dll
 0001:0002caca       _InitializeSListHead@4     1002daca f   kernel32:KERNEL32.dll
 0001:0002cad0       _IsDebuggerPresent@0       1002dad0 f   kernel32:KERNEL32.dll
 0001:0002cad6       _GetStartupInfoW@4         1002dad6 f   kernel32:KERNEL32.dll
 0001:0002cadc       _GetModuleHandleW@4        1002dadc f   kernel32:KERNEL32.dll
 0001:0002caf0       _memset                    1002daf0 f   libvcruntime:memset.obj
 0001:0002cca0       _memcpy                    1002dca0 f   libvcruntime:memcpy.obj
 0001:0002d380       _memmove                   1002e380 f   libvcruntime:memmove.obj
 0001:0002da60       _strchr                    1002ea60 f   libvcruntime:strchr.obj
 0001:0002dace       ___from_strstr_to_strchr   1002eace     libvcruntime:strchr.obj
 0001:0002dc1e       _EventDataDescCreate       1002ec1e f i libvcruntime:telemetry.obj
 0001:0002dc3f       _HRESULT_FROM_WIN32        1002ec3f f i libvcruntime:telemetry.obj
 0001:0002dc58       ___telemetry_main_invoke_trigger 1002ec58 f   libvcruntime:telemetry.obj
 0001:0002dd1b       ___telemetry_main_return_trigger 1002ed1b f   libvcruntime:telemetry.obj
 0001:0002ddde       ___vcrt_initialize_telemetry_provider 1002edde f   libvcruntime:telemetry.obj
 0001:0002ddf5       ___vcrt_uninitialize_telemetry_provider 1002edf5 f   libvcruntime:telemetry.obj
 0001:0002de50       __except_handler4          1002ee50 f   libvcruntime:_chandler4_.obj
 0001:0002e000       ___vcrt_initialize         1002f000 f   libvcruntime:initialization.obj
 0001:0002e039       ___vcrt_thread_attach      1002f039 f   libvcruntime:initialization.obj
 0001:0002e046       ___vcrt_thread_detach      1002f046 f   libvcruntime:initialization.obj
 0001:0002e053       ___vcrt_uninitialize       1002f053 f   libvcruntime:initialization.obj
 0001:0002e080       ___vcrt_uninitialize_critical 1002f080 f   libvcruntime:initialization.obj
 0001:0002e09b       ??$?RD@__crt_internal_free_policy@@QBEXQBD@Z 1002f09b f i libvcruntime:std_type_info.obj
 0001:0002e0af       ??$?RX@__crt_internal_free_policy@@QBEXQBX@Z 1002f0af f i libvcruntime:std_type_info.obj
 0001:0002e0c3       ??$__crt_interlocked_compare_exchange_pointer@$$CBD$$T$$T@@YAPBDPDSBD$$T1@Z 1002f0c3 f i libvcruntime:std_type_info.obj
 0001:0002e0d9       ??$__crt_interlocked_compare_exchange_pointer@$$CBDPAD$$T@@YAPBDPDSBDQAD$$T@Z 1002f0d9 f i libvcruntime:std_type_info.obj
 0001:0002e0ef       ??$__crt_interlocked_read_pointer@$$CBD@@YAPBDPDSBD@Z 1002f0ef f i libvcruntime:std_type_info.obj
 0001:0002e103       ??0?$__crt_unique_heap_ptr@DU__crt_internal_free_policy@@@@QAE@QAD@Z 1002f103 f i libvcruntime:std_type_info.obj
 0001:0002e114       ??0?$__crt_unique_heap_ptr@XU__crt_internal_free_policy@@@@QAE@QAX@Z 1002f114 f i libvcruntime:std_type_info.obj
 0001:0002e125       ??1?$__crt_unique_heap_ptr@DU__crt_internal_free_policy@@@@QAE@XZ 1002f125 f i libvcruntime:std_type_info.obj
 0001:0002e139       ??1?$__crt_unique_heap_ptr@XU__crt_internal_free_policy@@@@QAE@XZ 1002f139 f i libvcruntime:std_type_info.obj
 0001:0002e159       ??B?$__crt_unique_heap_ptr@DU__crt_internal_free_policy@@@@QBE_NXZ 1002f159 f i libvcruntime:std_type_info.obj
 0001:0002e163       ??B?$__crt_unique_heap_ptr@XU__crt_internal_free_policy@@@@QBE_NXZ 1002f163 f i libvcruntime:std_type_info.obj
 0001:0002e195       ?detach@?$__crt_unique_heap_ptr@XU__crt_internal_free_policy@@@@QAEPAXXZ 1002f195 f i libvcruntime:std_type_info.obj
 0001:0002e19b       ?get@?$__crt_unique_heap_ptr@DU__crt_internal_free_policy@@@@QBEPADXZ 1002f19b f i libvcruntime:std_type_info.obj
 0001:0002e19e       ?get@?$__crt_unique_heap_ptr@XU__crt_internal_free_policy@@@@QBEPAXXZ 1002f19e f i libvcruntime:std_type_info.obj
 0001:0002e1a1       ?is_valid@?$__crt_unique_heap_ptr@DU__crt_internal_free_policy@@@@QBE_NXZ 1002f1a1 f i libvcruntime:std_type_info.obj
 0001:0002e1ab       ?is_valid@?$__crt_unique_heap_ptr@XU__crt_internal_free_policy@@@@QBE_NXZ 1002f1ab f i libvcruntime:std_type_info.obj
 0001:0002e1b5       ?release@?$__crt_unique_heap_ptr@DU__crt_internal_free_policy@@@@QAEXXZ 1002f1b5 f i libvcruntime:std_type_info.obj
 0001:0002e1c9       ?release@?$__crt_unique_heap_ptr@XU__crt_internal_free_policy@@@@QAEXXZ 1002f1c9 f i libvcruntime:std_type_info.obj
 0001:0002e1dd       ___std_type_info_compare   1002f1dd f   libvcruntime:std_type_info.obj
 0001:0002e228       ___std_type_info_destroy_list 1002f228 f   libvcruntime:std_type_info.obj
 0001:0002e253       ___std_type_info_hash      1002f253 f   libvcruntime:std_type_info.obj
 0001:0002e282       ___std_type_info_name      1002f282 f   libvcruntime:std_type_info.obj
 0001:0002e37f       ??$?BX@__crt_fast_encoded_nullptr_t@@QBEPAXXZ 1002f37f f i libvcruntime:winapi_downlevel.obj
 0001:0002e39d       ??$__crt_fast_decode_pointer@PAX@@YAPAXQAX@Z 1002f39d f i libvcruntime:winapi_downlevel.obj
 0001:0002e3b6       ??$__crt_fast_encode_pointer@PAX@@YAPAXQAX@Z 1002f3b6 f i libvcruntime:winapi_downlevel.obj
 0001:0002e3da       ??$__crt_interlocked_compare_exchange_pointer@UHINSTANCE__@@$$T$$T@@YAPAUHINSTANCE__@@PDSAU0@$$T1@Z 1002f3da f i libvcruntime:winapi_downlevel.obj
 0001:0002e3f0       ??$__crt_interlocked_compare_exchange_pointer@X$$T$$T@@YAPAXPDSAX$$T1@Z 1002f3f0 f i libvcruntime:winapi_downlevel.obj
 0001:0002e406       ??$__crt_interlocked_exchange_pointer@UHINSTANCE__@@PAU1@@@YAPAUHINSTANCE__@@PDSAU0@QAU0@@Z 1002f406 f i libvcruntime:winapi_downlevel.obj
 0001:0002e416       ??$__crt_interlocked_exchange_pointer@UHINSTANCE__@@PAX@@YAPAUHINSTANCE__@@PDSAU0@QAX@Z 1002f416 f i libvcruntime:winapi_downlevel.obj
 0001:0002e426       ??$__crt_interlocked_exchange_pointer@XPAX@@YAPAXPDSAXQAX@Z 1002f426 f i libvcruntime:winapi_downlevel.obj
 0001:0002e436       ??$__crt_interlocked_read_pointer@UHINSTANCE__@@@@YAPAUHINSTANCE__@@PDSAU0@@Z 1002f436 f i libvcruntime:winapi_downlevel.obj
 0001:0002e44a       ??$__crt_interlocked_read_pointer@X@@YAPAXPDSAX@Z 1002f44a f i libvcruntime:winapi_downlevel.obj
 0001:0002e45e       ?__crt_fast_encode_pointer@@YA?AU__crt_fast_encoded_nullptr_t@@$$T@Z 1002f45e f i libvcruntime:winapi_downlevel.obj
 0001:0002e7a2       ___vcrt_EventRegister      1002f7a2 f   libvcruntime:winapi_downlevel.obj
 0001:0002e7f2       ___vcrt_EventSetInformation 1002f7f2 f   libvcruntime:winapi_downlevel.obj
 0001:0002e845       ___vcrt_EventUnregister    1002f845 f   libvcruntime:winapi_downlevel.obj
 0001:0002e88d       ___vcrt_EventWriteTransfer 1002f88d f   libvcruntime:winapi_downlevel.obj
 0001:0002e8e8       ___vcrt_FlsAlloc           1002f8e8 f   libvcruntime:winapi_downlevel.obj
 0001:0002e930       ___vcrt_FlsFree            1002f930 f   libvcruntime:winapi_downlevel.obj
 0001:0002e978       ___vcrt_FlsGetValue        1002f978 f   libvcruntime:winapi_downlevel.obj
 0001:0002e9c0       ___vcrt_FlsSetValue        1002f9c0 f   libvcruntime:winapi_downlevel.obj
 0001:0002ea0c       ___vcrt_InitializeCriticalSectionEx 1002fa0c f   libvcruntime:winapi_downlevel.obj
 0001:0002ea63       ___vcrt_initialize_winapi_thunks 1002fa63 f   libvcruntime:winapi_downlevel.obj
 0001:0002ea90       ___vcrt_uninitialize_winapi_thunks 1002fa90 f   libvcruntime:winapi_downlevel.obj
 0001:0002ead0       __local_unwind4            1002fad0 f   libvcruntime:_exsup4_.obj
 0001:0002eba6       __seh_longjmp_unwind4@4    1002fba6 f   libvcruntime:_exsup4_.obj
 0001:0002ebce       @_EH4_CallFilterFunc@8     1002fbce f   libvcruntime:_exsup4_.obj
 0001:0002ebe5       @_EH4_TransferToHandler@8  1002fbe5 f   libvcruntime:_exsup4_.obj
 0001:0002ebfe       @_EH4_GlobalUnwind2@8      1002fbfe f   libvcruntime:_exsup4_.obj
 0001:0002ec17       @_EH4_LocalUnwind@16       1002fc17 f   libvcruntime:_exsup4_.obj
 0001:0002ec85       ___except_validate_context_record 1002fc85 f   libvcruntime:jbcxrval.obj
 0001:0002ec86       ___except_validate_jump_buffer 1002fc86 f   libvcruntime:jbcxrval.obj
 0001:0002ec87       ??$?RU__vcrt_ptd@@@__crt_internal_free_policy@@QBEXQBU__vcrt_ptd@@@Z 1002fc87 f i libvcruntime:per_thread_data.obj
 0001:0002ec9b       ??0?$__crt_unique_heap_ptr@U__vcrt_ptd@@U__crt_internal_free_policy@@@@QAE@QAU__vcrt_ptd@@@Z 1002fc9b f i libvcruntime:per_thread_data.obj
 0001:0002ecac       ??1?$__crt_unique_heap_ptr@U__vcrt_ptd@@U__crt_internal_free_policy@@@@QAE@XZ 1002fcac f i libvcruntime:per_thread_data.obj
 0001:0002ecc0       ??B?$__crt_unique_heap_ptr@U__vcrt_ptd@@U__crt_internal_free_policy@@@@QBE_NXZ 1002fcc0 f i libvcruntime:per_thread_data.obj
 0001:0002ecca       ?detach@?$__crt_unique_heap_ptr@U__vcrt_ptd@@U__crt_internal_free_policy@@@@QAEPAU__vcrt_ptd@@XZ 1002fcca f i libvcruntime:per_thread_data.obj
 0001:0002ecd0       ?get@?$__crt_unique_heap_ptr@U__vcrt_ptd@@U__crt_internal_free_policy@@@@QBEPAU__vcrt_ptd@@XZ 1002fcd0 f i libvcruntime:per_thread_data.obj
 0001:0002ecd3       ?is_valid@?$__crt_unique_heap_ptr@U__vcrt_ptd@@U__crt_internal_free_policy@@@@QBE_NXZ 1002fcd3 f i libvcruntime:per_thread_data.obj
 0001:0002ecdd       ?release@?$__crt_unique_heap_ptr@U__vcrt_ptd@@U__crt_internal_free_policy@@@@QAEXXZ 1002fcdd f i libvcruntime:per_thread_data.obj
 0001:0002ed11       ___vcrt_freefls@4          1002fd11 f   libvcruntime:per_thread_data.obj
 0001:0002ed34       ___vcrt_freeptd            1002fd34 f   libvcruntime:per_thread_data.obj
 0001:0002ed77       ___vcrt_getptd             1002fd77 f   libvcruntime:per_thread_data.obj
 0001:0002ed88       ___vcrt_getptd_noexit      1002fd88 f   libvcruntime:per_thread_data.obj
 0001:0002ee1e       ___vcrt_initialize_ptd     1002fe1e f   libvcruntime:per_thread_data.obj
 0001:0002ee5d       ___vcrt_uninitialize_ptd   1002fe5d f   libvcruntime:per_thread_data.obj
 0001:0002ee7e       ___vcrt_initialize_locks   1002fe7e f   libvcruntime:locks.obj
 0001:0002eec9       ___vcrt_lock               1002fec9 f   libvcruntime:locks.obj
 0001:0002eee3       ___vcrt_uninitialize_locks 1002fee3 f   libvcruntime:locks.obj
 0001:0002ef1d       ___vcrt_unlock             1002ff1d f   libvcruntime:locks.obj
 0001:0002ef37       ??$?B$$A6AXXZ@__crt_fast_encoded_nullptr_t@@QBEP6AXXZXZ 1002ff37 f i libvcruntime:purevirt_data.obj
 0001:0002ef55       ??$__crt_fast_encode_pointer@P6AXXZ@@YAP6AXXZQ6AXXZ@Z 1002ff55 f i libvcruntime:purevirt_data.obj
 0001:0002ef79       ___vcrt_initialize_pure_virtual_call_handler 1002ff79 f   libvcruntime:purevirt_data.obj
 0001:0002ef9d       ??$__vcrt_va_start_verify_argument_type@QBD@@YAXXZ 1002ff9d f i libvcruntime:undname.obj
 0001:0002ef9e       ??0Block@_HeapManager@@QAE@XZ 1002ff9e f i libvcruntime:undname.obj
 0001:0002efa4       ??0DName@@QAE@AAPBDD@Z     1002ffa4 f   libvcruntime:undname.obj
 0001:0002f08b       ??0DName@@QAE@ABV0@@Z      1003008b f i libvcruntime:undname.obj
 0001:0002f0a6       ??0DName@@QAE@D@Z          100300a6 f   libvcruntime:undname.obj
 0001:0002f0dd       ??0DName@@QAE@PAV0@@Z      100300dd f   libvcruntime:undname.obj
 0001:0002f13d       ??0DName@@QAE@PBD@Z        1003013d f   libvcruntime:undname.obj
 0001:0002f185       ??0DName@@QAE@W4DNameStatus@@@Z 10030185 f   libvcruntime:undname.obj
 0001:0002f1d8       ??0DName@@QAE@XZ           100301d8 f i libvcruntime:undname.obj
 0001:0002f1ed       ??0DName@@QAE@_J@Z         100301ed f   libvcruntime:undname.obj
 0001:0002f2a7       ??0DName@@QAE@_K@Z         100302a7 f   libvcruntime:undname.obj
 0001:0002f331       ??0DNameNode@@IAE@XZ       10030331 f   libvcruntime:undname.obj
 0001:0002f33c       ??0DNameStatusNode@@AAE@W4DNameStatus@@@Z 1003033c f   libvcruntime:undname.obj
 0001:0002f367       ??0Replicator@@QAE@XZ      10030367 f i libvcruntime:undname.obj
 0001:0002f36d       ??0UnDecorator@@QAE@PADPBDHP6APADJ@ZK@Z 1003036d f i libvcruntime:undname.obj
 0001:0002f3f0       ??0charNode@@QAE@D@Z       100303f0 f   libvcruntime:undname.obj
 0001:0002f40a       ??0pDNameNode@@QAE@PAVDName@@@Z 1003040a f   libvcruntime:undname.obj
 0001:0002f43c       ??0pairNode@@QAE@PAVDNameNode@@0@Z 1003043c f   libvcruntime:undname.obj
 0001:0002f462       ??0pcharNode@@QAE@PBDH@Z   10030462 f   libvcruntime:undname.obj
 0001:0002f4d1       ??2@YAPAXIAAV_HeapManager@@H@Z 100304d1 f i libvcruntime:undname.obj
 0001:0002f4eb       ??4DName@@QAEAAV0@ABV0@@Z  100304eb f   libvcruntime:undname.obj
 0001:0002f506       ??4DName@@QAEAAV0@D@Z      10030506 f i libvcruntime:undname.obj
 0001:0002f53d       ??4DName@@QAEAAV0@PAV0@@Z  1003053d f   libvcruntime:undname.obj
 0001:0002f598       ??4DName@@QAEAAV0@PBD@Z    10030598 f   libvcruntime:undname.obj
 0001:0002f5d6       ??4DName@@QAEAAV0@W4DNameStatus@@@Z 100305d6 f   libvcruntime:undname.obj
 0001:0002f618       ??AReplicator@@QBE?AVDName@@H@Z 10030618 f   libvcruntime:undname.obj
 0001:0002f663       ??BUnDecorator@@QAEPADXZ   10030663 f i libvcruntime:undname.obj
 0001:0002f83c       ??H@YA?AVDName@@DABV0@@Z   1003083c f i libvcruntime:undname.obj
 0001:0002f869       ??H@YA?AVDName@@PBDABV0@@Z 10030869 f i libvcruntime:undname.obj
 0001:0002f896       ??H@YA?AVDName@@W4DNameStatus@@ABV0@@Z 10030896 f i libvcruntime:undname.obj
 0001:0002f8c3       ??HDName@@QBE?AV0@ABV0@@Z  100308c3 f   libvcruntime:undname.obj
 0001:0002f8ed       ??HDName@@QBE?AV0@D@Z      100308ed f   libvcruntime:undname.obj
 0001:0002f917       ??HDName@@QBE?AV0@PAV0@@Z  10030917 f   libvcruntime:undname.obj
 0001:0002f941       ??HDName@@QBE?AV0@PBD@Z    10030941 f   libvcruntime:undname.obj
 0001:0002f96b       ??HDName@@QBE?AV0@W4DNameStatus@@@Z 1003096b f   libvcruntime:undname.obj
 0001:0002f995       ??YDName@@QAEAAV0@ABV0@@Z  10030995 f   libvcruntime:undname.obj
 0001:0002f9e8       ??YDName@@QAEAAV0@D@Z      100309e8 f   libvcruntime:undname.obj
 0001:0002fa4c       ??YDName@@QAEAAV0@PAV0@@Z  10030a4c f   libvcruntime:undname.obj
 0001:0002faca       ??YDName@@QAEAAV0@PBD@Z    10030aca f   libvcruntime:undname.obj
 0001:0002fb43       ??YDName@@QAEAAV0@W4DNameStatus@@@Z 10030b43 f   libvcruntime:undname.obj
 0001:0002fb93       ??YReplicator@@QAEAAV0@ABVDName@@@Z 10030b93 f   libvcruntime:undname.obj
 0001:0002fbef       ??_5DName@@QAEAAV0@ABV0@@Z 10030bef f   libvcruntime:undname.obj
 0001:0002fc12       ?Constructor@_HeapManager@@QAEXP6APAXI@ZP6AXPAX@Z@Z 10030c12 f i libvcruntime:undname.obj
 0001:0002fc36       ?Destructor@_HeapManager@@QAEXXZ 10030c36 f i libvcruntime:undname.obj
 0001:0002fc7d       ?UScore@UnDecorator@@SAPBDW4Tokens@@@Z 10030c7d f   libvcruntime:undname.obj
 0001:0002fca1       ?append@DName@@AAEXPAVDNameNode@@@Z 10030ca1 f   libvcruntime:undname.obj
 0001:0002fcf8       ?composeDeclaration@UnDecorator@@CA?AVDName@@ABV2@@Z 10030cf8 f i libvcruntime:undname.obj
 0001:00030d62       ?doAccessSpecifiers@UnDecorator@@SAHXZ 10031d62 f i libvcruntime:undname.obj
 0001:00030d73       ?doAllocationLanguage@UnDecorator@@SAHXZ 10031d73 f i libvcruntime:undname.obj
 0001:00030d84       ?doAllocationModel@UnDecorator@@SAHXZ 10031d84 f i libvcruntime:undname.obj
 0001:00030d95       ?doEcsu@UnDecorator@@SAHXZ 10031d95 f i libvcruntime:undname.obj
 0001:00030da6       ?doEllipsis@UnDecorator@@SAHXZ 10031da6 f i libvcruntime:undname.obj
 0001:00030db7       ?doFunctionReturns@UnDecorator@@SAHXZ 10031db7 f i libvcruntime:undname.obj
 0001:00030dc8       ?doMSKeywords@UnDecorator@@SAHXZ 10031dc8 f i libvcruntime:undname.obj
 0001:00030dd8       ?doMemberTypes@UnDecorator@@SAHXZ 10031dd8 f i libvcruntime:undname.obj
 0001:00030de9       ?doNameOnly@UnDecorator@@SAHXZ 10031de9 f i libvcruntime:undname.obj
 0001:00030df6       ?doNoIdentCharCheck@UnDecorator@@SAHXZ 10031df6 f i libvcruntime:undname.obj
 0001:00030e03       ?doPchar@DName@@AAEXPBDH@Z 10031e03 f   libvcruntime:undname.obj
 0001:00030eaf       ?doPtr64@UnDecorator@@SAHXZ 10031eaf f i libvcruntime:undname.obj
 0001:00030ec0       ?doRestrictionSpec@UnDecorator@@SAHXZ 10031ec0 f i libvcruntime:undname.obj
 0001:00030ed1       ?doThisTypes@UnDecorator@@SAHXZ 10031ed1 f i libvcruntime:undname.obj
 0001:00030ee7       ?doThrowTypes@UnDecorator@@SAHXZ 10031ee7 f i libvcruntime:undname.obj
 0001:00030ef8       ?doTypeOnly@UnDecorator@@SAHXZ 10031ef8 f i libvcruntime:undname.obj
 0001:00030f05       ?doUnderScore@UnDecorator@@SAHXZ 10031f05 f i libvcruntime:undname.obj
 0001:00030f12       ?getArgumentList@UnDecorator@@CA?AVDName@@XZ 10031f12 f   libvcruntime:undname.obj
 0001:00031061       ?getArgumentTypes@UnDecorator@@CA?AVDName@@XZ 10032061 f   libvcruntime:undname.obj
 0001:00031179       ?getArrayType@UnDecorator@@CA?AVDName@@ABV2@@Z 10032179 f i libvcruntime:undname.obj
 0001:000313fb       ?getBasedType@UnDecorator@@CA?AVDName@@XZ 100323fb f   libvcruntime:undname.obj
 0001:000314ba       ?getBasicDataType@UnDecorator@@CA?AVDName@@ABV2@@Z 100324ba f   libvcruntime:undname.obj
 0001:0003199f       ?getCallIndex@UnDecorator@@CA?AVDName@@XZ 1003299f f i libvcruntime:undname.obj
 0001:000319b8       ?getCallingConvention@UnDecorator@@CA?AVDName@@XZ 100329b8 f   libvcruntime:undname.obj
 0001:00031aa6       ?getDataIndirectType@UnDecorator@@CA?AVDName@@ABV2@PBD0H@Z 10032aa6 f   libvcruntime:undname.obj
 0001:00032250       ?getDataIndirectType@UnDecorator@@CA?AVDName@@XZ 10033250 f i libvcruntime:undname.obj
 0001:00032297       ?getDataType@UnDecorator@@CA?AVDName@@PAV2@@Z 10033297 f   libvcruntime:undname.obj
 0001:0003239d       ?getDecoratedName@UnDecorator@@CA?AVDName@@XZ 1003339d f   libvcruntime:undname.obj
 0001:0003267c       ?getDimension@UnDecorator@@CA?AVDName@@_N@Z 1003367c f   libvcruntime:undname.obj
 0001:00032800       ?getDispatchTarget@UnDecorator@@CA?AVDName@@XZ 10033800 f   libvcruntime:undname.obj
 0001:00032871       ?getDisplacement@UnDecorator@@CA?AVDName@@XZ 10033871 f i libvcruntime:undname.obj
 0001:0003288a       ?getECSUDataType@UnDecorator@@CA?AVDName@@XZ 1003388a f   libvcruntime:undname.obj
 0001:000329ee       ?getECSUName@UnDecorator@@CA?AVDName@@XZ 100339ee f i libvcruntime:undname.obj
 0001:00032a03       ?getEnumType@UnDecorator@@CA?AVDName@@XZ 10033a03 f i libvcruntime:undname.obj
 0001:00032b2a       ?getExtendedDataIndirectType@UnDecorator@@CA?AVDName@@AAPBDAA_NH@Z 10033b2a f   libvcruntime:undname.obj
 0001:00032d3d       ?getExternalDataType@UnDecorator@@CA?AVDName@@ABV2@@Z 10033d3d f i libvcruntime:undname.obj
 0001:00032dd4       ?getFunctionIndirectType@UnDecorator@@CA?AVDName@@ABV2@@Z 10033dd4 f   libvcruntime:undname.obj
 0001:000332df       ?getGuardNumber@UnDecorator@@CA?AVDName@@XZ 100342df f i libvcruntime:undname.obj
 0001:000332f8       ?getLastChar@DName@@QBEDXZ 100342f8 f i libvcruntime:undname.obj
 0001:0003331e       ?getLastChar@DNameStatusNode@@UBEDXZ 1003431e f i libvcruntime:undname.obj
 0001:0003332d       ?getLastChar@charNode@@UBEDXZ 1003432d f i libvcruntime:undname.obj
 0001:00033331       ?getLastChar@pDNameNode@@UBEDXZ 10034331 f i libvcruntime:undname.obj
 0001:00033342       ?getLastChar@pairNode@@UBEDXZ 10034342 f i libvcruntime:undname.obj
 0001:00033381       ?getLastChar@pcharNode@@UBEDXZ 10034381 f i libvcruntime:undname.obj
 0001:00033397       ?getLexicalFrame@UnDecorator@@CA?AVDName@@XZ 10034397 f i libvcruntime:undname.obj
 0001:000333e3       ?getMemory@_HeapManager@@QAEPAXIH@Z 100343e3 f   libvcruntime:undname.obj
 0001:00033494       ?getNumberOfDimensions@UnDecorator@@CAHXZ 10034494 f   libvcruntime:undname.obj
 0001:0003350d       ?getOperatorName@UnDecorator@@CA?AVDName@@_NPA_N@Z 1003450d f i libvcruntime:undname.obj
 0001:00033cbc       ?getPointerType@UnDecorator@@CA?AVDName@@ABV2@0@Z 10034cbc f i libvcruntime:undname.obj
 0001:00033ce1       ?getPointerTypeArray@UnDecorator@@CA?AVDName@@ABV2@0@Z 10034ce1 f i libvcruntime:undname.obj
 0001:00033d06       ?getPrimaryDataType@UnDecorator@@CA?AVDName@@ABV2@@Z 10034d06 f   libvcruntime:undname.obj
 0001:00033f57       ?getPtrRefDataType@UnDecorator@@CA?AVDName@@ABV2@H@Z 10034f57 f   libvcruntime:undname.obj
 0001:00034099       ?getPtrRefType@UnDecorator@@CA?AVDName@@ABV2@0PBD@Z 10035099 f   libvcruntime:undname.obj
 0001:000341d4       ?getReferenceType@UnDecorator@@CA?AVDName@@ABV2@0PBD@Z 100351d4 f i libvcruntime:undname.obj
 0001:000341f7       ?getRestrictionSpec@UnDecorator@@CA?AVDName@@XZ 100351f7 f   libvcruntime:undname.obj
 0001:00034325       ?getReturnType@UnDecorator@@CA?AVDName@@PAV2@@Z 10035325 f   libvcruntime:undname.obj
 0001:0003435f       ?getScope@UnDecorator@@CA?AVDName@@XZ 1003535f f   libvcruntime:undname.obj
 0001:00034834       ?getScopedName@UnDecorator@@CA?AVDName@@XZ 10035834 f   libvcruntime:undname.obj
 0001:0003496d       ?getSignedDimension@UnDecorator@@CA?AVDName@@XZ 1003596d f   libvcruntime:undname.obj
 0001:000349d4       ?getStorageConvention@UnDecorator@@CA?AVDName@@XZ 100359d4 f i libvcruntime:undname.obj
 0001:000349e9       ?getString@DName@@QBEPADPAD0@Z 100359e9 f i libvcruntime:undname.obj
 0001:00034a20       ?getString@DName@@QBEPADPADH@Z 10035a20 f i libvcruntime:undname.obj
 0001:00034a8b       ?getString@DNameStatusNode@@UBEPADPAD0@Z 10035a8b f i libvcruntime:undname.obj
 0001:00034abb       ?getString@charNode@@UBEPADPAD0@Z 10035abb f i libvcruntime:undname.obj
 0001:00034ad5       ?getString@pDNameNode@@UBEPADPAD0@Z 10035ad5 f i libvcruntime:undname.obj
 0001:00034af1       ?getString@pairNode@@UBEPADPAD0@Z 10035af1 f i libvcruntime:undname.obj
 0001:00034b46       ?getString@pcharNode@@UBEPADPAD0@Z 10035b46 f i libvcruntime:undname.obj
 0001:00034b67       ?getStringEncoding@UnDecorator@@CA?AVDName@@PADH@Z 10035b67 f   libvcruntime:undname.obj
 0001:00034c32       ?getStringHelper@@YAPADPAD00H@Z 10035c32 f i libvcruntime:undname.obj
 0001:00034c76       ?getSymbolName@UnDecorator@@CA?AVDName@@XZ 10035c76 f i libvcruntime:undname.obj
 0001:00034cd0       ?getTemplateArgumentList@UnDecorator@@CA?AVDName@@XZ 10035cd0 f   libvcruntime:undname.obj
 0001:00035028       ?getTemplateConstant@UnDecorator@@CA?AVDName@@XZ 10036028 f   libvcruntime:undname.obj
 0001:0003543d       ?getTemplateName@UnDecorator@@CA?AVDName@@_N@Z 1003643d f   libvcruntime:undname.obj
 0001:000355e8       ?getThisType@UnDecorator@@CA?AVDName@@XZ 100365e8 f i libvcruntime:undname.obj
 0001:00035630       ?getThrowTypes@UnDecorator@@CA?AVDName@@XZ 10036630 f   libvcruntime:undname.obj
 0001:000356dc       ?getTypeEncoding@UnDecorator@@CAHXZ 100366dc f i libvcruntime:undname.obj
 0001:00035d1c       ?getVCallThunkType@UnDecorator@@CA?AVDName@@XZ 10036d1c f i libvcruntime:undname.obj
 0001:00035d65       ?getVbTableType@UnDecorator@@CA?AVDName@@ABV2@@Z 10036d65 f i libvcruntime:undname.obj
 0001:00035d7f       ?getVdispMapType@UnDecorator@@CA?AVDName@@ABV2@@Z 10036d7f f i libvcruntime:undname.obj
 0001:00035dea       ?getVfTableType@UnDecorator@@CA?AVDName@@ABV2@@Z 10036dea f i libvcruntime:undname.obj
 0001:00035fa8       ?getZName@UnDecorator@@CA?AVDName@@_N0@Z 10036fa8 f   libvcruntime:undname.obj
 0001:00036278       ?haveTemplateParameters@UnDecorator@@SAHXZ 10037278 f i libvcruntime:undname.obj
 0001:00036285       ?isArray@DName@@QBEHXZ     10037285 f i libvcruntime:undname.obj
 0001:00036291       ?isComArray@DName@@QBEHXZ  10037291 f i libvcruntime:undname.obj
 0001:0003629d       ?isEmpty@DName@@QBEHXZ     1003729d f i libvcruntime:undname.obj
 0001:000362a7       ?isFull@Replicator@@QBEHXZ 100372a7 f i libvcruntime:undname.obj
 0001:000362b2       ?isNoTE@DName@@QBEHXZ      100372b2 f i libvcruntime:undname.obj
 0001:000362be       ?isPinPtr@DName@@QBEHXZ    100372be f i libvcruntime:undname.obj
 0001:000362ca       ?isPtrRef@DName@@QBEHXZ    100372ca f i libvcruntime:undname.obj
 0001:000362d6       ?isUDC@DName@@QBEHXZ       100372d6 f i libvcruntime:undname.obj
 0001:000362eb       ?isUDTThunk@DName@@QBEHXZ  100372eb f i libvcruntime:undname.obj
 0001:00036300       ?isVCallThunk@DName@@QBEHXZ 10037300 f i libvcruntime:undname.obj
 0001:0003630c       ?isValid@DName@@QBEHXZ     1003730c f i libvcruntime:undname.obj
 0001:00036318       ?length@DName@@QBEHXZ      10037318 f i libvcruntime:undname.obj
 0001:0003633d       ?length@DNameStatusNode@@UBEHXZ 1003733d f i libvcruntime:undname.obj
 0001:00036341       ?length@charNode@@UBEHXZ   10037341 f i libvcruntime:undname.obj
 0001:00036345       ?length@pDNameNode@@UBEHXZ 10037345 f i libvcruntime:undname.obj
 0001:00036356       ?length@pairNode@@UBEHXZ   10037356 f i libvcruntime:undname.obj
 0001:000363b2       ?length@pcharNode@@UBEHXZ  100373b2 f i libvcruntime:undname.obj
 0001:000363b6       ?make@DNameStatusNode@@SAPAV1@W4DNameStatus@@@Z 100373b6 f i libvcruntime:undname.obj
 0001:0003645d       ?setIsArray@DName@@QAEXXZ  1003745d f i libvcruntime:undname.obj
 0001:00036467       ?setIsComArray@DName@@QAEXXZ 10037467 f i libvcruntime:undname.obj
 0001:00036471       ?setIsNoTE@DName@@QAEXXZ   10037471 f i libvcruntime:undname.obj
 0001:0003647b       ?setIsPinPtr@DName@@QAEXXZ 1003747b f i libvcruntime:undname.obj
 0001:00036485       ?setIsUDC@DName@@QAEXXZ    10037485 f i libvcruntime:undname.obj
 0001:00036495       ?setIsVCallThunk@DName@@QAEXXZ 10037495 f i libvcruntime:undname.obj
 0001:0003649f       ?setPtrRef@DName@@QAEAAV1@XZ 1003749f f i libvcruntime:undname.obj
 0001:000364ab       ?status@DName@@QBE?AW4DNameStatus@@XZ 100374ab f i libvcruntime:undname.obj
 0001:00036530       ___unDName                 10037530 f   libvcruntime:undname.obj
 0001:000365ea       ___unDNameEx               100375ea f   libvcruntime:undname.obj
 0001:000366a4       __vsprintf_s_l             100376a4 f i libvcruntime:undname.obj
 0001:000366dc       _sprintf_s                 100376dc f i libvcruntime:undname.obj
 0001:00036700       __global_unwind2           10037700 f   libvcruntime:_exsup_.obj
 0001:00036765       __local_unwind2            10037765 f   libvcruntime:_exsup_.obj
 0001:000367e9       __abnormal_termination     100377e9 f   libvcruntime:_exsup_.obj
 0001:0003680c       __NLG_Notify1              1003780c f   libvcruntime:_exsup_.obj
 0001:00036815       __NLG_Notify               10037815 f   libvcruntime:_exsup_.obj
 0001:0003682c       __NLG_Dispatch2            1003782c     libvcruntime:_exsup_.obj
 0001:0003682c       __NLG_Dispatch             1003782c     libvcruntime:_exsup_.obj
 0001:00036834       __NLG_Call                 10037834 f   libvcruntime:_exsup_.obj
 0001:00036836       __NLG_Return2              10037836     libvcruntime:_exsup_.obj
 0001:00036884       ??$__crt_fast_decode_pointer@P6AXXZ@@YAP6AXXZQ6AXXZ@Z 10037884 f i libvcruntime:purevirt.obj
 0001:0003689d       ??$__crt_interlocked_compare_exchange_pointer@$$A6AXXZ$$T$$T@@YAP6AXXZPDS6AXXZ$$T1@Z 1003789d f i libvcruntime:purevirt.obj
 0001:000368b3       ??$__crt_interlocked_exchange_pointer@$$A6AXXZP6AXXZ@@YAP6AXXZPDS6AXXZQ6AXXZ@Z 100378b3 f i libvcruntime:purevirt.obj
 0001:000368c3       ??$__crt_interlocked_read_pointer@$$A6AXXZ@@YAP6AXXZPDS6AXXZ@Z 100378c3 f i libvcruntime:purevirt.obj
 0001:000368d7       __get_purecall_handler     100378d7 f   libvcruntime:purevirt.obj
 0001:000368fd       __purecall                 100378fd f   libvcruntime:purevirt.obj
 0001:0003691e       __set_purecall_handler     1003791e f   libvcruntime:purevirt.obj
 0001:0003694c       _malloc                    1003794c f   libucrt:malloc.obj
 0001:00036959       ??$?RPAU__crt_stdio_stream_data@@@__crt_internal_free_policy@@QBEXQBQAU__crt_stdio_stream_data@@@Z 10037959 f i libucrt:_file.obj
 0001:0003696f       ??0?$__crt_unique_heap_ptr@PAU__crt_stdio_stream_data@@U__crt_internal_free_policy@@@@QAE@QAPAU__crt_stdio_stream_data@@@Z 1003796f f i libucrt:_file.obj
 0001:00036983       ??0__crt_stdio_stream@@QAE@QAU_iobuf@@@Z 10037983 f i libucrt:_file.obj
 0001:00036997       ??1?$__crt_unique_heap_ptr@PAU__crt_stdio_stream_data@@U__crt_internal_free_policy@@@@QAE@XZ 10037997 f i libucrt:_file.obj
 0001:000369ad       ??C__crt_stdio_stream@@QBEPAU__crt_stdio_stream_data@@XZ 100379ad f i libucrt:_file.obj
 0001:000369b0       ?detach@?$__crt_unique_heap_ptr@PAU__crt_stdio_stream_data@@U__crt_internal_free_policy@@@@QAEPAPAU__crt_stdio_stream_data@@XZ 100379b0 f i libucrt:_file.obj
 0001:000369b6       ?release@?$__crt_unique_heap_ptr@PAU__crt_stdio_stream_data@@U__crt_internal_free_policy@@@@QAEXXZ 100379b6 f i libucrt:_file.obj
 0001:000369cc       ___acrt_initialize_stdio   100379cc f   libucrt:_file.obj
 0001:00036ac6       ___acrt_iob_func           10037ac6 f   libucrt:_file.obj
 0001:00036ada       ___acrt_uninitialize_stdio 10037ada f   libucrt:_file.obj
 0001:00036b39       __get_stream_buffer_pointers 10037b39 f   libucrt:_file.obj
 0001:00036b90       __lock_file                10037b90 f   libucrt:_file.obj
 0001:00036ba9       __unlock_file              10037ba9 f   libucrt:_file.obj
 0001:00036bc2       ??$?0ABV?$stream_output_adapter@D@__crt_stdio_output@@AB_KABQBDABQAU__crt_locale_pointers@@ABQAD@?$format_validation_base@DV?$stream_output_adapter@D@__crt_stdio_output@@@__crt_stdio_output@@IAE@ABV?$stream_output_adapter@D@1@AB_KABQBDABQAU__crt_locale_pointers@@ABQAD@Z 10037bc2 f i libucrt:output.obj
 0001:00036bed       ??$?0ABV?$stream_output_adapter@D@__crt_stdio_output@@AB_KABQBDABQAU__crt_locale_pointers@@ABQAD@?$positional_parameter_base@DV?$stream_output_adapter@D@__crt_stdio_output@@@__crt_stdio_output@@IAE@ABV?$stream_output_adapter@D@1@AB_KABQBDABQAU__crt_locale_pointers@@ABQAD@Z 10037bed f i libucrt:output.obj
 0001:00036c47       ??$?0ABV?$stream_output_adapter@D@__crt_stdio_output@@AB_KABQBDABQAU__crt_locale_pointers@@ABQAD@?$standard_base@DV?$stream_output_adapter@D@__crt_stdio_output@@@__crt_stdio_output@@IAE@ABV?$stream_output_adapter@D@1@AB_KABQBDABQAU__crt_locale_pointers@@ABQAD@Z 10037c47 f i libucrt:output.obj
 0001:00036c89       ??$?0ABV?$stream_output_adapter@_W@__crt_stdio_output@@AB_KABQB_WABQAU__crt_locale_pointers@@ABQAD@?$format_validation_base@_WV?$stream_output_adapter@_W@__crt_stdio_output@@@__crt_stdio_output@@IAE@ABV?$stream_output_adapter@_W@1@AB_KABQB_WABQAU__crt_locale_pointers@@ABQAD@Z 10037c89 f i libucrt:output.obj
 0001:00036cb4       ??$?0ABV?$stream_output_adapter@_W@__crt_stdio_output@@AB_KABQB_WABQAU__crt_locale_pointers@@ABQAD@?$positional_parameter_base@_WV?$stream_output_adapter@_W@__crt_stdio_output@@@__crt_stdio_output@@IAE@ABV?$stream_output_adapter@_W@1@AB_KABQB_WABQAU__crt_locale_pointers@@ABQAD@Z 10037cb4 f i libucrt:output.obj
 0001:00036d0e       ??$?0ABV?$stream_output_adapter@_W@__crt_stdio_output@@AB_KABQB_WABQAU__crt_locale_pointers@@ABQAD@?$standard_base@_WV?$stream_output_adapter@_W@__crt_stdio_output@@@__crt_stdio_output@@IAE@ABV?$stream_output_adapter@_W@1@AB_KABQB_WABQAU__crt_locale_pointers@@ABQAD@Z 10037d0e f i libucrt:output.obj
 0001:00036d50       ??$?0ABV?$string_output_adapter@D@__crt_stdio_output@@AB_KABQBDABQAU__crt_locale_pointers@@ABQAD@?$format_validation_base@DV?$string_output_adapter@D@__crt_stdio_output@@@__crt_stdio_output@@IAE@ABV?$string_output_adapter@D@1@AB_KABQBDABQAU__crt_locale_pointers@@ABQAD@Z 10037d50 f i libucrt:output.obj
 0001:00036d7b       ??$?0ABV?$string_output_adapter@D@__crt_stdio_output@@AB_KABQBDABQAU__crt_locale_pointers@@ABQAD@?$positional_parameter_base@DV?$string_output_adapter@D@__crt_stdio_output@@@__crt_stdio_output@@IAE@ABV?$string_output_adapter@D@1@AB_KABQBDABQAU__crt_locale_pointers@@ABQAD@Z 10037d7b f i libucrt:output.obj
 0001:00036dd5       ??$?0ABV?$string_output_adapter@D@__crt_stdio_output@@AB_KABQBDABQAU__crt_locale_pointers@@ABQAD@?$standard_base@DV?$string_output_adapter@D@__crt_stdio_output@@@__crt_stdio_output@@IAE@ABV?$string_output_adapter@D@1@AB_KABQBDABQAU__crt_locale_pointers@@ABQAD@Z 10037dd5 f i libucrt:output.obj
 0001:00036e17       ??$?0ABV?$string_output_adapter@_W@__crt_stdio_output@@AB_KABQB_WABQAU__crt_locale_pointers@@ABQAD@?$format_validation_base@_WV?$string_output_adapter@_W@__crt_stdio_output@@@__crt_stdio_output@@IAE@ABV?$string_output_adapter@_W@1@AB_KABQB_WABQAU__crt_locale_pointers@@ABQAD@Z 10037e17 f i libucrt:output.obj
 0001:00036e42       ??$?0ABV?$string_output_adapter@_W@__crt_stdio_output@@AB_KABQB_WABQAU__crt_locale_pointers@@ABQAD@?$positional_parameter_base@_WV?$string_output_adapter@_W@__crt_stdio_output@@@__crt_stdio_output@@IAE@ABV?$string_output_adapter@_W@1@AB_KABQB_WABQAU__crt_locale_pointers@@ABQAD@Z 10037e42 f i libucrt:output.obj
 0001:00036e9c       ??$?0ABV?$string_output_adapter@_W@__crt_stdio_output@@AB_KABQB_WABQAU__crt_locale_pointers@@ABQAD@?$standard_base@_WV?$string_output_adapter@_W@__crt_stdio_output@@@__crt_stdio_output@@IAE@ABV?$string_output_adapter@_W@1@AB_KABQB_WABQAU__crt_locale_pointers@@ABQAD@Z 10037e9c f i libucrt:output.obj
 0001:00036ede       ??$?RV<lambda_2293f24e3ce1ad6fe22ccfb9dec07671>@@AAV<lambda_2565fc715a641e539f44ad02d6823606>@@V<lambda_d3217f279b832965d9ca670dc2993570>@@@?$__crt_seh_guarded_call@H@@QAEH$$QAV<lambda_2293f24e3ce1ad6fe22ccfb9dec07671>@@AAV<lambda_2565fc715a641e539f44ad02d6823606>@@$$QAV<lambda_d3217f279b832965d9ca670dc2993570>@@@Z 10037ede f i libucrt:output.obj
 0001:00036f43       ??$?RV<lambda_4d4ac866be0fa3c441830420fabdd2cb>@@AAV<lambda_63a10c2dc8dbb9e4dd1890be52af7c93>@@V<lambda_002af9fa0f8fe472b648c51882d4fc32>@@@?$__crt_seh_guarded_call@H@@QAEH$$QAV<lambda_4d4ac866be0fa3c441830420fabdd2cb>@@AAV<lambda_63a10c2dc8dbb9e4dd1890be52af7c93>@@$$QAV<lambda_002af9fa0f8fe472b648c51882d4fc32>@@@Z 10037f43 f i libucrt:output.obj
 0001:00036fa8       ??$?RV<lambda_5be909dfbae0a631386585770cd7b676>@@AAV<lambda_e516058a9c289d98c8ca9fea99247804>@@V<lambda_afe2e0cdc5e0ecf6f0d6f5e2f8985e38>@@@?$__crt_seh_guarded_call@H@@QAEH$$QAV<lambda_5be909dfbae0a631386585770cd7b676>@@AAV<lambda_e516058a9c289d98c8ca9fea99247804>@@$$QAV<lambda_afe2e0cdc5e0ecf6f0d6f5e2f8985e38>@@@Z 10037fa8 f i libucrt:output.obj
 0001:0003700d       ??$?RV<lambda_823d65812123d985753d53e2a8c25d20>@@AAV<lambda_0a97c9e57da7be065955385c79108ff2>@@V<lambda_4d2973f3ad2d226f00468307185dca1b>@@@?$__crt_seh_guarded_call@H@@QAEH$$QAV<lambda_823d65812123d985753d53e2a8c25d20>@@AAV<lambda_0a97c9e57da7be065955385c79108ff2>@@$$QAV<lambda_4d2973f3ad2d226f00468307185dca1b>@@@Z 1003800d f i libucrt:output.obj
 0001:00037072       ??$?RV<lambda_ab9923ffb5d694ec0d78876dd103e44f>@@AAV<lambda_481dd5778c961fbcd3b60b650e9b9dc4>@@V<lambda_7923d86c9e3f319b415918ec4b39749c>@@@?$__crt_seh_guarded_call@H@@QAEH$$QAV<lambda_ab9923ffb5d694ec0d78876dd103e44f>@@AAV<lambda_481dd5778c961fbcd3b60b650e9b9dc4>@@$$QAV<lambda_7923d86c9e3f319b415918ec4b39749c>@@@Z 10038072 f i libucrt:output.obj
 0001:000370d7       ??$?RV<lambda_db08b09ef7aa9d4f8620ce68402612bc>@@AAV<lambda_4f2c1eaeead2a5fc776db5b62ea0fb9b>@@V<lambda_3ae262bc35d4ba6a3825c4f6bcaaf95c>@@@?$__crt_seh_guarded_call@H@@QAEH$$QAV<lambda_db08b09ef7aa9d4f8620ce68402612bc>@@AAV<lambda_4f2c1eaeead2a5fc776db5b62ea0fb9b>@@$$QAV<lambda_3ae262bc35d4ba6a3825c4f6bcaaf95c>@@@Z 100380d7 f i libucrt:output.obj
 0001:0003713c       ??$__acrt_lock_stream_and_call@V<lambda_0a97c9e57da7be065955385c79108ff2>@@@@YAHQAU_iobuf@@$$QAV<lambda_0a97c9e57da7be065955385c79108ff2>@@@Z 1003813c f i libucrt:output.obj
 0001:0003716e       ??$__acrt_lock_stream_and_call@V<lambda_2565fc715a641e539f44ad02d6823606>@@@@YAHQAU_iobuf@@$$QAV<lambda_2565fc715a641e539f44ad02d6823606>@@@Z 1003816e f i libucrt:output.obj
 0001:000371a0       ??$__acrt_lock_stream_and_call@V<lambda_481dd5778c961fbcd3b60b650e9b9dc4>@@@@YAHQAU_iobuf@@$$QAV<lambda_481dd5778c961fbcd3b60b650e9b9dc4>@@@Z 100381a0 f i libucrt:output.obj
 0001:000371d2       ??$__acrt_lock_stream_and_call@V<lambda_4f2c1eaeead2a5fc776db5b62ea0fb9b>@@@@YAHQAU_iobuf@@$$QAV<lambda_4f2c1eaeead2a5fc776db5b62ea0fb9b>@@@Z 100381d2 f i libucrt:output.obj
 0001:00037204       ??$__acrt_lock_stream_and_call@V<lambda_63a10c2dc8dbb9e4dd1890be52af7c93>@@@@YAHQAU_iobuf@@$$QAV<lambda_63a10c2dc8dbb9e4dd1890be52af7c93>@@@Z 10038204 f i libucrt:output.obj
 0001:00037236       ??$__acrt_lock_stream_and_call@V<lambda_e516058a9c289d98c8ca9fea99247804>@@@@YAHQAU_iobuf@@$$QAV<lambda_e516058a9c289d98c8ca9fea99247804>@@@Z 10038236 f i libucrt:output.obj
 0001:00037268       ??$__crt_interlocked_read@J@@YAJPDJ@Z 10038268 f i libucrt:output.obj
 0001:000384b3       ??$count@D@formatting_buffer@__crt_stdio_output@@QBEIXZ 100394b3 f i libucrt:output.obj
 0001:000384d1       ??$data@D@formatting_buffer@__crt_stdio_output@@QAEPADXZ 100394d1 f i libucrt:output.obj
 0001:000384e1       ??$data@_W@formatting_buffer@__crt_stdio_output@@QAEPA_WXZ 100394e1 f i libucrt:output.obj
 0001:000384f1       ??$ensure_buffer_is_big_enough@D@formatting_buffer@__crt_stdio_output@@QAE_NI@Z 100394f1 f i libucrt:output.obj
 0001:00038598       ??$extract_argument_from_va_list@C_J@?$positional_parameter_base@DV?$stream_output_adapter@D@__crt_stdio_output@@@__crt_stdio_output@@IAE_NAA_J@Z 10039598 f i libucrt:output.obj
 0001:00038636       ??$extract_argument_from_va_list@C_J@?$positional_parameter_base@DV?$string_output_adapter@D@__crt_stdio_output@@@__crt_stdio_output@@IAE_NAA_J@Z 10039636 f i libucrt:output.obj
 0001:000386d4       ??$extract_argument_from_va_list@C_J@?$positional_parameter_base@_WV?$stream_output_adapter@_W@__crt_stdio_output@@@__crt_stdio_output@@IAE_NAA_J@Z 100396d4 f i libucrt:output.obj
 0001:00038772       ??$extract_argument_from_va_list@C_J@?$positional_parameter_base@_WV?$string_output_adapter@_W@__crt_stdio_output@@@__crt_stdio_output@@IAE_NAA_J@Z 10039772 f i libucrt:output.obj
 0001:00038810       ??$extract_argument_from_va_list@C_J@?$standard_base@DV?$stream_output_adapter@D@__crt_stdio_output@@@__crt_stdio_output@@IAE_NAA_J@Z 10039810 f i libucrt:output.obj
 0001:00038836       ??$extract_argument_from_va_list@C_J@?$standard_base@DV?$string_output_adapter@D@__crt_stdio_output@@@__crt_stdio_output@@IAE_NAA_J@Z 10039836 f i libucrt:output.obj
 0001:0003885c       ??$extract_argument_from_va_list@C_J@?$standard_base@_WV?$stream_output_adapter@_W@__crt_stdio_output@@@__crt_stdio_output@@IAE_NAA_J@Z 1003985c f i libucrt:output.obj
 0001:00038882       ??$extract_argument_from_va_list@C_J@?$standard_base@_WV?$string_output_adapter@_W@__crt_stdio_output@@@__crt_stdio_output@@IAE_NAA_J@Z 10039882 f i libucrt:output.obj
 0001:000388a8       ??$extract_argument_from_va_list@E_J@?$positional_parameter_base@DV?$stream_output_adapter@D@__crt_stdio_output@@@__crt_stdio_output@@IAE_NAA_J@Z 100398a8 f i libucrt:output.obj
 0001:00038946       ??$extract_argument_from_va_list@E_J@?$positional_parameter_base@DV?$string_output_adapter@D@__crt_stdio_output@@@__crt_stdio_output@@IAE_NAA_J@Z 10039946 f i libucrt:output.obj
 0001:000389e4       ??$extract_argument_from_va_list@E_J@?$positional_parameter_base@_WV?$stream_output_adapter@_W@__crt_stdio_output@@@__crt_stdio_output@@IAE_NAA_J@Z 100399e4 f i libucrt:output.obj
 0001:00038a82       ??$extract_argument_from_va_list@E_J@?$positional_parameter_base@_WV?$string_output_adapter@_W@__crt_stdio_output@@@__crt_stdio_output@@IAE_NAA_J@Z 10039a82 f i libucrt:output.obj
 0001:00038b20       ??$extract_argument_from_va_list@E_J@?$standard_base@DV?$stream_output_adapter@D@__crt_stdio_output@@@__crt_stdio_output@@IAE_NAA_J@Z 10039b20 f i libucrt:output.obj
 0001:00038b46       ??$extract_argument_from_va_list@E_J@?$standard_base@DV?$string_output_adapter@D@__crt_stdio_output@@@__crt_stdio_output@@IAE_NAA_J@Z 10039b46 f i libucrt:output.obj
 0001:00038b6c       ??$extract_argument_from_va_list@E_J@?$standard_base@_WV?$stream_output_adapter@_W@__crt_stdio_output@@@__crt_stdio_output@@IAE_NAA_J@Z 10039b6c f i libucrt:output.obj
 0001:00038b92       ??$extract_argument_from_va_list@E_J@?$standard_base@_WV?$string_output_adapter@_W@__crt_stdio_output@@@__crt_stdio_output@@IAE_NAA_J@Z 10039b92 f i libucrt:output.obj
 0001:00038bb8       ??$extract_argument_from_va_list@F_J@?$positional_parameter_base@DV?$stream_output_adapter@D@__crt_stdio_output@@@__crt_stdio_output@@IAE_NAA_J@Z 10039bb8 f i libucrt:output.obj
 0001:00038c56       ??$extract_argument_from_va_list@F_J@?$positional_parameter_base@DV?$string_output_adapter@D@__crt_stdio_output@@@__crt_stdio_output@@IAE_NAA_J@Z 10039c56 f i libucrt:output.obj
 0001:00038cf4       ??$extract_argument_from_va_list@F_J@?$positional_parameter_base@_WV?$stream_output_adapter@_W@__crt_stdio_output@@@__crt_stdio_output@@IAE_NAA_J@Z 10039cf4 f i libucrt:output.obj
 0001:00038d92       ??$extract_argument_from_va_list@F_J@?$positional_parameter_base@_WV?$string_output_adapter@_W@__crt_stdio_output@@@__crt_stdio_output@@IAE_NAA_J@Z 10039d92 f i libucrt:output.obj
 0001:00038e30       ??$extract_argument_from_va_list@F_J@?$standard_base@DV?$stream_output_adapter@D@__crt_stdio_output@@@__crt_stdio_output@@IAE_NAA_J@Z 10039e30 f i libucrt:output.obj
 0001:00038e56       ??$extract_argument_from_va_list@F_J@?$standard_base@DV?$string_output_adapter@D@__crt_stdio_output@@@__crt_stdio_output@@IAE_NAA_J@Z 10039e56 f i libucrt:output.obj
 0001:00038e7c       ??$extract_argument_from_va_list@F_J@?$standard_base@_WV?$stream_output_adapter@_W@__crt_stdio_output@@@__crt_stdio_output@@IAE_NAA_J@Z 10039e7c f i libucrt:output.obj
 0001:00038ea2       ??$extract_argument_from_va_list@F_J@?$standard_base@_WV?$string_output_adapter@_W@__crt_stdio_output@@@__crt_stdio_output@@IAE_NAA_J@Z 10039ea2 f i libucrt:output.obj
 0001:00038ec8       ??$extract_argument_from_va_list@GD@?$positional_parameter_base@DV?$stream_output_adapter@D@__crt_stdio_output@@@__crt_stdio_output@@IAE_NAAD@Z 10039ec8 f i libucrt:output.obj
 0001:00038f65       ??$extract_argument_from_va_list@GD@?$positional_parameter_base@DV?$string_output_adapter@D@__crt_stdio_output@@@__crt_stdio_output@@IAE_NAAD@Z 10039f65 f i libucrt:output.obj
 0001:00039002       ??$extract_argument_from_va_list@GD@?$standard_base@DV?$stream_output_adapter@D@__crt_stdio_output@@@__crt_stdio_output@@IAE_NAAD@Z 1003a002 f i libucrt:output.obj
 0001:00039022       ??$extract_argument_from_va_list@GD@?$standard_base@DV?$string_output_adapter@D@__crt_stdio_output@@@__crt_stdio_output@@IAE_NAAD@Z 1003a022 f i libucrt:output.obj
 0001:00039042       ??$extract_argument_from_va_list@G_J@?$positional_parameter_base@DV?$stream_output_adapter@D@__crt_stdio_output@@@__crt_stdio_output@@IAE_NAA_J@Z 1003a042 f i libucrt:output.obj
 0001:000390e0       ??$extract_argument_from_va_list@G_J@?$positional_parameter_base@DV?$string_output_adapter@D@__crt_stdio_output@@@__crt_stdio_output@@IAE_NAA_J@Z 1003a0e0 f i libucrt:output.obj
 0001:0003917e       ??$extract_argument_from_va_list@G_J@?$positional_parameter_base@_WV?$stream_output_adapter@_W@__crt_stdio_output@@@__crt_stdio_output@@IAE_NAA_J@Z 1003a17e f i libucrt:output.obj
 0001:0003921c       ??$extract_argument_from_va_list@G_J@?$positional_parameter_base@_WV?$string_output_adapter@_W@__crt_stdio_output@@@__crt_stdio_output@@IAE_NAA_J@Z 1003a21c f i libucrt:output.obj
 0001:000392ba       ??$extract_argument_from_va_list@G_J@?$standard_base@DV?$stream_output_adapter@D@__crt_stdio_output@@@__crt_stdio_output@@IAE_NAA_J@Z 1003a2ba f i libucrt:output.obj
 0001:000392e0       ??$extract_argument_from_va_list@G_J@?$standard_base@DV?$string_output_adapter@D@__crt_stdio_output@@@__crt_stdio_output@@IAE_NAA_J@Z 1003a2e0 f i libucrt:output.obj
 0001:00039306       ??$extract_argument_from_va_list@G_J@?$standard_base@_WV?$stream_output_adapter@_W@__crt_stdio_output@@@__crt_stdio_output@@IAE_NAA_J@Z 1003a306 f i libucrt:output.obj
 0001:0003932c       ??$extract_argument_from_va_list@G_J@?$standard_base@_WV?$string_output_adapter@_W@__crt_stdio_output@@@__crt_stdio_output@@IAE_NAA_J@Z 1003a32c f i libucrt:output.obj
 0001:00039352       ??$extract_argument_from_va_list@H_J@?$positional_parameter_base@DV?$stream_output_adapter@D@__crt_stdio_output@@@__crt_stdio_output@@IAE_NAA_J@Z 1003a352 f i libucrt:output.obj
 0001:000393ee       ??$extract_argument_from_va_list@H_J@?$positional_parameter_base@DV?$string_output_adapter@D@__crt_stdio_output@@@__crt_stdio_output@@IAE_NAA_J@Z 1003a3ee f i libucrt:output.obj
 0001:0003948a       ??$extract_argument_from_va_list@H_J@?$positional_parameter_base@_WV?$stream_output_adapter@_W@__crt_stdio_output@@@__crt_stdio_output@@IAE_NAA_J@Z 1003a48a f i libucrt:output.obj
 0001:00039526       ??$extract_argument_from_va_list@H_J@?$positional_parameter_base@_WV?$string_output_adapter@_W@__crt_stdio_output@@@__crt_stdio_output@@IAE_NAA_J@Z 1003a526 f i libucrt:output.obj
 0001:000395c2       ??$extract_argument_from_va_list@H_J@?$standard_base@DV?$stream_output_adapter@D@__crt_stdio_output@@@__crt_stdio_output@@IAE_NAA_J@Z 1003a5c2 f i libucrt:output.obj
 0001:000395e7       ??$extract_argument_from_va_list@H_J@?$standard_base@DV?$string_output_adapter@D@__crt_stdio_output@@@__crt_stdio_output@@IAE_NAA_J@Z 1003a5e7 f i libucrt:output.obj
 0001:0003960c       ??$extract_argument_from_va_list@H_J@?$standard_base@_WV?$stream_output_adapter@_W@__crt_stdio_output@@@__crt_stdio_output@@IAE_NAA_J@Z 1003a60c f i libucrt:output.obj
 0001:00039631       ??$extract_argument_from_va_list@H_J@?$standard_base@_WV?$string_output_adapter@_W@__crt_stdio_output@@@__crt_stdio_output@@IAE_NAA_J@Z 1003a631 f i libucrt:output.obj
 0001:00039656       ??$extract_argument_from_va_list@I_J@?$positional_parameter_base@DV?$stream_output_adapter@D@__crt_stdio_output@@@__crt_stdio_output@@IAE_NAA_J@Z 1003a656 f i libucrt:output.obj
 0001:000396fd       ??$extract_argument_from_va_list@I_J@?$positional_parameter_base@DV?$string_output_adapter@D@__crt_stdio_output@@@__crt_stdio_output@@IAE_NAA_J@Z 1003a6fd f i libucrt:output.obj
 0001:000397a4       ??$extract_argument_from_va_list@I_J@?$positional_parameter_base@_WV?$stream_output_adapter@_W@__crt_stdio_output@@@__crt_stdio_output@@IAE_NAA_J@Z 1003a7a4 f i libucrt:output.obj
 0001:0003984b       ??$extract_argument_from_va_list@I_J@?$positional_parameter_base@_WV?$string_output_adapter@_W@__crt_stdio_output@@@__crt_stdio_output@@IAE_NAA_J@Z 1003a84b f i libucrt:output.obj
 0001:000398f2       ??$extract_argument_from_va_list@I_J@?$standard_base@DV?$stream_output_adapter@D@__crt_stdio_output@@@__crt_stdio_output@@IAE_NAA_J@Z 1003a8f2 f i libucrt:output.obj
 0001:00039917       ??$extract_argument_from_va_list@I_J@?$standard_base@DV?$string_output_adapter@D@__crt_stdio_output@@@__crt_stdio_output@@IAE_NAA_J@Z 1003a917 f i libucrt:output.obj
 0001:0003993c       ??$extract_argument_from_va_list@I_J@?$standard_base@_WV?$stream_output_adapter@_W@__crt_stdio_output@@@__crt_stdio_output@@IAE_NAA_J@Z 1003a93c f i libucrt:output.obj
 0001:00039961       ??$extract_argument_from_va_list@I_J@?$standard_base@_WV?$string_output_adapter@_W@__crt_stdio_output@@@__crt_stdio_output@@IAE_NAA_J@Z 1003a961 f i libucrt:output.obj
 0001:00039986       ??$extract_argument_from_va_list@PADPAD@?$positional_parameter_base@DV?$stream_output_adapter@D@__crt_stdio_output@@@__crt_stdio_output@@IAE_NAAPAD@Z 1003a986 f i libucrt:output.obj
 0001:00039a23       ??$extract_argument_from_va_list@PADPAD@?$positional_parameter_base@DV?$string_output_adapter@D@__crt_stdio_output@@@__crt_stdio_output@@IAE_NAAPAD@Z 1003aa23 f i libucrt:output.obj
 0001:00039ac0       ??$extract_argument_from_va_list@PADPAD@?$positional_parameter_base@_WV?$stream_output_adapter@_W@__crt_stdio_output@@@__crt_stdio_output@@IAE_NAAPAD@Z 1003aac0 f i libucrt:output.obj
 0001:00039b5d       ??$extract_argument_from_va_list@PADPAD@?$positional_parameter_base@_WV?$string_output_adapter@_W@__crt_stdio_output@@@__crt_stdio_output@@IAE_NAAPAD@Z 1003ab5d f i libucrt:output.obj
 0001:00039bfa       ??$extract_argument_from_va_list@PADPAD@?$standard_base@DV?$stream_output_adapter@D@__crt_stdio_output@@@__crt_stdio_output@@IAE_NAAPAD@Z 1003abfa f i libucrt:output.obj
 0001:00039c1a       ??$extract_argument_from_va_list@PADPAD@?$standard_base@DV?$string_output_adapter@D@__crt_stdio_output@@@__crt_stdio_output@@IAE_NAAPAD@Z 1003ac1a f i libucrt:output.obj
 0001:00039c3a       ??$extract_argument_from_va_list@PADPAD@?$standard_base@_WV?$stream_output_adapter@_W@__crt_stdio_output@@@__crt_stdio_output@@IAE_NAAPAD@Z 1003ac3a f i libucrt:output.obj
 0001:00039c5a       ??$extract_argument_from_va_list@PADPAD@?$standard_base@_WV?$string_output_adapter@_W@__crt_stdio_output@@@__crt_stdio_output@@IAE_NAAPAD@Z 1003ac5a f i libucrt:output.obj
 0001:00039c7a       ??$extract_argument_from_va_list@PAUansi_string@?1??type_case_Z@?$output_processor@DV?$stream_output_adapter@D@__crt_stdio_output@@V?$format_validation_base@DV?$stream_output_adapter@D@__crt_stdio_output@@@2@@__crt_stdio_output@@AAE_NXZ@PAU1?1??234@AAE_NXZ@@?$standard_base@DV?$stream_output_adapter@D@__crt_stdio_output@@@__crt_stdio_output@@IAE_NAAPAUansi_string@?1??type_case_Z@?$output_processor@DV?$stream_output_adapter@D@__crt_stdio_output@@V?$format_validation_base@DV?$stream_output_adapter@D@__crt_stdio_output@@@2@@1@AAE_NXZ@@Z 1003ac7a f i libucrt:output.obj
 0001:00039c9a       ??$extract_argument_from_va_list@PAUansi_string@?1??type_case_Z@?$output_processor@DV?$stream_output_adapter@D@__crt_stdio_output@@V?$positional_parameter_base@DV?$stream_output_adapter@D@__crt_stdio_output@@@2@@__crt_stdio_output@@AAE_NXZ@PAU1?1??234@AAE_NXZ@@?$positional_parameter_base@DV?$stream_output_adapter@D@__crt_stdio_output@@@__crt_stdio_output@@IAE_NAAPAUansi_string@?1??type_case_Z@?$output_processor@DV?$stream_output_adapter@D@__crt_stdio_output@@V?$positional_parameter_base@DV?$stream_output_adapter@D@__crt_stdio_output@@@2@@1@AAE_NXZ@@Z 1003ac9a f i libucrt:output.obj
 0001:00039d37       ??$extract_argument_from_va_list@PAUansi_string@?1??type_case_Z@?$output_processor@DV?$stream_output_adapter@D@__crt_stdio_output@@V?$positional_parameter_base@DV?$stream_output_adapter@D@__crt_stdio_output@@@2@@__crt_stdio_output@@AAE_NXZ@PAU1?1??234@AAE_NXZ@@?$standard_base@DV?$stream_output_adapter@D@__crt_stdio_output@@@__crt_stdio_output@@IAE_NAAPAUansi_string@?1??type_case_Z@?$output_processor@DV?$stream_output_adapter@D@__crt_stdio_output@@V?$positional_parameter_base@DV?$stream_output_adapter@D@__crt_stdio_output@@@2@@1@AAE_NXZ@@Z 1003ad37 f i libucrt:output.obj
 0001:00039d57       ??$extract_argument_from_va_list@PAUansi_string@?1??type_case_Z@?$output_processor@DV?$stream_output_adapter@D@__crt_stdio_output@@V?$standard_base@DV?$stream_output_adapter@D@__crt_stdio_output@@@2@@__crt_stdio_output@@AAE_NXZ@PAU1?1??234@AAE_NXZ@@?$standard_base@DV?$stream_output_adapter@D@__crt_stdio_output@@@__crt_stdio_output@@IAE_NAAPAUansi_string@?1??type_case_Z@?$output_processor@DV?$stream_output_adapter@D@__crt_stdio_output@@V?$standard_base@DV?$stream_output_adapter@D@__crt_stdio_output@@@2@@1@AAE_NXZ@@Z 1003ad57 f i libucrt:output.obj
 0001:00039d77       ??$extract_argument_from_va_list@PAUansi_string@?1??type_case_Z@?$output_processor@DV?$string_output_adapter@D@__crt_stdio_output@@V?$format_validation_base@DV?$string_output_adapter@D@__crt_stdio_output@@@2@@__crt_stdio_output@@AAE_NXZ@PAU1?1??234@AAE_NXZ@@?$standard_base@DV?$string_output_adapter@D@__crt_stdio_output@@@__crt_stdio_output@@IAE_NAAPAUansi_string@?1??type_case_Z@?$output_processor@DV?$string_output_adapter@D@__crt_stdio_output@@V?$format_validation_base@DV?$string_output_adapter@D@__crt_stdio_output@@@2@@1@AAE_NXZ@@Z 1003ad77 f i libucrt:output.obj
 0001:00039d97       ??$extract_argument_from_va_list@PAUansi_string@?1??type_case_Z@?$output_processor@DV?$string_output_adapter@D@__crt_stdio_output@@V?$positional_parameter_base@DV?$string_output_adapter@D@__crt_stdio_output@@@2@@__crt_stdio_output@@AAE_NXZ@PAU1?1??234@AAE_NXZ@@?$positional_parameter_base@DV?$string_output_adapter@D@__crt_stdio_output@@@__crt_stdio_output@@IAE_NAAPAUansi_string@?1??type_case_Z@?$output_processor@DV?$string_output_adapter@D@__crt_stdio_output@@V?$positional_parameter_base@DV?$string_output_adapter@D@__crt_stdio_output@@@2@@1@AAE_NXZ@@Z 1003ad97 f i libucrt:output.obj
 0001:00039e34       ??$extract_argument_from_va_list@PAUansi_string@?1??type_case_Z@?$output_processor@DV?$string_output_adapter@D@__crt_stdio_output@@V?$positional_parameter_base@DV?$string_output_adapter@D@__crt_stdio_output@@@2@@__crt_stdio_output@@AAE_NXZ@PAU1?1??234@AAE_NXZ@@?$standard_base@DV?$string_output_adapter@D@__crt_stdio_output@@@__crt_stdio_output@@IAE_NAAPAUansi_string@?1??type_case_Z@?$output_processor@DV?$string_output_adapter@D@__crt_stdio_output@@V?$positional_parameter_base@DV?$string_output_adapter@D@__crt_stdio_output@@@2@@1@AAE_NXZ@@Z 1003ae34 f i libucrt:output.obj
 0001:00039e54       ??$extract_argument_from_va_list@PAUansi_string@?1??type_case_Z@?$output_processor@DV?$string_output_adapter@D@__crt_stdio_output@@V?$standard_base@DV?$string_output_adapter@D@__crt_stdio_output@@@2@@__crt_stdio_output@@AAE_NXZ@PAU1?1??234@AAE_NXZ@@?$standard_base@DV?$string_output_adapter@D@__crt_stdio_output@@@__crt_stdio_output@@IAE_NAAPAUansi_string@?1??type_case_Z@?$output_processor@DV?$string_output_adapter@D@__crt_stdio_output@@V?$standard_base@DV?$string_output_adapter@D@__crt_stdio_output@@@2@@1@AAE_NXZ@@Z 1003ae54 f i libucrt:output.obj
 0001:00039e74       ??$extract_argument_from_va_list@PAUansi_string@?1??type_case_Z@?$output_processor@_WV?$stream_output_adapter@_W@__crt_stdio_output@@V?$format_validation_base@_WV?$stream_output_adapter@_W@__crt_stdio_output@@@2@@__crt_stdio_output@@AAE_NXZ@PAU1?1??234@AAE_NXZ@@?$standard_base@_WV?$stream_output_adapter@_W@__crt_stdio_output@@@__crt_stdio_output@@IAE_NAAPAUansi_string@?1??type_case_Z@?$output_processor@_WV?$stream_output_adapter@_W@__crt_stdio_output@@V?$format_validation_base@_WV?$stream_output_adapter@_W@__crt_stdio_output@@@2@@1@AAE_NXZ@@Z 1003ae74 f i libucrt:output.obj
 0001:00039e94       ??$extract_argument_from_va_list@PAUansi_string@?1??type_case_Z@?$output_processor@_WV?$stream_output_adapter@_W@__crt_stdio_output@@V?$positional_parameter_base@_WV?$stream_output_adapter@_W@__crt_stdio_output@@@2@@__crt_stdio_output@@AAE_NXZ@PAU1?1??234@AAE_NXZ@@?$positional_parameter_base@_WV?$stream_output_adapter@_W@__crt_stdio_output@@@__crt_stdio_output@@IAE_NAAPAUansi_string@?1??type_case_Z@?$output_processor@_WV?$stream_output_adapter@_W@__crt_stdio_output@@V?$positional_parameter_base@_WV?$stream_output_adapter@_W@__crt_stdio_output@@@2@@1@AAE_NXZ@@Z 1003ae94 f i libucrt:output.obj
 0001:00039f31       ??$extract_argument_from_va_list@PAUansi_string@?1??type_case_Z@?$output_processor@_WV?$stream_output_adapter@_W@__crt_stdio_output@@V?$positional_parameter_base@_WV?$stream_output_adapter@_W@__crt_stdio_output@@@2@@__crt_stdio_output@@AAE_NXZ@PAU1?1??234@AAE_NXZ@@?$standard_base@_WV?$stream_output_adapter@_W@__crt_stdio_output@@@__crt_stdio_output@@IAE_NAAPAUansi_string@?1??type_case_Z@?$output_processor@_WV?$stream_output_adapter@_W@__crt_stdio_output@@V?$positional_parameter_base@_WV?$stream_output_adapter@_W@__crt_stdio_output@@@2@@1@AAE_NXZ@@Z 1003af31 f i libucrt:output.obj
 0001:00039f51       ??$extract_argument_from_va_list@PAUansi_string@?1??type_case_Z@?$output_processor@_WV?$stream_output_adapter@_W@__crt_stdio_output@@V?$standard_base@_WV?$stream_output_adapter@_W@__crt_stdio_output@@@2@@__crt_stdio_output@@AAE_NXZ@PAU1?1??234@AAE_NXZ@@?$standard_base@_WV?$stream_output_adapter@_W@__crt_stdio_output@@@__crt_stdio_output@@IAE_NAAPAUansi_string@?1??type_case_Z@?$output_processor@_WV?$stream_output_adapter@_W@__crt_stdio_output@@V?$standard_base@_WV?$stream_output_adapter@_W@__crt_stdio_output@@@2@@1@AAE_NXZ@@Z 1003af51 f i libucrt:output.obj
 0001:00039f71       ??$extract_argument_from_va_list@PAUansi_string@?1??type_case_Z@?$output_processor@_WV?$string_output_adapter@_W@__crt_stdio_output@@V?$format_validation_base@_WV?$string_output_adapter@_W@__crt_stdio_output@@@2@@__crt_stdio_output@@AAE_NXZ@PAU1?1??234@AAE_NXZ@@?$standard_base@_WV?$string_output_adapter@_W@__crt_stdio_output@@@__crt_stdio_output@@IAE_NAAPAUansi_string@?1??type_case_Z@?$output_processor@_WV?$string_output_adapter@_W@__crt_stdio_output@@V?$format_validation_base@_WV?$string_output_adapter@_W@__crt_stdio_output@@@2@@1@AAE_NXZ@@Z 1003af71 f i libucrt:output.obj
 0001:00039f91       ??$extract_argument_from_va_list@PAUansi_string@?1??type_case_Z@?$output_processor@_WV?$string_output_adapter@_W@__crt_stdio_output@@V?$positional_parameter_base@_WV?$string_output_adapter@_W@__crt_stdio_output@@@2@@__crt_stdio_output@@AAE_NXZ@PAU1?1??234@AAE_NXZ@@?$positional_parameter_base@_WV?$string_output_adapter@_W@__crt_stdio_output@@@__crt_stdio_output@@IAE_NAAPAUansi_string@?1??type_case_Z@?$output_processor@_WV?$string_output_adapter@_W@__crt_stdio_output@@V?$positional_parameter_base@_WV?$string_output_adapter@_W@__crt_stdio_output@@@2@@1@AAE_NXZ@@Z 1003af91 f i libucrt:output.obj
 0001:0003a02e       ??$extract_argument_from_va_list@PAUansi_string@?1??type_case_Z@?$output_processor@_WV?$string_output_adapter@_W@__crt_stdio_output@@V?$positional_parameter_base@_WV?$string_output_adapter@_W@__crt_stdio_output@@@2@@__crt_stdio_output@@AAE_NXZ@PAU1?1??234@AAE_NXZ@@?$standard_base@_WV?$string_output_adapter@_W@__crt_stdio_output@@@__crt_stdio_output@@IAE_NAAPAUansi_string@?1??type_case_Z@?$output_processor@_WV?$string_output_adapter@_W@__crt_stdio_output@@V?$positional_parameter_base@_WV?$string_output_adapter@_W@__crt_stdio_output@@@2@@1@AAE_NXZ@@Z 1003b02e f i libucrt:output.obj
[...]
 0003:0000bee0       _CANAC2_2_receive_mb3      100afee0     <common>
 0003:0000c200       _CANAC2_2_send_mb3         100b0200     <common>
 0003:0000c520       _CANAC2_1_receive_mb3      100b0520     <common>
 0003:0000c840       _CANAC2_1_send_mb3         100b0840     <common>
 0003:0000cb60       _CANAC2_2_receiveindex_mb2 100b0b60     <common>
 0003:0000ce80       _CANAC2_2_receivemaxindex_mb2 100b0e80     <common>
 0003:0000cea0       _CANAC2_2_sendindex_mb2    100b0ea0     <common>
 0003:0000d1c0       _CANAC2_2_sendmaxindex_mb2 100b11c0     <common>
 0003:0000d1e0       _CANAC2_1_receiveindex_mb2 100b11e0     <common>
 0003:0000d500       _CANAC2_1_receivemaxindex_mb2 100b1500     <common>
 0003:0000d520       _CANAC2_1_sendindex_mb2    100b1520     <common>
 0003:0000d840       _CANAC2_1_sendmaxindex_mb2 100b1840     <common>
 0003:0000d860       _CANAC2_2_receive_mb2      100b1860     <common>
 0003:0000db80       _CANAC2_2_send_mb2         100b1b80     <common>
 0003:0000dea0       _CANAC2_1_receive_mb2      100b1ea0     <common>
 0003:0000e1c0       _CANAC2_1_send_mb2         100b21c0     <common>
 0003:0000e4e0       _CANAC2_2_receiveindex_mb1 100b24e0     <common>
 0003:0000e800       _CANAC2_2_receivemaxindex_mb1 100b2800     <common>
 0003:0000e820       _CANAC2_2_sendindex_mb1    100b2820     <common>
 0003:0000eb40       _CANAC2_2_sendmaxindex_mb1 100b2b40     <common>
 0003:0000eb60       _CANAC2_1_receiveindex_mb1 100b2b60     <common>
 0003:0000ee80       _CANAC2_1_receivemaxindex_mb1 100b2e80     <common>
 0003:0000eea0       _CANAC2_1_sendindex_mb1    100b2ea0     <common>
 0003:0000f1c0       _CANAC2_1_sendmaxindex_mb1 100b31c0     <common>
 0003:0000f1e0       _CANAC2_2_receive_mb1      100b31e0     <common>
 0003:0000f500       _CANAC2_2_send_mb1         100b3500     <common>
 0003:0000f820       _CANAC2_1_receive_mb1      100b3820     <common>
 0003:0000fb40       _CANAC2_1_send_mb1         100b3b40     <common>
 0003:0000fe60       _CANAC2_2_receiveindex     100b3e60     <common>
 0003:00010180       _CANAC2_2_receivemaxindex  100b4180     <common>
 0003:000101a0       _CANAC2_2_sendindex        100b41a0     <common>
 0003:000104c0       _CANAC2_2_sendmaxindex     100b44c0     <common>
 0003:000104e0       _CANAC2_1_receiveindex     100b44e0     <common>
 0003:00010800       _CANAC2_1_receivemaxindex  100b4800     <common>
 0003:00010820       _CANAC2_1_sendindex        100b4820     <common>
 0003:00010b40       _CANAC2_1_sendmaxindex     100b4b40     <common>
 0003:00010b60       _CANAC2_2_receive          100b4b60     <common>
 0003:00010e80       _CANAC2_2_send             100b4e80     <common>
 0003:000111a0       _CANAC2_1_receive          100b51a0     <common>
 0003:000114c0       _CANAC2_1_send             100b54c0     <common>
 0003:000117e0       _siepowercan_can_object_buffer_port2 100b57e0     <common>
 0003:00015800       _siepowercan_can_object_buffer_port1 100b9800     <common>
 0003:00019800       _rtNaNF                    100bd800     <common>
 0003:00019814       _rtMinusInfF               100bd814     <common>
 0003:00019818       _rtInfF                    100bd818     <common>
 0003:00019820       _rtNaN                     100bd820     <common>
 0003:00019828       _rtMinusInf                100bd828     <common>
 0003:00019830       _rtInf                     100bd830     <common>
 0003:00019838       ?_OptionsStorage@?1??__local_stdio_printf_options@@9@9 100bd838     <common>
 0003:0001c9a0       _Analog_Solution_M_        100c09a0     <common>
 0003:0002a560       _xpcDev_1                  100ce560     <common>
 0003:0002a5e0       _Analog_Solution_DW        100ce5e0     <common>
 0003:0002a9c0       _Analog_Solution_B         100ce9c0     <common>
 0003:0002bfe0       _CloseClientSocket         100cffe0     <common>
 0003:0002c048       _ConnectClientSocket       100d0048     <common>
 0003:0002c04c       _BindClientSocket          100d004c     <common>
 0003:0002c050       _CreateClientSocket        100d0050     <common>
 0003:0002c054       _CloseServerSocket         100d0054     <common>
 0003:0002c058       _ConnectServerSocket       100d0058     <common>
 0003:0002c05c       _OpenServerListen          100d005c     <common>
 0003:0002c060       _CreateServerSocket        100d0060     <common>
 0003:0002c064       _SocketReceive             100d0064     <common>
 0003:0002c068       _SocketSend                100d0068     <common>
 0003:0002c06c       _GetSocketState            100d006c     <common>
 0003:0002c070       _GetSocket                 100d0070     <common>
 0003:0002c074       _socket                    100d0074     <common>
 0003:0002c078       _inet_addr                 100d0078     <common>
 0003:0002c07c       _sendto                    100d007c     <common>
 0003:0002c080       _recvfrom                  100d0080     <common>
 0003:0002c084       _listen                    100d0084     <common>
 0003:0002c088       _ioctlsocket               100d0088     <common>
 0003:0002c08c       _connect                   100d008c     <common>
 0003:0002c090       _closesocket               100d0090     <common>
 0003:0002c094       _setsockopt                100d0094     <common>
 0003:0002c098       _bind                      100d0098     <common>
 0003:0002c09c       _accept                    100d009c     <common>
 0003:0002c0a0       _GetHostTarIPAdd           100d00a0     <common>
 0003:0002c0a4       _GetDCUUsage               100d00a4     <common>
 0003:0002c0a8       _DeleteRoute               100d00a8     <common>
 0003:0002c0ac       _AddGatewayRoute           100d00ac     <common>
 0003:0002c0b0       _SetIP                     100d00b0     <common>
 0003:0002c0b4       _CloseInterface            100d00b4     <common>
 0003:0002c0b8       _OpenInterface             100d00b8     <common>
 0003:0002c0bc       _SetIPTASKPriority         100d00bc     <common>
 0003:0002c0c0       _isUsedByRTIP              100d00c0     <common>
 0003:0002c0c4       _slrtWarning               100d00c4     <common>
 0003:0002c0c8       _slrtGetCPUTCelsius        100d00c8     <common>
 0003:0002c0cc       _geterrorstring            100d00cc     <common>
 0003:0002c0d0       _getlasterror              100d00d0     <common>
 0003:0002c0d4       _slrtLogEvent              100d00d4     <common>
 0003:0002c0d8       _slrtGetDefaultDrive       100d00d8     <common>
 0003:0002c0dc       _slrtfsFread               100d00dc     <common>
 0003:0002c0e0       _slrtfsGetFileStatus       100d00e0     <common>
 0003:0002c0e4       _slrtfsOpenFileAsync       100d00e4     <common>
 0003:0002c0e8       _slrtfsCloseFileAsync      100d00e8     <common>
 0003:0002c0ec       _slrtfsGetFileErrorMessage 100d00ec     <common>
 0003:0002c0f0       _slrtfsGetFileError        100d00f0     <common>
 0003:0002c0f4       _slrtfsWriteToFile         100d00f4     <common>
 0003:0002c0f8       _slrtfsCloseFile           100d00f8     <common>
 0003:0002c0fc       _slrtfsOpenFile            100d00fc     <common>
 0003:0002c100       _slrtGetSgCRBSpace         100d0100     <common>
 0003:0002c104       _slrtGetCRBScratchSpace    100d0104     <common>
 0003:0002c108       _slrteSetupMSI             100d0108     <common>
 0003:0002c10c       _slTestRegAssessment       100d010c     <common>
 0003:0002c110       _slTestTerminate           100d0110     <common>
 0003:0002c114       _slTestEvalOnFail          100d0114     <common>
 0003:0002c118       _slTestLogAssessments      100d0118     <common>
 0003:0002c11c       _slTestInitialize          100d011c     <common>
 0003:0002c120       _unRegisterPTPTimeRead     100d0120     <common>
 0003:0002c124       _registerPTPTimeRead       100d0124     <common>
 0003:0002c128       _slrteGetCurrentStepSize   100d0128     <common>
 0003:0002c12c       _slrteSetStepSizeDelta     100d012c     <common>
 0003:0002c130       _xpceGetIntTimerGranularityNS 100d0130     <common>
 0003:0002c134       _xpceDAQUpdateTimeStamp    100d0134     <common>
 0003:0002c138       _xpceDAQPostEvent          100d0138     <common>
 0003:0002c13c       _StreamVideo               100d013c     <common>
 0003:0002c140       _StopVideoDisplay          100d0140     <common>
 0003:0002c144       _StartVideoDisplay         100d0144     <common>
 0003:0002c148       _DestroyVideoDisplay       100d0148     <common>
 0003:0002c14c       _CreateVideoDisplay        100d014c     <common>
 0003:0002c150       _ConvertUImage             100d0150     <common>
 0003:0002c154       _StopVideo                 100d0154     <common>
 0003:0002c158       _ReadFrameBuffer           100d0158     <common>
 0003:0002c15c       _StartVideo                100d015c     <common>
 0003:0002c160       _GetVideoConfigs           100d0160     <common>
 0003:0002c164       _FindUsbVideoDevice        100d0164     <common>
 0003:0002c168       _xpceDeleteSemaphore       100d0168     <common>
 0003:0002c16c       _xpceSignalSemaphore       100d016c     <common>
 0003:0002c170       _xpceWaitSemaphore         100d0170     <common>
 0003:0002c174       _xpceCreateSemaphore       100d0174     <common>
 0003:0002c178       _TBGiveSpinFast            100d0178     <common>
 0003:0002c17c       _TBTakeSpinFast            100d017c     <common>
 0003:0002c180       _TBDeleteSpin              100d0180     <common>
 0003:0002c184       _TBCreateSpin              100d0184     <common>
 0003:0002c188       _xpceScopeAcqOK            100d0188     <common>
 0003:0002c18c       _rl32eRestartAcquisition   100d018c     <common>
 0003:0002c190       _rl32eSetTargetScopeSigFt  100d0190     <common>
 0003:0002c194       _rl32eSetTargetScope       100d0194     <common>
 0003:0002c198       _xpceFSScopeSet            100d0198     <common>
 0003:0002c19c       _rl32eSetScope             100d019c     <common>
 0003:0002c1a0       _rl32eAddSignal            100d01a0     <common>
 0003:0002c1a4       _rl32eGetSignalNo          100d01a4     <common>
 0003:0002c1a8       _rl32eDefScope             100d01a8     <common>
 0003:0002c1ac       _rl32eScopeExists          100d01ac     <common>
 0003:0002c1b0       _xpceGetParamDims          100d01b0     <common>
 0003:0002c1b4       _xpceGetParameter          100d01b4     <common>
 0003:0002c1b8       _xpceSetParameter          100d01b8     <common>
 0003:0002c1bc       _xpceGetSignalValue        100d01bc     <common>
 0003:0002c1c0       _xpceAssignPCIInterrupt    100d01c0     <common>
 0003:0002c1c4       _rl32eGetPCIInfoAtSlot     100d01c4     <common>
 0003:0002c1c8       _rl32eGetPCIInfo           100d01c8     <common>
 0003:0002c1cc       _rl32eShowPCIInfo          100d01cc     <common>
 0003:0002c1d0       _rl32eShowPCIDev           100d01d0     <common>
 0003:0002c1d4       _xpceGetTET                100d01d4     <common>
 0003:0002c1d8       _xpceaddEvent              100d01d8     <common>
 0003:0002c1dc       _xpceDeRegisterISR         100d01dc     <common>
 0003:0002c1e0       _xpceRegisterISR           100d01e0     <common>
 0003:0002c1e4       _xpcIsModelInit            100d01e4     <common>
 0003:0002c1e8       _xpcGetElapsedTime         100d01e8     <common>
 0003:0002c1ec       _xpcBusyWait               100d01ec     <common>
 0003:0002c1f0       _xpcFreePhysicalMemory     100d01f0     <common>
 0003:0002c1f4       _xpcAllocPhysicalMemory    100d01f4     <common>
 0003:0002c1f8       _xpcReserveMemoryRegion    100d01f8     <common>
 0003:0002c1fc       _xpcOutpB                  100d01fc     <common>
 0003:0002c200       _xpcOutpW                  100d0200     <common>
 0003:0002c204       _xpcOutpDW                 100d0204     <common>
 0003:0002c208       _xpcInpB                   100d0208     <common>
 0003:0002c20c       _xpcInpW                   100d020c     <common>
 0003:0002c210       _xpcInpDW                  100d0210     <common>
 0003:0002c214       ___scrt_ucrt_dll_is_in_use 100d0214     <common>
 0003:0002c220       ___dyn_tls_init_callback   100d0220     <common>
 0003:0002c22c       __pDestructExceptionObject 100d022c     <common>
 0003:0002c238       __pmatherr                 100d0238     <common>
 0003:0002c244       ___use_sse2_mathfcns       100d0244     <common>
 0004:00000000       __imp__SystemFunction036@8 100d1000     advapi32:ADVAPI32.dll
 0004:00000004       \177ADVAPI32_NULL_THUNK_DATA 100d1004     advapi32:ADVAPI32.dll
 0004:00000030       __imp__UnhandledExceptionFilter@4 100d1030     kernel32:KERNEL32.dll
 0004:00000034       __imp__SetUnhandledExceptionFilter@4 100d1034     kernel32:KERNEL32.dll
 0004:00000038       __imp__GetCurrentProcess@0 100d1038     kernel32:KERNEL32.dll
 0004:0000003c       __imp__TerminateProcess@8  100d103c     kernel32:KERNEL32.dll
 0004:00000040       __imp__IsProcessorFeaturePresent@4 100d1040     kernel32:KERNEL32.dll
 0004:00000044       __imp__QueryPerformanceCounter@4 100d1044     kernel32:KERNEL32.dll
 0004:00000048       __imp__GetCurrentProcessId@0 100d1048     kernel32:KERNEL32.dll
 0004:0000004c       __imp__GetCurrentThreadId@0 100d104c     kernel32:KERNEL32.dll
 0004:00000050       __imp__GetSystemTimeAsFileTime@4 100d1050     kernel32:KERNEL32.dll
 0004:00000054       __imp__InitializeSListHead@4 100d1054     kernel32:KERNEL32.dll
 0004:00000058       __imp__IsDebuggerPresent@0 100d1058     kernel32:KERNEL32.dll
 0004:0000005c       __imp__GetStartupInfoW@4   100d105c     kernel32:KERNEL32.dll
 0004:00000060       __imp__GetModuleHandleW@4  100d1060     kernel32:KERNEL32.dll
 0004:00000064       __imp__GetLastError@0      100d1064     kernel32:KERNEL32.dll
 0004:00000068       __imp__GetModuleFileNameW@12 100d1068     kernel32:KERNEL32.dll
 0004:0000006c       __imp__InterlockedPushEntrySList@8 100d106c     kernel32:KERNEL32.dll
 0004:00000070       __imp__InterlockedFlushSList@4 100d1070     kernel32:KERNEL32.dll
 0004:00000074       __imp__InitializeCriticalSectionAndSpinCount@8 100d1074     kernel32:KERNEL32.dll
 0004:00000078       __imp__TlsAlloc@0          100d1078     kernel32:KERNEL32.dll
 0004:0000007c       __imp__TlsGetValue@4       100d107c     kernel32:KERNEL32.dll
 0004:00000080       __imp__TlsSetValue@8       100d1080     kernel32:KERNEL32.dll
 0004:00000084       __imp__TlsFree@4           100d1084     kernel32:KERNEL32.dll
 0004:00000088       __imp__FreeLibrary@4       100d1088     kernel32:KERNEL32.dll
 0004:0000008c       __imp__LoadLibraryExW@12   100d108c     kernel32:KERNEL32.dll
 0004:00000090       __imp__RtlUnwind@16        100d1090     kernel32:KERNEL32.dll
 0004:00000094       __imp__SetLastError@4      100d1094     kernel32:KERNEL32.dll
 0004:00000098       __imp__EnterCriticalSection@4 100d1098     kernel32:KERNEL32.dll
 0004:0000009c       __imp__LeaveCriticalSection@4 100d109c     kernel32:KERNEL32.dll
 0004:000000a0       __imp__DeleteCriticalSection@4 100d10a0     kernel32:KERNEL32.dll
 0004:000000a4       __imp__GetStdHandle@4      100d10a4     kernel32:KERNEL32.dll
 0004:000000a8       __imp__GetFileType@4       100d10a8     kernel32:KERNEL32.dll
 0004:000000ac       __imp__GetModuleFileNameA@12 100d10ac     kernel32:KERNEL32.dll
 0004:000000b0       __imp__GetModuleHandleExW@12 100d10b0     kernel32:KERNEL32.dll
 0004:000000b4       __imp__WriteConsoleW@20    100d10b4     kernel32:KERNEL32.dll
 0004:000000b8       __imp__ExitProcess@4       100d10b8     kernel32:KERNEL32.dll
 0004:000000bc       __imp__RaiseException@16   100d10bc     kernel32:KERNEL32.dll
 0004:000000c0       __imp__MultiByteToWideChar@24 100d10c0     kernel32:KERNEL32.dll
 0004:000000c4       __imp__WideCharToMultiByte@32 100d10c4     kernel32:KERNEL32.dll
 0004:000000c8       __imp__HeapFree@12         100d10c8     kernel32:KERNEL32.dll
 0004:000000cc       __imp__HeapAlloc@12        100d10cc     kernel32:KERNEL32.dll
 0004:000000d0       __imp__GetProcAddress@8    100d10d0     kernel32:KERNEL32.dll
 0004:000000d4       __imp__GetTimeFormatW@24   100d10d4     kernel32:KERNEL32.dll
 0004:000000d8       __imp__CompareStringW@24   100d10d8     kernel32:KERNEL32.dll
 0004:000000dc       __imp__LCMapStringW@24     100d10dc     kernel32:KERNEL32.dll
 0004:000000e0       __imp__GetLocaleInfoW@16   100d10e0     kernel32:KERNEL32.dll
 0004:000000e4       __imp__IsValidLocale@8     100d10e4     kernel32:KERNEL32.dll
 0004:000000e8       __imp__GetUserDefaultLCID@0 100d10e8     kernel32:KERNEL32.dll
 0004:000000ec       __imp__EnumSystemLocalesW@8 100d10ec     kernel32:KERNEL32.dll
 0004:000000f0       __imp__GetCurrentThread@0  100d10f0     kernel32:KERNEL32.dll
 0004:000000f4       __imp__GetACP@0            100d10f4     kernel32:KERNEL32.dll
 0004:000000f8       __imp__WriteFile@20        100d10f8     kernel32:KERNEL32.dll
 0004:000000fc       __imp__OutputDebugStringA@4 100d10fc     kernel32:KERNEL32.dll
 0004:00000100       __imp__OutputDebugStringW@4 100d1100     kernel32:KERNEL32.dll
 0004:00000104       __imp__CloseHandle@4       100d1104     kernel32:KERNEL32.dll
 0004:00000108       __imp__WaitForSingleObjectEx@12 100d1108     kernel32:KERNEL32.dll
 0004:0000010c       __imp__CreateThread@24     100d110c     kernel32:KERNEL32.dll
 0004:00000110       __imp__SetConsoleCtrlHandler@8 100d1110     kernel32:KERNEL32.dll
 0004:00000114       __imp__HeapReAlloc@16      100d1114     kernel32:KERNEL32.dll
 0004:00000118       __imp__ReadFile@20         100d1118     kernel32:KERNEL32.dll
 0004:0000011c       __imp__GetConsoleMode@8    100d111c     kernel32:KERNEL32.dll
 0004:00000120       __imp__ReadConsoleW@20     100d1120     kernel32:KERNEL32.dll
 0004:00000124       __imp__GetConsoleCP@0      100d1124     kernel32:KERNEL32.dll
 0004:00000128       __imp__DeleteFileW@4       100d1128     kernel32:KERNEL32.dll
 0004:0000012c       __imp__SetFilePointerEx@20 100d112c     kernel32:KERNEL32.dll
 0004:00000130       __imp__IsValidCodePage@4   100d1130     kernel32:KERNEL32.dll
 0004:00000134       __imp__GetOEMCP@0          100d1134     kernel32:KERNEL32.dll
 0004:00000138       __imp__GetCPInfo@8         100d1138     kernel32:KERNEL32.dll
 0004:0000013c       __imp__GetEnvironmentStringsW@0 100d113c     kernel32:KERNEL32.dll
 0004:00000140       __imp__FreeEnvironmentStringsW@4 100d1140     kernel32:KERNEL32.dll
 0004:00000144       __imp__SetEnvironmentVariableA@8 100d1144     kernel32:KERNEL32.dll
 0004:00000148       __imp__SetEnvironmentVariableW@8 100d1148     kernel32:KERNEL32.dll
 0004:0000014c       __imp__GetProcessHeap@0    100d114c     kernel32:KERNEL32.dll
 0004:00000150       __imp__GetCommandLineA@0   100d1150     kernel32:KERNEL32.dll
 0004:00000154       __imp__GetCommandLineW@0   100d1154     kernel32:KERNEL32.dll
 0004:00000158       __imp__GetStringTypeW@16   100d1158     kernel32:KERNEL32.dll
 0004:0000015c       __imp__FlushFileBuffers@4  100d115c     kernel32:KERNEL32.dll
 0004:00000160       __imp__SetStdHandle@8      100d1160     kernel32:KERNEL32.dll
 0004:00000164       __imp__CreateFileW@28      100d1164     kernel32:KERNEL32.dll
 0004:00000168       __imp__HeapSize@12         100d1168     kernel32:KERNEL32.dll
 0004:0000016c       __imp__SetEndOfFile@4      100d116c     kernel32:KERNEL32.dll
 0004:00000170       __imp__EncodePointer@4     100d1170     kernel32:KERNEL32.dll
 0004:00000174       __imp__DecodePointer@4     100d1174     kernel32:KERNEL32.dll
 0004:00000178       __imp__GetDateFormatW@24   100d1178     kernel32:KERNEL32.dll
 0004:0000017c       __imp__GetModuleHandleA@4  100d117c     kernel32:KERNEL32.dll
 0004:00000180       \177KERNEL32_NULL_THUNK_DATA 100d1180     kernel32:KERNEL32.dll
 0004:000001ec       __IMPORT_DESCRIPTOR_KERNEL32 100d11ec     kernel32:KERNEL32.dll
 0004:00000200       __IMPORT_DESCRIPTOR_ADVAPI32 100d1200     advapi32:ADVAPI32.dll
 0004:00000214       __NULL_IMPORT_DESCRIPTOR   100d1214     kernel32:KERNEL32.dll
 0005:00000000       ___guard_check_icall_fptr  100d2000     LIBCMT:guard_support.obj
