 Control_software_v1_1_slrt

 Timestamp is 58ec8e75 (Tue Apr 11 10:06:13 2017)

 Preferred load address is 10000000

 Start         Length     Name                   Class
 0001:00000000 00006b5aH .text                   CODE
 0001:00006b60 00086e73H .text$mn                CODE
 0002:00000000 00000104H .CRT$XCA                DATA
 0002:00000104 00000104H .CRT$XCZ                DATA
 0002:00000208 00000104H .CRT$XIA                DATA
 0002:0000030c 0000010eH .CRT$XIC                DATA
 0002:0000041c 00000104H .CRT$XIZ                DATA
 0002:00000520 00000104H .CRT$XPA                DATA
 0002:00000624 00000109H .CRT$XPX                DATA
 0002:00000730 00000104H .CRT$XPXA               DATA
 0002:00000834 00000104H .CRT$XPZ                DATA
 0002:00000938 00000104H .CRT$XTA                DATA
 0002:00000a3c 00000104H .CRT$XTZ                DATA
 0002:00000b40 0002679dH .rdata                  DATA
 0002:000272e0 0000038aH .rdata$r                DATA
 0002:00027670 0000010eH .rdata$sxdata           DATA
 0002:00027780 00000113H .rdata$zETW0            DATA
 0002:00027893 0000018eH .rdata$zETW1            DATA
 0002:00027a21 00000134H .rdata$zETW2            DATA
 0002:00027b55 00000101H .rdata$zETW9            DATA
 0002:00027c58 000001d3H .rdata$zzzdbg           DATA
 0002:00027e2c 00000104H .rtc$IAA                DATA
 0002:00027f30 00000104H .rtc$IZZ                DATA
 0002:00028034 00000104H .rtc$TAA                DATA
 0002:00028138 00000104H .rtc$TZZ                DATA
 0002:00028240 00000b2cH .xdata$x                DATA
 0002:00028d70 000001f1H .edata                  DATA
 0003:00000000 00005bbaH .data                   DATA
 0003:00005bbc 000001d4H .data$r                 DATA
 0003:00005da0 000564d0H .bss                    DATA
 0004:00000000 000001fcH .idata$5                DATA
 0004:000001fc 00000028H .idata$2                DATA
 0004:00000224 00000014H .idata$3                DATA
 0004:00000238 000001fcH .idata$4                DATA
 0004:00000434 00000849H .idata$6                DATA
 0005:00000000 00000104H .00cfg                  DATA

  Address         Publics by Value              Rva+Base       Lib:Object

 0000:00000000       ___guard_fids_table        00000000     <absolute>
 0000:00000000       ___guard_fids_count        00000000     <absolute>
 0000:00000000       __except_list              00000000     <absolute>
 0000:00000003       ___safe_se_handler_count   00000003     <absolute>
 0000:00000100       ___guard_flags             00000100     <absolute>
 0000:00000000       ___ImageBase               10000000     <linker-defined>
 0001:00006865       ?TraceLoggingRegister@__vcrt_trace_logging_provider@@YAJPBU_TlgProvider_t@1@PBU_GUID@@P6GX1KE_K2PAU_EVENT_FILTER_DESCRIPTOR@@PAX@Z4@Z 10007865 f i libvcruntime:telemetry.obj
 0001:000068d9       ?TraceLoggingSetInformation@__vcrt_trace_logging_provider@@YAJPBU_TlgProvider_t@1@W4_EVENT_INFO_CLASS@@PAXK@Z 100078d9 f i libvcruntime:telemetry.obj
 0001:0000690e       ?TraceLoggingUnregister@__vcrt_trace_logging_provider@@YAXPBU_TlgProvider_t@1@@Z 1000790e f i libvcruntime:telemetry.obj
 0001:00006934       ?_TlgCreateSz@__vcrt_trace_logging_provider@@YAXPAU_EVENT_DATA_DESCRIPTOR@@PBD@Z 10007934 f i libvcruntime:telemetry.obj
 0001:0000697a       ?_TlgCreateWsz@__vcrt_trace_logging_provider@@YAXPAU_EVENT_DATA_DESCRIPTOR@@PB_W@Z 1000797a f i libvcruntime:telemetry.obj
 0001:000069cf       ?_TlgEnableCallback@__vcrt_trace_logging_provider@@YGXPBU_GUID@@KE_K1PAU_EVENT_FILTER_DESCRIPTOR@@PAX@Z 100079cf f i libvcruntime:telemetry.obj
 0001:00006a65       ?_TlgKeywordOn@__vcrt_trace_logging_provider@@YAEPBU_TlgProvider_t@1@_K@Z 10007a65 f i libvcruntime:telemetry.obj
 0001:00006ab0       ?_TlgWrite@__vcrt_trace_logging_provider@@YAJPBU_TlgProvider_t@1@PBXPBU_GUID@@2IPAU_EVENT_DATA_DESCRIPTOR@@@Z 10007ab0 f i libvcruntime:telemetry.obj
 0001:00006b60       _C_EmbeddedMATLABFunction1_g 10007b60 f   Control_software_v1_1.obj
 0001:00006ef0       _Co_EmbeddedMATLABFunction_b 10007ef0 f   Control_software_v1_1.obj
 0001:00007560       _Co_EmbeddedMATLABFunction_k 10008560 f   Control_software_v1_1.obj
 0001:00007df0       _Con_EmbeddedMATLABFunction1 10008df0 f   Control_software_v1_1.obj
 0001:00007f30       _Cont_EmbeddedMATLABFunction 10008f30 f   Control_software_v1_1.obj
 0001:000082b0       _Control_soft_RS232ISR_Start 100092b0 f   Control_software_v1_1.obj
 0001:00008780       _Control_softw_RS232ISR_Term 10009780 f   Control_software_v1_1.obj
 0001:00008c20       _Control_software_v1_1     10009c20 f   Control_software_v1_1.obj
 0001:00017460       _Control_software_v_RS232ISR 10018460 f   Control_software_v1_1.obj
 0001:00017920       _MdlInitialize             10018920 f   Control_software_v1_1.obj
 0001:00017930       _MdlInitializeSampleTimes  10018930 f   Control_software_v1_1.obj
 0001:00017940       _MdlInitializeSizes        10018940 f   Control_software_v1_1.obj
 0001:00017950       _MdlOutputs                10018950 f   Control_software_v1_1.obj
 0001:000179c0       _MdlStart                  100189c0 f   Control_software_v1_1.obj
 0001:000179d0       _MdlTerminate              100189d0 f   Control_software_v1_1.obj
 0001:000179e0       _MdlUpdate                 100189e0 f   Control_software_v1_1.obj
 0001:00017a40       ___local_stdio_printf_options 10018a40 f i Control_software_v1_1.obj
 0001:00017a50       __vfprintf_l               10018a50 f i Control_software_v1_1.obj
 0001:00017a80       __vsnprintf_l              10018a80 f i Control_software_v1_1.obj
 0001:00017ac0       __vsprintf_l               10018ac0 f i Control_software_v1_1.obj
 0001:00017b00       _printf                    10018b00 f i Control_software_v1_1.obj
 0001:00017c30       _rt_SimUpdateDiscreteEvents 10018c30 f   Control_software_v1_1.obj
 0001:00017c90       _rt_powd_snf               10018c90 f   Control_software_v1_1.obj
 0001:00017f10       _sprintf                   10018f10 f i Control_software_v1_1.obj
 0001:00017f50       _xPCISR1                   10018f50 f   Control_software_v1_1.obj
 0001:00018050       _rt_mxCreateCharMatrixFromStrings 10019050 f   rt_matrx.obj
 0001:000181b0       _rt_mxCreateDoubleMatrix   100191b0 f   rt_matrx.obj
 0001:00018210       _rt_mxCreateNumericArray   10019210 f   rt_matrx.obj
 0001:00018290       _rt_mxCreateString         10019290 f   rt_matrx.obj
 0001:00018320       _rt_mxDuplicateArray       10019320 f   rt_matrx.obj
 0001:00018380       _rt_mxGetDimensions        10019380 f   rt_matrx.obj
 0001:000183c0       _rt_mxGetEps               100193c0 f   rt_matrx.obj
 0001:000183d0       _rt_mxGetString            100193d0 f   rt_matrx.obj
 0001:00018450       _rtPrintfNoOp              10019450 f   rt_printf.obj
 0001:00018460       _Control_software_v1_1_GetCAPIStaticMap 10019460 f   Control_software_v1_1_capi.obj
 0001:00018470       _Control_software_v1_1_InitializeDataMapInfo 10019470 f   Control_software_v1_1_capi.obj
 0001:00018500       _rtGetInf                  10019500 f   rtGetInf.obj
 0001:00018530       _rtGetInfF                 10019530 f   rtGetInf.obj
 0001:00018550       _rtGetMinusInf             10019550 f   rtGetInf.obj
 0001:00018580       _rtGetMinusInfF            10019580 f   rtGetInf.obj
 0001:000185a0       _rtGetNaN                  100195a0 f   rtGetNaN.obj
 0001:000185d0       _rtGetNaNF                 100195d0 f   rtGetNaN.obj
 0001:000185f0       _rtIsInf                   100195f0 f   rt_nonfinite.obj
 0001:00018630       _rtIsInfF                  10019630 f   rt_nonfinite.obj
 0001:00018670       _rtIsNaN                   10019670 f   rt_nonfinite.obj
 0001:00018690       _rtIsNaNF                  10019690 f   rt_nonfinite.obj
 0001:000186b0       _rt_InitInfAndNaN          100196b0 f   rt_nonfinite.obj
 0001:00018710       _rt_CleanUpForStateLogWithMMI 10019710 f   rt_logging_mmi.obj
 0001:00018820       _rt_FillStateSigInfoFromMMI 10019820 f   rt_logging_mmi.obj
 0001:00018bc0       _rtwCAPI_CountSysRan       10019bc0 f   rtw_modelmap_utils.obj
 0001:00018c60       _rtwCAPI_EncodePath        10019c60 f   rtw_modelmap_utils.obj
 0001:00018d60       _rtwCAPI_FillSysRan        10019d60 f   rtw_modelmap_utils.obj
 0001:00018e50       _rtwCAPI_FreeFullPaths     10019e50 f   rtw_modelmap_utils.obj
 0001:00018ee0       _rtwCAPI_GetFullStateBlockPath 10019ee0 f   rtw_modelmap_utils.obj
 0001:00019090       _rtwCAPI_GetNumContStateRecords 1001a090 f   rtw_modelmap_utils.obj
 0001:00019150       _rtwCAPI_GetNumSigLogRecords 1001a150 f   rtw_modelmap_utils.obj
 0001:000191a0       _rtwCAPI_GetNumSigLogRecordsForRTWLogging 1001a1a0 f   rtw_modelmap_utils.obj
 0001:00019230       _rtwCAPI_GetNumStateRecords 1001a230 f   rtw_modelmap_utils.obj
 0001:00019280       _rtwCAPI_GetNumStateRecordsForRTWLogging 1001a280 f   rtw_modelmap_utils.obj
 0001:00019310       _rtwCAPI_GetSigAddrFromMap 1001a310 f   rtw_modelmap_utils.obj
 0001:000193d0       _rtwCAPI_GetSigLogRecordInfo 1001a3d0 f   rtw_modelmap_utils.obj
 0001:00019800       _rtwCAPI_GetStateRecordInfo 1001a800 f   rtw_modelmap_utils.obj
 0001:00019cb0       _rtwCAPI_GetStateWidth     1001acb0 f   rtw_modelmap_utils.obj
 0001:00019d10       _rtwCAPI_HasStates         1001ad10 f   rtw_modelmap_utils.obj
 0001:00019d80       _rtwCAPI_UpdateFullPaths   1001ad80 f   rtw_modelmap_utils.obj
 0001:00019f60       _fprintf                   1001af60 f i rt_logging.obj
 0001:0001a860       _rt_CreateLogVar           1001b860 f   rt_logging.obj
 0001:0001a8f0       _rt_CreateLogVarWithConvert 1001b8f0 f   rt_logging.obj
 0001:0001b240       _rt_CreateStructLogVar     1001c240 f   rt_logging.obj
 0001:0001bfa0       _rt_GetMxIdFromDTypeId     1001cfa0 f   rt_logging.obj
 0001:0001bfd0       _rt_GetMxIdFromDTypeIdForRSim 1001cfd0 f   rt_logging.obj
 0001:0001e8a0       _rt_StartDataLogging       1001f8a0 f   rt_logging.obj
 0001:0001ed60       _rt_StartDataLoggingWithStartTime 1001fd60 f   rt_logging.obj
 0001:0001f6b0       _rt_StopDataLogging        100206b0 f   rt_logging.obj
 0001:0001f6d0       _rt_StopDataLoggingImpl    100206d0 f   rt_logging.obj
 0001:0001fa00       _rt_UpdateLogVar           10020a00 f   rt_logging.obj
 0001:00020b20       _rt_UpdateStructLogVar     10021b20 f   rt_logging.obj
 0001:00020bb0       _rt_UpdateTXXFYLogVars     10021bb0 f   rt_logging.obj
 0001:00020ef0       _rt_UpdateTXYLogVars       10021ef0 f   rt_logging.obj
 0001:00021140       _Control_software_v1_1_ChangeStepSize 10022140 f   xpctarget.obj
 0001:000211f0       _DllMain@12                100221f0 f   xpctarget.obj
 0001:00021200       _SLRTSetErrorStatus        10022200 f   xpctarget.obj
 0001:00021220       _changeStepSize            10022220 f   xpctarget.obj
 0001:000212e0       _getDLMVersion             100222e0 f   xpctarget.obj
 0001:000212f0       _getRefMdlPath             100222f0 f   xpctarget.obj
 0001:00021370       _getRefMdlSignalNumber     10022370 f   xpctarget.obj
 0001:00021420       _getrlmdlinfo              10022420 f   xpctarget.obj
 0001:00021600       _updateDiscreteEvents      10022600 f   xpctarget.obj
 0001:00021660       _getNumRef                 10022660 f   appmappingData.obj
 0001:00021670       _vprintf                   10022670 f i legacy_stdio.obj
 0001:000216b0       _adnipcim                  100226b0 f   adnipcim.obj
 0001:00022080       _danipcim                  10023080 f   danipcim.obj
 0001:00022820       _dinipcim                  10023820 f   dinipcim.obj
 0001:00022bc0       _donipcim                  10023bc0 f   donipcim.obj
 0001:000230b0       _fiforead                  100240b0 f   fiforead.obj
 0001:000237d0       _fiforeadhdr               100247d0 f   fiforeadhdr.obj
 0001:00024320       _fifowrite                 10025320 f   fifowrite.obj
 0001:00024a40       _filterqua                 10025a40 f   filterqua.obj
 0001:00024d50       _iqueryqua                 10025d50 f   iqueryqua.obj
 0001:00025470       _pfidinipcim               10026470 f   pfidinipcim.obj
 0001:00025a70       _pfidonipcim               10026a70 f   pfidonipcim.obj
 0001:00025dd0       _serreadqua                10026dd0 f   serreadqua.obj
 0001:00026080       _sertxenable               10027080 f   sertxenable.obj
 0001:000264e0       _serwritequa               100274e0 f   serwritequa.obj
 0001:00026b20       _setupqua                  10027b20 f   setupqua.obj
 0001:00026f10       _sg_IO751_receive_s        10027f10 f   sg_IO751_receive_s.obj
 0001:000272e0       _sg_IO751_send_s           100282e0 f   sg_IO751_send_s.obj
 0001:000279a0       _sg_IO751_setup_s          100289a0 f   sg_IO751_setup_s.obj
 0001:000279f0       _DaysPerMonthCumulative    100289f0 f   xpcwalltime.obj
 0001:00027a30       _IsLeapYear                10028a30 f   xpcwalltime.obj
 0001:00027aa0       _LocalTimeDelta            10028aa0 f   xpcwalltime.obj
 0001:00027c60       _TimeDelta                 10028c60 f   xpcwalltime.obj
 0001:000282a0       _rt_at_clk_is_bcd          100292a0 f   xpcwalltime.obj
 0001:000282d0       _rt_at_clk_is_uip          100292d0 f   xpcwalltime.obj
 0001:00028300       _rt_at_clk_read_alarm      10029300 f   xpcwalltime.obj
 0001:000283d0       _rt_at_clk_read_date       100293d0 f   xpcwalltime.obj
 0001:000285c0       _rt_at_clk_read_dow        100295c0 f   xpcwalltime.obj
 0001:00028630       _rt_at_clk_read_status_a   10029630 f   xpcwalltime.obj
 0001:00028680       _rt_at_clk_read_status_b   10029680 f   xpcwalltime.obj
 0001:00028720       _rt_at_clk_read_status_c   10029720 f   xpcwalltime.obj
 0001:00028780       _rt_at_clk_read_status_d   10029780 f   xpcwalltime.obj
 0001:000287b0       _xpcwalltime               100297b0 f   xpcwalltime.obj
 0001:00028860       _niMIdentify               10029860 f   xpcionim.obj
 0001:000289e0       _niM_AISetup               100299e0 f   xpcionim.obj
 0001:00028df0       _niM_AO_Setup              10029df0 f   xpcionim.obj
 0001:00028f80       _niM_Cont_Pulse_Train_Generation 10029f80 f   xpcionim.obj
 0001:000290c0       _niM_Counter_Reset_All     1002a0c0 f   xpcionim.obj
 0001:00029170       _niM_CtrArm                1002a170 f   xpcionim.obj
 0001:00029190       _niM_CtrDisarm             1002a190 f   xpcionim.obj
 0001:000291b0       _niM_CtrReadArm            1002a1b0 f   xpcionim.obj
 0001:000291d0       _niM_CtrReadDisarm         1002a1d0 f   xpcionim.obj
 0001:000291f0       _niM_PeriodConfigure       1002a1f0 f   xpcionim.obj
 0001:00029360       _niM_Private_Data          1002a360 f   xpcionim.obj
 0001:00029940       _niM_SetPFIFilter          1002a940 f   xpcionim.obj
 0001:000299c0       _niM_SetPFI_DO             1002a9c0 f   xpcionim.obj
 0001:00029a00       _niM_SetPFI_Select         1002aa00 f   xpcionim.obj
 0001:00029a80       _niM_aiConfigureChannel    1002aa80 f   xpcionim.obj
 0001:00029af0       _niM_aiGetScalingCoefficients 1002aaf0 f   xpcionim.obj
 0001:00029cd0       _niM_aiPolynomialScaler    1002acd0 f   xpcionim.obj
 0001:00029e00       _niM_analogTriggerReset    1002ae00 f   xpcionim.obj
 0001:00029e50       _niM_aoConfigureDAC        1002ae50 f   xpcionim.obj
 0001:00029ea0       _niM_aoGetScalingCoefficients 1002aea0 f   xpcionim.obj
 0001:00029f50       _niM_aoLinearScaler        1002af50 f   xpcionim.obj
 0001:00029f80       _niM_configureTimebase     1002af80 f   xpcionim.obj
 0001:00029fa0       _niM_eepromReadMSeries     1002afa0 f   xpcionim.obj
 0001:0002a070       _niM_pllReset              1002b070 f   xpcionim.obj
 0001:0002a0a0       _niM_resetCtr              1002b0a0 f   xpcionim.obj
 0001:0002a0c0       _niM_whichBank             1002b0c0 f   xpcionim.obj
 0001:0002a100       _niMconfig                 1002b100 f   xpcionim.obj
 0001:0002a1a0       _quatechinit               1002b1a0 f   quatechinit.obj
 0001:0002a400       _GetNetworkAddress         1002b400 f   sg_netxLib_MSVC140_vc:sg_cifx_ext_fcn.obj
 0001:0002a490       _sg_cifx_DSR_handler       1002b490 f   sg_netxLib_MSVC140_vc:sg_cifx_ext_fcn.obj
 0001:0002a4d0       _sg_cifx_config_data       1002b4d0 f   sg_netxLib_MSVC140_vc:sg_cifx_ext_fcn.obj
 0001:0002a530       _sg_cifx_cyclictimer       1002b530 f   sg_netxLib_MSVC140_vc:sg_cifx_ext_fcn.obj
 0001:0002a570       _sg_cifx_deinit            1002b570 f   sg_netxLib_MSVC140_vc:sg_cifx_ext_fcn.obj
 0001:0002a580       _sg_cifx_getstate          1002b580 f   sg_netxLib_MSVC140_vc:sg_cifx_ext_fcn.obj
 0001:0002a5d0       _sg_cifx_init              1002b5d0 f   sg_netxLib_MSVC140_vc:sg_cifx_ext_fcn.obj
 0001:0002ac50       _sg_cifx_init_modbus       1002bc50 f   sg_netxLib_MSVC140_vc:sg_cifx_ext_fcn.obj
 0001:0002b2c0       _sg_cifx_interrupt_handler 1002c2c0 f   sg_netxLib_MSVC140_vc:sg_cifx_ext_fcn.obj
 0001:0002b300       _sg_cifx_interrupt_init    1002c300 f   sg_netxLib_MSVC140_vc:sg_cifx_ext_fcn.obj
 0001:0002b390       _sg_cifx_read              1002c390 f   sg_netxLib_MSVC140_vc:sg_cifx_ext_fcn.obj
 0001:0002b4c0       _sg_cifx_setstate          1002c4c0 f   sg_netxLib_MSVC140_vc:sg_cifx_ext_fcn.obj
 0001:0002b520       _sg_cifx_startComm         1002c520 f   sg_netxLib_MSVC140_vc:sg_cifx_ext_fcn.obj
 0001:0002b580       _sg_cifx_stopComm          1002c580 f   sg_netxLib_MSVC140_vc:sg_cifx_ext_fcn.obj
 0001:0002b5e0       _sg_cifx_write             1002c5e0 f   sg_netxLib_MSVC140_vc:sg_cifx_ext_fcn.obj
 0001:0002b6d0       _sprintf_s                 1002c6d0 f i sg_netxLib_MSVC140_vc:sg_cifx_ext_fcn.obj
 0001:0002b710       _CheckWorkingDirectory     1002c710 f   sg_netxLib_MSVC140_vc:GeneralCifxData.obj
 0001:0002b7b0       _GetDataLengthByDataType   1002c7b0 f   sg_netxLib_MSVC140_vc:GeneralCifxData.obj
 0001:0002b810       _SetCommunicationValues    1002c810 f   sg_netxLib_MSVC140_vc:GeneralCifxData.obj
 0001:0002b900       _SetHelpArrayForObjectDictionary 1002c900 f   sg_netxLib_MSVC140_vc:GeneralCifxData.obj
 0001:0002b980       _SetProcessValuesForCyclicAndAcyclicCommunication 1002c980 f   sg_netxLib_MSVC140_vc:GeneralCifxData.obj
 0001:0002b9d0       _CreateAcylicObjectBuffer  1002c9d0 f   sg_netxLib_MSVC140_vc:AcyclicCommunication.obj
 0001:0002ba60       _DoUnregisterApplication   1002ca60 f   sg_netxLib_MSVC140_vc:AcyclicCommunication.obj
 0001:0002bbb0       _ReceiveAcyclicPacket      1002cbb0 f   sg_netxLib_MSVC140_vc:AcyclicCommunication.obj
 0001:0002bca0       _RegisterApplication       1002cca0 f   sg_netxLib_MSVC140_vc:AcyclicCommunication.obj
 0001:0002bd80       _RegisterApplicationConfirmation 1002cd80 f   sg_netxLib_MSVC140_vc:AcyclicCommunication.obj
 0001:0002be40       _RegisterApplicationRequest 1002ce40 f   sg_netxLib_MSVC140_vc:AcyclicCommunication.obj
 0001:0002bef0       _SendAcyclicPacket         1002cef0 f   sg_netxLib_MSVC140_vc:AcyclicCommunication.obj
 0001:0002c0a0       _SetAcyclicBufferPosition  1002d0a0 f   sg_netxLib_MSVC140_vc:AcyclicCommunication.obj
 0001:0002c0e0       _OS_CreateEvent            1002d0e0 f   sg_netxLib_MSVC140_vc:OS_Custom.obj
 0001:0002c0f0       _OS_CreateLock             1002d0f0 f   sg_netxLib_MSVC140_vc:OS_Custom.obj
 0001:0002c100       _OS_CreateMutex            1002d100 f   sg_netxLib_MSVC140_vc:OS_Custom.obj
 0001:0002c110       _OS_Deinit                 1002d110 f   sg_netxLib_MSVC140_vc:OS_Custom.obj
 0001:0002c120       _OS_DeleteEvent            1002d120 f   sg_netxLib_MSVC140_vc:OS_Custom.obj
 0001:0002c130       _OS_DeleteLock             1002d130 f   sg_netxLib_MSVC140_vc:OS_Custom.obj
 0001:0002c140       _OS_DeleteMutex            1002d140 f   sg_netxLib_MSVC140_vc:OS_Custom.obj
 0001:0002c150       _OS_DisableInterrupts      1002d150 f   sg_netxLib_MSVC140_vc:OS_Custom.obj
 0001:0002c160       _OS_EnableInterrupts       1002d160 f   sg_netxLib_MSVC140_vc:OS_Custom.obj
 0001:0002c170       _OS_EnterLock              1002d170 f   sg_netxLib_MSVC140_vc:OS_Custom.obj
 0001:0002c180       _OS_FileClose              1002d180 f   sg_netxLib_MSVC140_vc:OS_Custom.obj
 0001:0002c190       _OS_FileOpen               1002d190 f   sg_netxLib_MSVC140_vc:OS_Custom.obj
 0001:0002c1d0       _OS_FileRead               1002d1d0 f   sg_netxLib_MSVC140_vc:OS_Custom.obj
 0001:0002c200       _OS_GetCurrentDirectory    1002d200 f   sg_netxLib_MSVC140_vc:OS_Custom.obj
 0001:0002c230       _OS_GetMilliSecCounter     1002d230 f   sg_netxLib_MSVC140_vc:OS_Custom.obj
 0001:0002c260       _OS_Init                   1002d260 f   sg_netxLib_MSVC140_vc:OS_Custom.obj
 0001:0002c270       _OS_LeaveLock              1002d270 f   sg_netxLib_MSVC140_vc:OS_Custom.obj
 0001:0002c280       _OS_MapUserPointer         1002d280 f   sg_netxLib_MSVC140_vc:OS_Custom.obj
 0001:0002c290       _OS_Memalloc               1002d290 f   sg_netxLib_MSVC140_vc:OS_Custom.obj
 0001:0002c2a0       _OS_Memcmp                 1002d2a0 f   sg_netxLib_MSVC140_vc:OS_Custom.obj
 0001:0002c320       _OS_Memcpy                 1002d320 f   sg_netxLib_MSVC140_vc:OS_Custom.obj
 0001:0002c330       _OS_Memfree                1002d330 f   sg_netxLib_MSVC140_vc:OS_Custom.obj
 0001:0002c340       _OS_Memmove                1002d340 f   sg_netxLib_MSVC140_vc:OS_Custom.obj
 0001:0002c350       _OS_Memrealloc             1002d350 f   sg_netxLib_MSVC140_vc:OS_Custom.obj
 0001:0002c360       _OS_Memset                 1002d360 f   sg_netxLib_MSVC140_vc:OS_Custom.obj
 0001:0002c380       _OS_ReadPCIConfig          1002d380 f   sg_netxLib_MSVC140_vc:OS_Custom.obj
 0001:0002c480       _OS_ReleaseMutex           1002d480 f   sg_netxLib_MSVC140_vc:OS_Custom.obj
 0001:0002c490       _OS_ResetEvent             1002d490 f   sg_netxLib_MSVC140_vc:OS_Custom.obj
 0001:0002c4a0       _OS_SetEvent               1002d4a0 f   sg_netxLib_MSVC140_vc:OS_Custom.obj
 0001:0002c4b0       _OS_SetWorkingDirectory    1002d4b0 f   sg_netxLib_MSVC140_vc:OS_Custom.obj
 0001:0002c4d0       _OS_Sleep                  1002d4d0 f   sg_netxLib_MSVC140_vc:OS_Custom.obj
 0001:0002c4f0       _OS_Strcmp                 1002d4f0 f   sg_netxLib_MSVC140_vc:OS_Custom.obj
 0001:0002c540       _OS_Strlen                 1002d540 f   sg_netxLib_MSVC140_vc:OS_Custom.obj
 0001:0002c570       _OS_Strncpy                1002d570 f   sg_netxLib_MSVC140_vc:OS_Custom.obj
 0001:0002c580       _OS_Strnicmp               1002d580 f   sg_netxLib_MSVC140_vc:OS_Custom.obj
 0001:0002c590       _OS_UnmapUserPointer       1002d590 f   sg_netxLib_MSVC140_vc:OS_Custom.obj
 0001:0002c5a0       _OS_WaitEvent              1002d5a0 f   sg_netxLib_MSVC140_vc:OS_Custom.obj
 0001:0002c5b0       _OS_WaitMutex              1002d5b0 f   sg_netxLib_MSVC140_vc:OS_Custom.obj
 0001:0002c5c0       _OS_WritePCIConfig         1002d5c0 f   sg_netxLib_MSVC140_vc:OS_Custom.obj
 0001:0002c7a0       _cifXTKitDSRHandler        1002d7a0 f   sg_netxLib_MSVC140_vc:cifXInterrupt.obj
 0001:0002cc90       _cifXTKitISRHandler        1002dc90 f   sg_netxLib_MSVC140_vc:cifXInterrupt.obj
 0001:0002ce20       _DEV_BusState              1002de20 f   sg_netxLib_MSVC140_vc:cifXHWFunctions.obj
 0001:0002d090       _DEV_CheckCOSFlags         1002e090 f   sg_netxLib_MSVC140_vc:cifXHWFunctions.obj
 0001:0002d260       _DEV_DoChannelInit         1002e260 f   sg_netxLib_MSVC140_vc:cifXHWFunctions.obj
 0001:0002d400       _DEV_DoHostCOSChange       1002e400 f   sg_netxLib_MSVC140_vc:cifXHWFunctions.obj
 0001:0002d550       _DEV_DoSystemBootstart     1002e550 f   sg_netxLib_MSVC140_vc:cifXHWFunctions.obj
 0001:0002daa0       _DEV_DoSystemStart         1002eaa0 f   sg_netxLib_MSVC140_vc:cifXHWFunctions.obj
 0001:0002df40       _DEV_GetHandshakeBitState  1002ef40 f   sg_netxLib_MSVC140_vc:cifXHWFunctions.obj
 0001:0002dfa0       _DEV_GetHostState          1002efa0 f   sg_netxLib_MSVC140_vc:cifXHWFunctions.obj
 0001:0002e010       _DEV_GetIOBitstate         1002f010 f   sg_netxLib_MSVC140_vc:cifXHWFunctions.obj
 0001:0002e070       _DEV_GetMBXState           1002f070 f   sg_netxLib_MSVC140_vc:cifXHWFunctions.obj
 0001:0002e0e0       _DEV_GetPacket             1002f0e0 f   sg_netxLib_MSVC140_vc:cifXHWFunctions.obj
 0001:0002e220       _DEV_IsCommunicating       1002f220 f   sg_netxLib_MSVC140_vc:cifXHWFunctions.obj
 0001:0002e2f0       _DEV_IsReady               1002f2f0 f   sg_netxLib_MSVC140_vc:cifXHWFunctions.obj
 0001:0002e350       _DEV_IsRunning             1002f350 f   sg_netxLib_MSVC140_vc:cifXHWFunctions.obj
 0001:0002e3a0       _DEV_PutPacket             1002f3a0 f   sg_netxLib_MSVC140_vc:cifXHWFunctions.obj
 0001:0002e4a0       _DEV_ReadHandshakeFlags    1002f4a0 f   sg_netxLib_MSVC140_vc:cifXHWFunctions.obj
 0001:0002e5c0       _DEV_ReadHostFlags         1002f5c0 f   sg_netxLib_MSVC140_vc:cifXHWFunctions.obj
 0001:0002e630       _DEV_ReadWriteBlock        1002f630 f   sg_netxLib_MSVC140_vc:cifXHWFunctions.obj
 0001:0002e6e0       _DEV_SetHostState          1002f6e0 f   sg_netxLib_MSVC140_vc:cifXHWFunctions.obj
 0001:0002e7f0       _DEV_ToggleBit             1002f7f0 f   sg_netxLib_MSVC140_vc:cifXHWFunctions.obj
 0001:0002e840       _DEV_ToggleSyncBit         1002f840 f   sg_netxLib_MSVC140_vc:cifXHWFunctions.obj
 0001:0002e890       _DEV_TransferPacket        1002f890 f   sg_netxLib_MSVC140_vc:cifXHWFunctions.obj
 0001:0002e940       _DEV_TriggerWatchdog       1002f940 f   sg_netxLib_MSVC140_vc:cifXHWFunctions.obj
 0001:0002e9f0       _DEV_WaitForBitState       1002f9f0 f   sg_netxLib_MSVC140_vc:cifXHWFunctions.obj
 0001:0002ed40       _DEV_WaitForNotReady_Poll  1002fd40 f   sg_netxLib_MSVC140_vc:cifXHWFunctions.obj
 0001:0002ee60       _DEV_WaitForNotRunning_Poll 1002fe60 f   sg_netxLib_MSVC140_vc:cifXHWFunctions.obj
 0001:0002ef20       _DEV_WaitForReady_Poll     1002ff20 f   sg_netxLib_MSVC140_vc:cifXHWFunctions.obj
 0001:0002f0d0       _DEV_WaitForRunning_Poll   100300d0 f   sg_netxLib_MSVC140_vc:cifXHWFunctions.obj
 0001:0002f1b0       _DEV_WaitForSyncState      100301b0 f   sg_netxLib_MSVC140_vc:cifXHWFunctions.obj
 0001:0002f480       _DEV_WriteHandshakeFlags   10030480 f   sg_netxLib_MSVC140_vc:cifXHWFunctions.obj
 0001:000318d0       _cifXReadFirmwareIdent     100328d0 f   sg_netxLib_MSVC140_vc:cifXInit.obj
 0001:00032870       _cifXStartModule           10033870 f   sg_netxLib_MSVC140_vc:cifXInit.obj
 0001:00033210       _cifXTKitAddDevice         10034210 f   sg_netxLib_MSVC140_vc:cifXInit.obj
 0001:000332e0       _cifXTKitCyclicTimer       100342e0 f   sg_netxLib_MSVC140_vc:cifXInit.obj
 0001:00033350       _cifXTKitDeinit            10034350 f   sg_netxLib_MSVC140_vc:cifXInit.obj
 0001:00033790       _cifXTKitDisableHWInterrupt 10034790 f   sg_netxLib_MSVC140_vc:cifXInit.obj
 0001:000337d0       _cifXTKitEnableHWInterrupt 100347d0 f   sg_netxLib_MSVC140_vc:cifXInit.obj
 0001:00033810       _cifXTKitInit              10034810 f   sg_netxLib_MSVC140_vc:cifXInit.obj
 0001:00033860       _cifXTKitRemoveDevice      10034860 f   sg_netxLib_MSVC140_vc:cifXInit.obj
 0001:00033b30       _sg_cifx_device            10034b30 f   sg_netxLib_MSVC140_vc:sg_cifx_int_fcn.obj
 0001:00033b70       _Cifx_ChkBLDir             10034b70 f   sg_netxLib_MSVC140_vc:Cifx_DriverManager.obj
 0001:00033c40       _Cifx_ChkCngDir            10034c40 f   sg_netxLib_MSVC140_vc:Cifx_DriverManager.obj
 0001:00033d10       _Cifx_ChkFWDir             10034d10 f   sg_netxLib_MSVC140_vc:Cifx_DriverManager.obj
 0001:00033de0       _Cifx_ChkFileExist         10034de0 f   sg_netxLib_MSVC140_vc:Cifx_DriverManager.obj
 0001:00033e20       _Cifx_ChkLoadedFW          10034e20 f   sg_netxLib_MSVC140_vc:Cifx_DriverManager.obj
 0001:00033f60       _Cifx_GetFWDataForCmp      10034f60 f   sg_netxLib_MSVC140_vc:Cifx_DriverManager.obj
 0001:00034250       _GetApsConfiguration       10035250 f   sg_netxLib_MSVC140_vc:ProfibusSlaveAcyclic.obj
 0001:00034400       _PbsAddAcyclicObjectToObjectBuffer 10035400 f   sg_netxLib_MSVC140_vc:ProfibusSlaveAcyclic.obj
 0001:000344e0       _PbsChangeParameterSettingsIm0 100354e0 f   sg_netxLib_MSVC140_vc:ProfibusSlaveAcyclic.obj
 0001:00034680       _PbsCreateAcyclicReadIndicationRequest 10035680 f   sg_netxLib_MSVC140_vc:ProfibusSlaveAcyclic.obj
 0001:00034700       _PbsCreateAcyclicWriteIndicationRequest 10035700 f   sg_netxLib_MSVC140_vc:ProfibusSlaveAcyclic.obj
 0001:00034750       _PbsFindObjectAndGetData   10035750 f   sg_netxLib_MSVC140_vc:ProfibusSlaveAcyclic.obj
 0001:000347d0       _PbsProcessApsCheckConfigurationData 100357d0 f   sg_netxLib_MSVC140_vc:ProfibusSlaveAcyclic.obj
 0001:00034850       _PbsProcessApsCheckUserParameterIndication 10035850 f   sg_netxLib_MSVC140_vc:ProfibusSlaveAcyclic.obj
 0001:000348d0       _PbsProcessReadIndicationPacket 100358d0 f   sg_netxLib_MSVC140_vc:ProfibusSlaveAcyclic.obj
 0001:000349e0       _PbsProcessWriteIndicationPacket 100359e0 f   sg_netxLib_MSVC140_vc:ProfibusSlaveAcyclic.obj
 0001:00034b10       _PbsValidationOfAssumedConfigurationData 10035b10 f   sg_netxLib_MSVC140_vc:ProfibusSlaveAcyclic.obj
 0001:00034c20       _USER_GetAliasName         10035c20 f   sg_netxLib_MSVC140_vc:TKitUser_Custom.obj
 0001:00034c50       _USER_GetBootloaderFile    10035c50 f   sg_netxLib_MSVC140_vc:TKitUser_Custom.obj
 0001:00034d40       _USER_GetConfigurationFile 10035d40 f   sg_netxLib_MSVC140_vc:TKitUser_Custom.obj
 0001:00034ea0       _USER_GetConfigurationFileCount 10035ea0 f   sg_netxLib_MSVC140_vc:TKitUser_Custom.obj
 0001:00034f50       _USER_GetFirmwareFile      10035f50 f   sg_netxLib_MSVC140_vc:TKitUser_Custom.obj
 0001:00035030       _USER_GetFirmwareFileCount 10036030 f   sg_netxLib_MSVC140_vc:TKitUser_Custom.obj
 0001:00035050       _USER_GetInterruptEnable   10036050 f   sg_netxLib_MSVC140_vc:TKitUser_Custom.obj
 0001:000350b0       _USER_GetOSFile            100360b0 f   sg_netxLib_MSVC140_vc:TKitUser_Custom.obj
 0001:000350c0       _USER_GetWarmstartParameters 100360c0 f   sg_netxLib_MSVC140_vc:TKitUser_Custom.obj
 0001:000353c0       _USER_Trace                100363c0 f   sg_netxLib_MSVC140_vc:TKitUser_Custom.obj
 0001:000353d0       _xChannelBusState          100363d0 f   sg_netxLib_MSVC140_vc:cifXFunctions.obj
 0001:000353e0       _xChannelClose             100363e0 f   sg_netxLib_MSVC140_vc:cifXFunctions.obj
 0001:000353f0       _xChannelCommonStatusBlock 100363f0 f   sg_netxLib_MSVC140_vc:cifXFunctions.obj
 0001:00035470       _xChannelConfigLock        10036470 f   sg_netxLib_MSVC140_vc:cifXFunctions.obj
 0001:00035570       _xChannelControlBlock      10036570 f   sg_netxLib_MSVC140_vc:cifXFunctions.obj
 0001:000355f0       _xChannelDownload          100365f0 f   sg_netxLib_MSVC140_vc:cifXFunctions.obj
 0001:000356b0       _xChannelExtendedStatusBlock 100366b0 f   sg_netxLib_MSVC140_vc:cifXFunctions.obj
 0001:00035710       _xChannelFindFirstFile     10036710 f   sg_netxLib_MSVC140_vc:cifXFunctions.obj
 0001:00035740       _xChannelFindNextFile      10036740 f   sg_netxLib_MSVC140_vc:cifXFunctions.obj
 0001:00035770       _xChannelGetMBXState       10036770 f   sg_netxLib_MSVC140_vc:cifXFunctions.obj
 0001:00035780       _xChannelGetPacket         10036780 f   sg_netxLib_MSVC140_vc:cifXFunctions.obj
 0001:000357e0       _xChannelGetSendPacket     100367e0 f   sg_netxLib_MSVC140_vc:cifXFunctions.obj
 0001:00035830       _xChannelHostState         10036830 f   sg_netxLib_MSVC140_vc:cifXFunctions.obj
 0001:00035880       _xChannelIOInfo            10036880 f   sg_netxLib_MSVC140_vc:cifXFunctions.obj
 0001:000359b0       _xChannelIORead            100369b0 f   sg_netxLib_MSVC140_vc:cifXFunctions.obj
 0001:00035b20       _xChannelIOReadSendData    10036b20 f   sg_netxLib_MSVC140_vc:cifXFunctions.obj
 0001:00035b90       _xChannelIOWrite           10036b90 f   sg_netxLib_MSVC140_vc:cifXFunctions.obj
 0001:00035d00       _xChannelInfo              10036d00 f   sg_netxLib_MSVC140_vc:cifXFunctions.obj
 0001:00035ea0       _xChannelOpen              10036ea0 f   sg_netxLib_MSVC140_vc:cifXFunctions.obj
 0001:00035f70       _xChannelPLCActivateRead   10036f70 f   sg_netxLib_MSVC140_vc:cifXFunctions.obj
 0001:00036030       _xChannelPLCActivateWrite  10037030 f   sg_netxLib_MSVC140_vc:cifXFunctions.obj
 0001:000360f0       _xChannelPLCIsReadReady    100370f0 f   sg_netxLib_MSVC140_vc:cifXFunctions.obj
 0001:000361d0       _xChannelPLCIsWriteReady   100371d0 f   sg_netxLib_MSVC140_vc:cifXFunctions.obj
 0001:000362b0       _xChannelPLCMemoryPtr      100372b0 f   sg_netxLib_MSVC140_vc:cifXFunctions.obj
 0001:00036430       _xChannelPutPacket         10037430 f   sg_netxLib_MSVC140_vc:cifXFunctions.obj
 0001:00036490       _xChannelRegisterNotification 10037490 f   sg_netxLib_MSVC140_vc:cifXFunctions.obj
 0001:00036850       _xChannelReset             10037850 f   sg_netxLib_MSVC140_vc:cifXFunctions.obj
 0001:000368a0       _xChannelSyncState         100378a0 f   sg_netxLib_MSVC140_vc:cifXFunctions.obj
 0001:00036a00       _xChannelUnregisterNotification 10037a00 f   sg_netxLib_MSVC140_vc:cifXFunctions.obj
 0001:00036ba0       _xChannelUpload            10037ba0 f   sg_netxLib_MSVC140_vc:cifXFunctions.obj
 0001:00036be0       _xChannelUserBlock         10037be0 f   sg_netxLib_MSVC140_vc:cifXFunctions.obj
 0001:00036c50       _xChannelWatchdog          10037c50 f   sg_netxLib_MSVC140_vc:cifXFunctions.obj
 0001:00036c60       _xDriverClose              10037c60 f   sg_netxLib_MSVC140_vc:cifXFunctions.obj
 0001:00036c90       _xDriverEnumBoards         10037c90 f   sg_netxLib_MSVC140_vc:cifXFunctions.obj
 0001:00036d80       _xDriverEnumChannels       10037d80 f   sg_netxLib_MSVC140_vc:cifXFunctions.obj
 0001:00036e10       _xDriverGetErrorDescription 10037e10 f   sg_netxLib_MSVC140_vc:cifXFunctions.obj
 0001:00036e60       _xDriverGetInformation     10037e60 f   sg_netxLib_MSVC140_vc:cifXFunctions.obj
 0001:00036eb0       _xDriverMemoryPointer      10037eb0 f   sg_netxLib_MSVC140_vc:cifXFunctions.obj
 0001:00037030       _xDriverOpen               10038030 f   sg_netxLib_MSVC140_vc:cifXFunctions.obj
 0001:00037060       _xSysdeviceBootstart       10038060 f   sg_netxLib_MSVC140_vc:cifXFunctions.obj
 0001:00037070       _xSysdeviceClose           10038070 f   sg_netxLib_MSVC140_vc:cifXFunctions.obj
 0001:00037080       _xSysdeviceDownload        10038080 f   sg_netxLib_MSVC140_vc:cifXFunctions.obj
 0001:000372a0       _xSysdeviceExtendedMemory  100382a0 f   sg_netxLib_MSVC140_vc:cifXFunctions.obj
 0001:00037480       _xSysdeviceFindFirstFile   10038480 f   sg_netxLib_MSVC140_vc:cifXFunctions.obj
 0001:000375f0       _xSysdeviceFindNextFile    100385f0 f   sg_netxLib_MSVC140_vc:cifXFunctions.obj
 0001:00037790       _xSysdeviceGetMBXState     10038790 f   sg_netxLib_MSVC140_vc:cifXFunctions.obj
 0001:000377a0       _xSysdeviceGetPacket       100387a0 f   sg_netxLib_MSVC140_vc:cifXFunctions.obj
 0001:00037800       _xSysdeviceInfo            10038800 f   sg_netxLib_MSVC140_vc:cifXFunctions.obj
 0001:00037a40       _xSysdeviceOpen            10038a40 f   sg_netxLib_MSVC140_vc:cifXFunctions.obj
 0001:00037b10       _xSysdevicePutPacket       10038b10 f   sg_netxLib_MSVC140_vc:cifXFunctions.obj
 0001:00037b70       _xSysdeviceReset           10038b70 f   sg_netxLib_MSVC140_vc:cifXFunctions.obj
 0001:00037b80       _xSysdeviceUpload          10038b80 f   sg_netxLib_MSVC140_vc:cifXFunctions.obj
 0001:00037c70       _DEV_CheckForDownload      10038c70 f   sg_netxLib_MSVC140_vc:cifXDownload.obj
 0001:00037f40       _DEV_DeleteFile            10038f40 f   sg_netxLib_MSVC140_vc:cifXDownload.obj
 0001:00038090       _DEV_DownloadFile          10039090 f   sg_netxLib_MSVC140_vc:cifXDownload.obj
 0001:00038750       _DEV_GetFWTransferTypeFromFileName 10039750 f   sg_netxLib_MSVC140_vc:cifXDownload.obj
 0001:00038810       _DEV_IsFWFile              10039810 f   sg_netxLib_MSVC140_vc:cifXDownload.obj
 0001:000388b0       _DEV_IsNXFFile             100398b0 f   sg_netxLib_MSVC140_vc:cifXDownload.obj
 0001:00038900       _DEV_IsNXOFile             10039900 f   sg_netxLib_MSVC140_vc:cifXDownload.obj
 0001:00038950       _DEV_ProcessFWDownload     10039950 f   sg_netxLib_MSVC140_vc:cifXDownload.obj
 0001:00038dc0       _DEV_RemoveChannelFiles    10039dc0 f   sg_netxLib_MSVC140_vc:cifXDownload.obj
 0001:00038fa0       _DEV_RemoveFWFiles         10039fa0 f   sg_netxLib_MSVC140_vc:cifXDownload.obj
 0001:000391e0       _DEV_UploadFile            1003a1e0 f   sg_netxLib_MSVC140_vc:cifXDownload.obj
 0001:000397f0       _cifXConvertEndianess      1003a7f0 f   sg_netxLib_MSVC140_vc:cifXEndianess.obj
 0001:00039800       _WarmstartParam_ECS        1003a800 f   sg_netxLib_MSVC140_vc:sg_cifx_int_ecs.obj
 0001:00039960       _MbsCoilsHandling          1003a960 f   sg_netxLib_MSVC140_vc:sg_cifx_int_mbs.obj
 0001:00039ab0       _MbsRegisterActivate       1003aab0 f   sg_netxLib_MSVC140_vc:sg_cifx_int_mbs.obj
 0001:00039bf0       _WarmstartParam_MBS        1003abf0 f   sg_netxLib_MSVC140_vc:sg_cifx_int_mbs.obj
 0001:00039d70       _WarmstartParam_PLS        1003ad70 f   sg_netxLib_MSVC140_vc:sg_cifx_int_pls.obj
 0001:00039f10       _WarmstartParam_EIS        1003af10 f   sg_netxLib_MSVC140_vc:sg_cifx_int_eis.obj
 0001:0003a260       _WarmstartParam_PBS        1003b260 f   sg_netxLib_MSVC140_vc:sg_cifx_int_pbs.obj
 0001:0003a430       _md5_append                1003b430 f   sg_netxLib_MSVC140_vc:md5.obj
 0001:0003a560       _md5_finish                1003b560 f   sg_netxLib_MSVC140_vc:md5.obj
 0001:0003a740       _md5_init                  1003b740 f   sg_netxLib_MSVC140_vc:md5.obj
 0001:0003a780       _md5_memcpy                1003b780 f   sg_netxLib_MSVC140_vc:md5.obj
 0001:0003b160       _sg_cifx_ecs_data          1003c160 f   sg_netxLib_MSVC140_vc:sg_cifx_ext_ecs.obj
 0001:0003b1e0       _MbsStartStopBusCommunication 1003c1e0 f   sg_netxLib_MSVC140_vc:sg_cifx_ext_mbs.obj
 0001:0003b330       _sg_cifx_mbs_data          1003c330 f   sg_netxLib_MSVC140_vc:sg_cifx_ext_mbs.obj
 0001:0003b410       _sg_cifx_pls_data          1003c410 f   sg_netxLib_MSVC140_vc:sg_cifx_ext_pls.obj
 0001:0003b470       _EIS_RegisterInputAssembly 1003c470 f   sg_netxLib_MSVC140_vc:sg_cifx_ext_eis.obj
 0001:0003b540       _EIS_RegisterOutputAssembly 1003c540 f   sg_netxLib_MSVC140_vc:sg_cifx_ext_eis.obj
 0001:0003b610       _sg_cifx_eis_assembly      1003c610 f   sg_netxLib_MSVC140_vc:sg_cifx_ext_eis.obj
 0001:0003b770       _sg_cifx_eis_data          1003c770 f   sg_netxLib_MSVC140_vc:sg_cifx_ext_eis.obj
 0001:0003b820       _sg_cifx_pbs_data          1003c820 f   sg_netxLib_MSVC140_vc:sg_cifx_ext_pbs.obj
 0001:0003b880       _GetPCIDeviceFull          1003c880 f   xpcruntime:xpcimports.obj
 0001:0003b8c0       _ShowPCIDevice             1003c8c0 f   xpcruntime:xpcimports.obj
 0001:0003c0c0       _xpcGetPciConfigAtSlot     1003d0c0 f   xpcruntime:xpcimports.obj
 0001:0003c3e0       _xpcInitProcs              1003d3e0 f   xpcruntime:xpcimports.obj
 0001:0003d740       _xpceuploadevent           1003e740 f   xpcruntime:xpcimports.obj
 0001:0003d750       _restoreInterrupts         1003e750 f   xpcruntime:xpcPCFunctions.obj
 0001:0003d760       _rl32eGetTicksDouble       1003e760 f   xpcruntime:xpcPCFunctions.obj
 0001:0003d7f0       _saveAndDisableInterrupts  1003e7f0 f   xpcruntime:xpcPCFunctions.obj
 0001:0003d810       _xPCSubtractTime           1003e810 f   xpcruntime:xpcPCFunctions.obj
 0001:0003d840       _xpcSubtractTime           1003e840 f   xpcruntime:xpcPCFunctions.obj
 0001:0003d912       ___raise_securityfailure   1003e912 f   LIBCMT:gs_report.obj
 0001:0003d944       ___report_gsfailure        1003e944 f   LIBCMT:gs_report.obj
 0001:0003da7d       ___report_rangecheckfailure 1003ea7d f   LIBCMT:gs_report.obj
 0001:0003da8c       ___report_securityfailure  1003ea8c f   LIBCMT:gs_report.obj
 0001:0003db90       ___report_securityfailureEx 1003eb90 f   LIBCMT:gs_report.obj
 0001:0003dceb       @__security_check_cookie@4 1003eceb f   LIBCMT:_secchk_.obj
 0001:0003dd00       __ftoui3                   1003ed00 f   LIBCMT:_ftol3_.obj
 0001:0003dd0f       __ftoul3                   1003ed0f f   LIBCMT:_ftol3_.obj
 0001:0003dd1e       __ftol3                    1003ed1e f   LIBCMT:_ftol3_.obj
 0001:0003dd2b       __ftol3_NaN                1003ed2b f   LIBCMT:_ftol3_.obj
 0001:0003dd43       __ftol3_work               1003ed43 f   LIBCMT:_ftol3_.obj
 0001:0003ddc9       __ftol3_common             1003edc9 f   LIBCMT:_ftol3_.obj
 0001:0003de8b       __ftol3_arg_error          1003ee8b f   LIBCMT:_ftol3_.obj
 0001:0003de9d       __ftol3_except             1003ee9d f   LIBCMT:_ftol3_.obj
 0001:0003dee1       __dtoui3                   1003eee1 f   LIBCMT:_ftol3_.obj
 0001:0003def0       __dtoul3                   1003eef0 f   LIBCMT:_ftol3_.obj
 0001:0003deff       __dtol3                    1003eeff f   LIBCMT:_ftol3_.obj
 0001:0003df0c       __dtol3_NaN                1003ef0c f   LIBCMT:_ftol3_.obj
 0001:0003df29       __dtol3_work               1003ef29 f   LIBCMT:_ftol3_.obj
 0001:0003e010       __ultod3                   1003f010 f   LIBCMT:_ftol3_.obj
 0001:0003e050       __ltod3                    1003f050 f   LIBCMT:_ftol3_.obj
 0001:0003e154       ___isa_available_init      1003f154 f   LIBCMT:_cpu_disp_.obj
 0001:0003e735       __CRT_INIT@12              1003f735 f   LIBCMT:dll_dllmain.obj
 0001:0003e740       __DllMainCRTStartup@12     1003f740 f   LIBCMT:dll_dllmain.obj
 0001:0003e76b       ??$__crt_fast_decode_pointer@PAP6AXXZ@@YAPAP6AXXZQAP6AXXZ@Z 1003f76b f i LIBCMT:utility.obj
 0001:0003e784       ??$__crt_fast_encode_pointer@PAP6AXXZ@@YAPAP6AXXZQAP6AXXZ@Z 1003f784 f i LIBCMT:utility.obj
 0001:0003e7a8       ?__crt_rotate_pointer_value@@YAIIH@Z 1003f7a8 f i LIBCMT:utility.obj
 0001:0003e84c       _NtCurrentTeb              1003f84c f i LIBCMT:utility.obj
 0001:0003e853       ___scrt_acquire_startup_lock 1003f853 f   LIBCMT:utility.obj
 0001:0003e895       ___scrt_dllmain_after_initialize_c 1003f895 f   LIBCMT:utility.obj
 0001:0003e8b3       ___scrt_dllmain_before_initialize_c 1003f8b3 f   LIBCMT:utility.obj
 0001:0003e8c4       ___scrt_dllmain_crt_thread_attach 1003f8c4 f   LIBCMT:utility.obj
 0001:0003e8ea       ___scrt_dllmain_crt_thread_detach 1003f8ea f   LIBCMT:utility.obj
 0001:0003e8fa       ___scrt_dllmain_exception_filter 1003f8fa f   LIBCMT:utility.obj
 0001:0003e939       ___scrt_dllmain_uninitialize_c 1003f939 f   LIBCMT:utility.obj
 0001:0003e964       ___scrt_dllmain_uninitialize_critical 1003f964 f   LIBCMT:utility.obj
 0001:0003e974       ___scrt_initialize_crt     1003f974 f   LIBCMT:utility.obj
 0001:0003e9bb       ___scrt_initialize_onexit_tables 1003f9bb f   LIBCMT:utility.obj
 0001:0003ea77       ___scrt_is_nonwritable_in_current_image 1003fa77 f   LIBCMT:utility.obj
 0001:0003eb27       ___scrt_release_startup_lock 1003fb27 f   LIBCMT:utility.obj
 0001:0003eb4b       ___scrt_uninitialize_crt   1003fb4b f   LIBCMT:utility.obj
 0001:0003eb7d       __onexit                   1003fb7d f   LIBCMT:utility.obj
 0001:0003ebc6       _at_quick_exit             1003fbc6 f   LIBCMT:utility.obj
 0001:0003ec03       _atexit                    1003fc03 f   LIBCMT:utility.obj
 0001:0003ec1d       ___security_init_cookie    1003fc1d f   LIBCMT:gs_support.obj
 0001:0003ece0       ?__scrt_initialize_type_info@@YAXXZ 1003fce0 f   LIBCMT:tncleanup.obj
 0001:0003ecef       ?__scrt_uninitialize_type_info@@YAXXZ 1003fcef f   LIBCMT:tncleanup.obj
 0001:0003ecfe       ___local_stdio_scanf_options 1003fcfe f i LIBCMT:default_local_stdio_options.obj
 0001:0003ed04       ___scrt_initialize_default_local_stdio_options 1003fd04 f   LIBCMT:default_local_stdio_options.obj
 0001:0003ed28       ___scrt_get_dyn_tls_init_callback 1003fd28 f   LIBCMT:dyn_tls_init.obj
 0001:0003ed2e       ___scrt_fastfail           1003fd2e f   LIBCMT:utility_desktop.obj
 0001:0003ee8f       ___scrt_get_show_window_mode 1003fe8f f   LIBCMT:utility_desktop.obj
 0001:0003eece       ___scrt_initialize_winrt   1003fece f   LIBCMT:utility_desktop.obj
 0001:0003eed1       ___scrt_is_managed_app     1003fed1 f   LIBCMT:utility_desktop.obj
 0001:0003ef26       ___scrt_set_unhandled_exception_filter 1003ff26 f   LIBCMT:utility_desktop.obj
 0001:0003ef35       ___scrt_unhandled_exception_filter@4 1003ff35 f   LIBCMT:utility_desktop.obj
 0001:0003ef86       __crt_debugger_hook        1003ff86 f   LIBCMT:utility_desktop.obj
 0001:0003ef90       __RTC_Initialize           1003ff90 f   LIBCMT:_initsect_.obj
 0001:0003efc5       __RTC_Terminate            1003ffc5 f   LIBCMT:_initsect_.obj
 0001:0003effa       @_guard_check_icall@4      1003fffa f i LIBCMT:checkcfg.obj
 0001:0003f000       __SEH_prolog4              10040000 f   LIBCMT:_sehprolg4_.obj
 0001:0003f046       __SEH_epilog4              10040046 f   LIBCMT:_sehprolg4_.obj
 0001:0003f071       ___scrt_is_ucrt_dll_in_use 10040071 f   LIBCMT:ucrt_detection.obj
 0001:0003f080       @_guard_check_icall_nop@4  10040080 f i LIBCMT:guard_support.obj
 0001:0003f081       __guard_icall_checks_enforced 10040081 f i LIBCMT:guard_support.obj
 0001:0003f098       _GetModuleHandleA@4        10040098 f   kernel32:KERNEL32.dll
 0001:0003f09e       _GetProcAddress@8          1004009e f   kernel32:KERNEL32.dll
 0001:0003f0a4       _SetCurrentDirectoryA@4    100400a4 f   kernel32:KERNEL32.dll
 0001:0003f0aa       _GetCurrentDirectoryA@8    100400aa f   kernel32:KERNEL32.dll
 0001:0003f0b0       _Sleep@4                   100400b0 f   kernel32:KERNEL32.dll
 0001:0003f0b6       _UnhandledExceptionFilter@4 100400b6 f   kernel32:KERNEL32.dll
 0001:0003f0bc       _SetUnhandledExceptionFilter@4 100400bc f   kernel32:KERNEL32.dll
 0001:0003f0c2       _GetCurrentProcess@0       100400c2 f   kernel32:KERNEL32.dll
 0001:0003f0c8       _TerminateProcess@8        100400c8 f   kernel32:KERNEL32.dll
 0001:0003f0ce       _IsProcessorFeaturePresent@4 100400ce f   kernel32:KERNEL32.dll
 0001:0003f0d4       _QueryPerformanceCounter@4 100400d4 f   kernel32:KERNEL32.dll
 0001:0003f0da       _GetCurrentProcessId@0     100400da f   kernel32:KERNEL32.dll
 0001:0003f0e0       _GetCurrentThreadId@0      100400e0 f   kernel32:KERNEL32.dll
 0001:0003f0e6       _GetSystemTimeAsFileTime@4 100400e6 f   kernel32:KERNEL32.dll
 0001:0003f0ec       _InitializeSListHead@4     100400ec f   kernel32:KERNEL32.dll
 0001:0003f0f2       _IsDebuggerPresent@0       100400f2 f   kernel32:KERNEL32.dll
 0001:0003f0f8       _GetStartupInfoW@4         100400f8 f   kernel32:KERNEL32.dll
 0001:0003f0fe       _GetModuleHandleW@4        100400fe f   kernel32:KERNEL32.dll
 0001:0003f110       _memset                    10040110 f   libvcruntime:memset.obj
 0001:0003f2c0       _memcpy                    100402c0 f   libvcruntime:memcpy.obj
 0001:0003f9a0       _memmove                   100409a0 f   libvcruntime:memmove.obj
 0001:00040080       _strchr                    10041080 f   libvcruntime:strchr.obj
 0001:000400ee       ___from_strstr_to_strchr   100410ee     libvcruntime:strchr.obj
 0001:0004023e       _EventDataDescCreate       1004123e f i libvcruntime:telemetry.obj
 0001:0004025f       _HRESULT_FROM_WIN32        1004125f f i libvcruntime:telemetry.obj
 0001:00040278       ___telemetry_main_invoke_trigger 10041278 f   libvcruntime:telemetry.obj
 0001:0004033b       ___telemetry_main_return_trigger 1004133b f   libvcruntime:telemetry.obj
 0001:000403fe       ___vcrt_initialize_telemetry_provider 100413fe f   libvcruntime:telemetry.obj
 0001:00040415       ___vcrt_uninitialize_telemetry_provider 10041415 f   libvcruntime:telemetry.obj
 0001:00040470       __except_handler4          10041470 f   libvcruntime:_chandler4_.obj
 0001:00040620       ___vcrt_initialize         10041620 f   libvcruntime:initialization.obj
 0001:00040659       ___vcrt_thread_attach      10041659 f   libvcruntime:initialization.obj
 0001:00040666       ___vcrt_thread_detach      10041666 f   libvcruntime:initialization.obj
 0001:00040673       ___vcrt_uninitialize       10041673 f   libvcruntime:initialization.obj
 0001:000406a0       ___vcrt_uninitialize_critical 100416a0 f   libvcruntime:initialization.obj
 0001:000406bb       ??$?RD@__crt_internal_free_policy@@QBEXQBD@Z 100416bb f i libvcruntime:std_type_info.obj
 0001:000406cf       ??$?RX@__crt_internal_free_policy@@QBEXQBX@Z 100416cf f i libvcruntime:std_type_info.obj
 0001:000406e3       ??$__crt_interlocked_compare_exchange_pointer@$$CBD$$T$$T@@YAPBDPDSBD$$T1@Z 100416e3 f i libvcruntime:std_type_info.obj
 0001:000406f9       ??$__crt_interlocked_compare_exchange_pointer@$$CBDPAD$$T@@YAPBDPDSBDQAD$$T@Z 100416f9 f i libvcruntime:std_type_info.obj
 0001:0004070f       ??$__crt_interlocked_read_pointer@$$CBD@@YAPBDPDSBD@Z 1004170f f i libvcruntime:std_type_info.obj
 0001:00040723       ??0?$__crt_unique_heap_ptr@DU__crt_internal_free_policy@@@@QAE@QAD@Z 10041723 f i libvcruntime:std_type_info.obj
 0001:00040734       ??0?$__crt_unique_heap_ptr@XU__crt_internal_free_policy@@@@QAE@QAX@Z 10041734 f i libvcruntime:std_type_info.obj
 0001:00040745       ??1?$__crt_unique_heap_ptr@DU__crt_internal_free_policy@@@@QAE@XZ 10041745 f i libvcruntime:std_type_info.obj
 0001:00040759       ??1?$__crt_unique_heap_ptr@XU__crt_internal_free_policy@@@@QAE@XZ 10041759 f i libvcruntime:std_type_info.obj
 0001:00040779       ??B?$__crt_unique_heap_ptr@DU__crt_internal_free_policy@@@@QBE_NXZ 10041779 f i libvcruntime:std_type_info.obj
 0001:00040783       ??B?$__crt_unique_heap_ptr@XU__crt_internal_free_policy@@@@QBE_NXZ 10041783 f i libvcruntime:std_type_info.obj
 0001:000407b5       ?detach@?$__crt_unique_heap_ptr@XU__crt_internal_free_policy@@@@QAEPAXXZ 100417b5 f i libvcruntime:std_type_info.obj
 0001:000407bb       ?get@?$__crt_unique_heap_ptr@DU__crt_internal_free_policy@@@@QBEPADXZ 100417bb f i libvcruntime:std_type_info.obj
 0001:000407be       ?get@?$__crt_unique_heap_ptr@XU__crt_internal_free_policy@@@@QBEPAXXZ 100417be f i libvcruntime:std_type_info.obj
 0001:000407c1       ?is_valid@?$__crt_unique_heap_ptr@DU__crt_internal_free_policy@@@@QBE_NXZ 100417c1 f i libvcruntime:std_type_info.obj
 0001:000407cb       ?is_valid@?$__crt_unique_heap_ptr@XU__crt_internal_free_policy@@@@QBE_NXZ 100417cb f i libvcruntime:std_type_info.obj
 0001:000407d5       ?release@?$__crt_unique_heap_ptr@DU__crt_internal_free_policy@@@@QAEXXZ 100417d5 f i libvcruntime:std_type_info.obj
 0001:000407e9       ?release@?$__crt_unique_heap_ptr@XU__crt_internal_free_policy@@@@QAEXXZ 100417e9 f i libvcruntime:std_type_info.obj
 0001:000407fd       ___std_type_info_compare   100417fd f   libvcruntime:std_type_info.obj
 0001:00040848       ___std_type_info_destroy_list 10041848 f   libvcruntime:std_type_info.obj
 0001:00040873       ___std_type_info_hash      10041873 f   libvcruntime:std_type_info.obj
 0001:000408a2       ___std_type_info_name      100418a2 f   libvcruntime:std_type_info.obj
 0001:0004099f       ??$?BX@__crt_fast_encoded_nullptr_t@@QBEPAXXZ 1004199f f i libvcruntime:winapi_downlevel.obj
 0001:000409bd       ??$__crt_fast_decode_pointer@PAX@@YAPAXQAX@Z 100419bd f i libvcruntime:winapi_downlevel.obj
 0001:000409d6       ??$__crt_fast_encode_pointer@PAX@@YAPAXQAX@Z 100419d6 f i libvcruntime:winapi_downlevel.obj
 0001:000409fa       ??$__crt_interlocked_compare_exchange_pointer@UHINSTANCE__@@$$T$$T@@YAPAUHINSTANCE__@@PDSAU0@$$T1@Z 100419fa f i libvcruntime:winapi_downlevel.obj
 0001:00040a10       ??$__crt_interlocked_compare_exchange_pointer@X$$T$$T@@YAPAXPDSAX$$T1@Z 10041a10 f i libvcruntime:winapi_downlevel.obj
 0001:00040a26       ??$__crt_interlocked_exchange_pointer@UHINSTANCE__@@PAU1@@@YAPAUHINSTANCE__@@PDSAU0@QAU0@@Z 10041a26 f i libvcruntime:winapi_downlevel.obj
 0001:00040a36       ??$__crt_interlocked_exchange_pointer@UHINSTANCE__@@PAX@@YAPAUHINSTANCE__@@PDSAU0@QAX@Z 10041a36 f i libvcruntime:winapi_downlevel.obj
 0001:00040a46       ??$__crt_interlocked_exchange_pointer@XPAX@@YAPAXPDSAXQAX@Z 10041a46 f i libvcruntime:winapi_downlevel.obj
 0001:00040a56       ??$__crt_interlocked_read_pointer@UHINSTANCE__@@@@YAPAUHINSTANCE__@@PDSAU0@@Z 10041a56 f i libvcruntime:winapi_downlevel.obj
 0001:00040a6a       ??$__crt_interlocked_read_pointer@X@@YAPAXPDSAX@Z 10041a6a f i libvcruntime:winapi_downlevel.obj
 0001:00040a7e       ?__crt_fast_encode_pointer@@YA?AU__crt_fast_encoded_nullptr_t@@$$T@Z 10041a7e f i libvcruntime:winapi_downlevel.obj
 0001:00040dc2       ___vcrt_EventRegister      10041dc2 f   libvcruntime:winapi_downlevel.obj
 0001:00040e12       ___vcrt_EventSetInformation 10041e12 f   libvcruntime:winapi_downlevel.obj
 0001:00040e65       ___vcrt_EventUnregister    10041e65 f   libvcruntime:winapi_downlevel.obj
 0001:00040ead       ___vcrt_EventWriteTransfer 10041ead f   libvcruntime:winapi_downlevel.obj
 0001:00040f08       ___vcrt_FlsAlloc           10041f08 f   libvcruntime:winapi_downlevel.obj
 0001:00040f50       ___vcrt_FlsFree            10041f50 f   libvcruntime:winapi_downlevel.obj
 0001:00040f98       ___vcrt_FlsGetValue        10041f98 f   libvcruntime:winapi_downlevel.obj
 0001:00040fe0       ___vcrt_FlsSetValue        10041fe0 f   libvcruntime:winapi_downlevel.obj
 0001:0004102c       ___vcrt_InitializeCriticalSectionEx 1004202c f   libvcruntime:winapi_downlevel.obj
 0001:00041083       ___vcrt_initialize_winapi_thunks 10042083 f   libvcruntime:winapi_downlevel.obj
 0001:000410b0       ___vcrt_uninitialize_winapi_thunks 100420b0 f   libvcruntime:winapi_downlevel.obj
 0001:000410f0       __local_unwind4            100420f0 f   libvcruntime:_exsup4_.obj
 0001:000411c6       __seh_longjmp_unwind4@4    100421c6 f   libvcruntime:_exsup4_.obj
 0001:000411ee       @_EH4_CallFilterFunc@8     100421ee f   libvcruntime:_exsup4_.obj
 0001:00041205       @_EH4_TransferToHandler@8  10042205 f   libvcruntime:_exsup4_.obj
 0001:0004121e       @_EH4_GlobalUnwind2@8      1004221e f   libvcruntime:_exsup4_.obj
 0001:00041237       @_EH4_LocalUnwind@16       10042237 f   libvcruntime:_exsup4_.obj
 0001:000412a5       ___except_validate_context_record 100422a5 f   libvcruntime:jbcxrval.obj
 0001:000412a6       ___except_validate_jump_buffer 100422a6 f   libvcruntime:jbcxrval.obj
 0001:000412a7       ??$?RU__vcrt_ptd@@@__crt_internal_free_policy@@QBEXQBU__vcrt_ptd@@@Z 100422a7 f i libvcruntime:per_thread_data.obj
 0001:000412bb       ??0?$__crt_unique_heap_ptr@U__vcrt_ptd@@U__crt_internal_free_policy@@@@QAE@QAU__vcrt_ptd@@@Z 100422bb f i libvcruntime:per_thread_data.obj
 0001:000412cc       ??1?$__crt_unique_heap_ptr@U__vcrt_ptd@@U__crt_internal_free_policy@@@@QAE@XZ 100422cc f i libvcruntime:per_thread_data.obj
 0001:000412e0       ??B?$__crt_unique_heap_ptr@U__vcrt_ptd@@U__crt_internal_free_policy@@@@QBE_NXZ 100422e0 f i libvcruntime:per_thread_data.obj
 0001:000412ea       ?detach@?$__crt_unique_heap_ptr@U__vcrt_ptd@@U__crt_internal_free_policy@@@@QAEPAU__vcrt_ptd@@XZ 100422ea f i libvcruntime:per_thread_data.obj
 0001:000412f0       ?get@?$__crt_unique_heap_ptr@U__vcrt_ptd@@U__crt_internal_free_policy@@@@QBEPAU__vcrt_ptd@@XZ 100422f0 f i libvcruntime:per_thread_data.obj
 0001:000412f3       ?is_valid@?$__crt_unique_heap_ptr@U__vcrt_ptd@@U__crt_internal_free_policy@@@@QBE_NXZ 100422f3 f i libvcruntime:per_thread_data.obj
 0001:000412fd       ?release@?$__crt_unique_heap_ptr@U__vcrt_ptd@@U__crt_internal_free_policy@@@@QAEXXZ 100422fd f i libvcruntime:per_thread_data.obj
 0001:00041331       ___vcrt_freefls@4          10042331 f   libvcruntime:per_thread_data.obj
 0001:00041354       ___vcrt_freeptd            10042354 f   libvcruntime:per_thread_data.obj
 0001:00041397       ___vcrt_getptd             10042397 f   libvcruntime:per_thread_data.obj
 0001:000413a8       ___vcrt_getptd_noexit      100423a8 f   libvcruntime:per_thread_data.obj
 0001:0004143e       ___vcrt_initialize_ptd     1004243e f   libvcruntime:per_thread_data.obj
 0001:0004147d       ___vcrt_uninitialize_ptd   1004247d f   libvcruntime:per_thread_data.obj
 0001:0004149e       ___vcrt_initialize_locks   1004249e f   libvcruntime:locks.obj
 0001:000414e9       ___vcrt_lock               100424e9 f   libvcruntime:locks.obj
 0001:00041503       ___vcrt_uninitialize_locks 10042503 f   libvcruntime:locks.obj
 0001:0004153d       ___vcrt_unlock             1004253d f   libvcruntime:locks.obj
 0001:00041557       ??$?B$$A6AXXZ@__crt_fast_encoded_nullptr_t@@QBEP6AXXZXZ 10042557 f i libvcruntime:purevirt_data.obj
 0001:00041575       ??$__crt_fast_encode_pointer@P6AXXZ@@YAP6AXXZQ6AXXZ@Z 10042575 f i libvcruntime:purevirt_data.obj
 0001:00041599       ___vcrt_initialize_pure_virtual_call_handler 10042599 f   libvcruntime:purevirt_data.obj
 0001:000415bd       ??$__vcrt_va_start_verify_argument_type@QBD@@YAXXZ 100425bd f i libvcruntime:undname.obj
 0001:000415be       ??0Block@_HeapManager@@QAE@XZ 100425be f i libvcruntime:undname.obj
 0001:000415c4       ??0DName@@QAE@AAPBDD@Z     100425c4 f   libvcruntime:undname.obj
 0001:000416ab       ??0DName@@QAE@ABV0@@Z      100426ab f i libvcruntime:undname.obj
 0001:000416c6       ??0DName@@QAE@D@Z          100426c6 f   libvcruntime:undname.obj
 0001:000416fd       ??0DName@@QAE@PAV0@@Z      100426fd f   libvcruntime:undname.obj
 0001:0004175d       ??0DName@@QAE@PBD@Z        1004275d f   libvcruntime:undname.obj
 0001:000417a5       ??0DName@@QAE@W4DNameStatus@@@Z 100427a5 f   libvcruntime:undname.obj
 0001:000417f8       ??0DName@@QAE@XZ           100427f8 f i libvcruntime:undname.obj
 0001:0004180d       ??0DName@@QAE@_J@Z         1004280d f   libvcruntime:undname.obj
 0001:000418c7       ??0DName@@QAE@_K@Z         100428c7 f   libvcruntime:undname.obj
 0001:00041951       ??0DNameNode@@IAE@XZ       10042951 f   libvcruntime:undname.obj
 0001:0004195c       ??0DNameStatusNode@@AAE@W4DNameStatus@@@Z 1004295c f   libvcruntime:undname.obj
 0001:00041987       ??0Replicator@@QAE@XZ      10042987 f i libvcruntime:undname.obj
 0001:0004198d       ??0UnDecorator@@QAE@PADPBDHP6APADJ@ZK@Z 1004298d f i libvcruntime:undname.obj
 0001:00041a10       ??0charNode@@QAE@D@Z       10042a10 f   libvcruntime:undname.obj
 0001:00041a2a       ??0pDNameNode@@QAE@PAVDName@@@Z 10042a2a f   libvcruntime:undname.obj
 0001:00041a5c       ??0pairNode@@QAE@PAVDNameNode@@0@Z 10042a5c f   libvcruntime:undname.obj
 0001:00041a82       ??0pcharNode@@QAE@PBDH@Z   10042a82 f   libvcruntime:undname.obj
 0001:00041af1       ??2@YAPAXIAAV_HeapManager@@H@Z 10042af1 f i libvcruntime:undname.obj
 0001:00041b0b       ??4DName@@QAEAAV0@ABV0@@Z  10042b0b f   libvcruntime:undname.obj
 0001:00041b26       ??4DName@@QAEAAV0@D@Z      10042b26 f i libvcruntime:undname.obj
 0001:00041b5d       ??4DName@@QAEAAV0@PAV0@@Z  10042b5d f   libvcruntime:undname.obj
 0001:00041bb8       ??4DName@@QAEAAV0@PBD@Z    10042bb8 f   libvcruntime:undname.obj
 0001:00041bf6       ??4DName@@QAEAAV0@W4DNameStatus@@@Z 10042bf6 f   libvcruntime:undname.obj
 0001:00041c38       ??AReplicator@@QBE?AVDName@@H@Z 10042c38 f   libvcruntime:undname.obj
 0001:00041c83       ??BUnDecorator@@QAEPADXZ   10042c83 f i libvcruntime:undname.obj
 0001:00041e5c       ??H@YA?AVDName@@DABV0@@Z   10042e5c f i libvcruntime:undname.obj
 0001:00041e89       ??H@YA?AVDName@@PBDABV0@@Z 10042e89 f i libvcruntime:undname.obj
 0001:00041eb6       ??H@YA?AVDName@@W4DNameStatus@@ABV0@@Z 10042eb6 f i libvcruntime:undname.obj
 0001:00041ee3       ??HDName@@QBE?AV0@ABV0@@Z  10042ee3 f   libvcruntime:undname.obj
 0001:00041f0d       ??HDName@@QBE?AV0@D@Z      10042f0d f   libvcruntime:undname.obj
 0001:00041f37       ??HDName@@QBE?AV0@PAV0@@Z  10042f37 f   libvcruntime:undname.obj
 0001:00041f61       ??HDName@@QBE?AV0@PBD@Z    10042f61 f   libvcruntime:undname.obj
 0001:00041f8b       ??HDName@@QBE?AV0@W4DNameStatus@@@Z 10042f8b f   libvcruntime:undname.obj
 0001:00041fb5       ??YDName@@QAEAAV0@ABV0@@Z  10042fb5 f   libvcruntime:undname.obj
 0001:00042008       ??YDName@@QAEAAV0@D@Z      10043008 f   libvcruntime:undname.obj
 0001:0004206c       ??YDName@@QAEAAV0@PAV0@@Z  1004306c f   libvcruntime:undname.obj
 0001:000420ea       ??YDName@@QAEAAV0@PBD@Z    100430ea f   libvcruntime:undname.obj
 0001:00042163       ??YDName@@QAEAAV0@W4DNameStatus@@@Z 10043163 f   libvcruntime:undname.obj
 0001:000421b3       ??YReplicator@@QAEAAV0@ABVDName@@@Z 100431b3 f   libvcruntime:undname.obj
 0001:0004220f       ??_5DName@@QAEAAV0@ABV0@@Z 1004320f f   libvcruntime:undname.obj
 0001:00042232       ?Constructor@_HeapManager@@QAEXP6APAXI@ZP6AXPAX@Z@Z 10043232 f i libvcruntime:undname.obj
 0001:00042256       ?Destructor@_HeapManager@@QAEXXZ 10043256 f i libvcruntime:undname.obj
 0001:0004229d       ?UScore@UnDecorator@@SAPBDW4Tokens@@@Z 1004329d f   libvcruntime:undname.obj
 0001:000422c1       ?append@DName@@AAEXPAVDNameNode@@@Z 100432c1 f   libvcruntime:undname.obj
 0001:00042318       ?composeDeclaration@UnDecorator@@CA?AVDName@@ABV2@@Z 10043318 f i libvcruntime:undname.obj
 0001:00043382       ?doAccessSpecifiers@UnDecorator@@SAHXZ 10044382 f i libvcruntime:undname.obj
 0001:00043393       ?doAllocationLanguage@UnDecorator@@SAHXZ 10044393 f i libvcruntime:undname.obj
 0001:000433a4       ?doAllocationModel@UnDecorator@@SAHXZ 100443a4 f i libvcruntime:undname.obj
 0001:000433b5       ?doEcsu@UnDecorator@@SAHXZ 100443b5 f i libvcruntime:undname.obj
 0001:000433c6       ?doEllipsis@UnDecorator@@SAHXZ 100443c6 f i libvcruntime:undname.obj
 0001:000433d7       ?doFunctionReturns@UnDecorator@@SAHXZ 100443d7 f i libvcruntime:undname.obj
 0001:000433e8       ?doMSKeywords@UnDecorator@@SAHXZ 100443e8 f i libvcruntime:undname.obj
 0001:000433f8       ?doMemberTypes@UnDecorator@@SAHXZ 100443f8 f i libvcruntime:undname.obj
 0001:00043409       ?doNameOnly@UnDecorator@@SAHXZ 10044409 f i libvcruntime:undname.obj
 0001:00043416       ?doNoIdentCharCheck@UnDecorator@@SAHXZ 10044416 f i libvcruntime:undname.obj
 0001:00043423       ?doPchar@DName@@AAEXPBDH@Z 10044423 f   libvcruntime:undname.obj
 0001:000434cf       ?doPtr64@UnDecorator@@SAHXZ 100444cf f i libvcruntime:undname.obj
 0001:000434e0       ?doRestrictionSpec@UnDecorator@@SAHXZ 100444e0 f i libvcruntime:undname.obj
 0001:000434f1       ?doThisTypes@UnDecorator@@SAHXZ 100444f1 f i libvcruntime:undname.obj
 0001:00043507       ?doThrowTypes@UnDecorator@@SAHXZ 10044507 f i libvcruntime:undname.obj
 0001:00043518       ?doTypeOnly@UnDecorator@@SAHXZ 10044518 f i libvcruntime:undname.obj
 0001:00043525       ?doUnderScore@UnDecorator@@SAHXZ 10044525 f i libvcruntime:undname.obj
 0001:00043532       ?getArgumentList@UnDecorator@@CA?AVDName@@XZ 10044532 f   libvcruntime:undname.obj
 0001:00043681       ?getArgumentTypes@UnDecorator@@CA?AVDName@@XZ 10044681 f   libvcruntime:undname.obj
 0001:00043799       ?getArrayType@UnDecorator@@CA?AVDName@@ABV2@@Z 10044799 f i libvcruntime:undname.obj
 0001:00043a1b       ?getBasedType@UnDecorator@@CA?AVDName@@XZ 10044a1b f   libvcruntime:undname.obj
 0001:00043ada       ?getBasicDataType@UnDecorator@@CA?AVDName@@ABV2@@Z 10044ada f   libvcruntime:undname.obj
 0001:00043fbf       ?getCallIndex@UnDecorator@@CA?AVDName@@XZ 10044fbf f i libvcruntime:undname.obj
 0001:00043fd8       ?getCallingConvention@UnDecorator@@CA?AVDName@@XZ 10044fd8 f   libvcruntime:undname.obj
 0001:000440c6       ?getDataIndirectType@UnDecorator@@CA?AVDName@@ABV2@PBD0H@Z 100450c6 f   libvcruntime:undname.obj
 0001:00044870       ?getDataIndirectType@UnDecorator@@CA?AVDName@@XZ 10045870 f i libvcruntime:undname.obj
 0001:000448b7       ?getDataType@UnDecorator@@CA?AVDName@@PAV2@@Z 100458b7 f   libvcruntime:undname.obj
 0001:000449bd       ?getDecoratedName@UnDecorator@@CA?AVDName@@XZ 100459bd f   libvcruntime:undname.obj
 0001:00044c9c       ?getDimension@UnDecorator@@CA?AVDName@@_N@Z 10045c9c f   libvcruntime:undname.obj
 0001:00044e20       ?getDispatchTarget@UnDecorator@@CA?AVDName@@XZ 10045e20 f   libvcruntime:undname.obj
 0001:00044e91       ?getDisplacement@UnDecorator@@CA?AVDName@@XZ 10045e91 f i libvcruntime:undname.obj
 0001:00044eaa       ?getECSUDataType@UnDecorator@@CA?AVDName@@XZ 10045eaa f   libvcruntime:undname.obj
 0001:0004500e       ?getECSUName@UnDecorator@@CA?AVDName@@XZ 1004600e f i libvcruntime:undname.obj
 0001:00045023       ?getEnumType@UnDecorator@@CA?AVDName@@XZ 10046023 f i libvcruntime:undname.obj
 0001:0004514a       ?getExtendedDataIndirectType@UnDecorator@@CA?AVDName@@AAPBDAA_NH@Z 1004614a f   libvcruntime:undname.obj
 0001:0004535d       ?getExternalDataType@UnDecorator@@CA?AVDName@@ABV2@@Z 1004635d f i libvcruntime:undname.obj
 0001:000453f4       ?getFunctionIndirectType@UnDecorator@@CA?AVDName@@ABV2@@Z 100463f4 f   libvcruntime:undname.obj
 0001:000458ff       ?getGuardNumber@UnDecorator@@CA?AVDName@@XZ 100468ff f i libvcruntime:undname.obj
 0001:00045918       ?getLastChar@DName@@QBEDXZ 10046918 f i libvcruntime:undname.obj
 0001:0004593e       ?getLastChar@DNameStatusNode@@UBEDXZ 1004693e f i libvcruntime:undname.obj
 0001:0004594d       ?getLastChar@charNode@@UBEDXZ 1004694d f i libvcruntime:undname.obj
 0001:00045951       ?getLastChar@pDNameNode@@UBEDXZ 10046951 f i libvcruntime:undname.obj
 0001:00045962       ?getLastChar@pairNode@@UBEDXZ 10046962 f i libvcruntime:undname.obj
 0001:000459a1       ?getLastChar@pcharNode@@UBEDXZ 100469a1 f i libvcruntime:undname.obj
 0001:000459b7       ?getLexicalFrame@UnDecorator@@CA?AVDName@@XZ 100469b7 f i libvcruntime:undname.obj
 0001:00045a03       ?getMemory@_HeapManager@@QAEPAXIH@Z 10046a03 f   libvcruntime:undname.obj
 0001:00045ab4       ?getNumberOfDimensions@UnDecorator@@CAHXZ 10046ab4 f   libvcruntime:undname.obj
 0001:00045b2d       ?getOperatorName@UnDecorator@@CA?AVDName@@_NPA_N@Z 10046b2d f i libvcruntime:undname.obj
 0001:000462dc       ?getPointerType@UnDecorator@@CA?AVDName@@ABV2@0@Z 100472dc f i libvcruntime:undname.obj
 0001:00046301       ?getPointerTypeArray@UnDecorator@@CA?AVDName@@ABV2@0@Z 10047301 f i libvcruntime:undname.obj
 0001:00046326       ?getPrimaryDataType@UnDecorator@@CA?AVDName@@ABV2@@Z 10047326 f   libvcruntime:undname.obj
 0001:00046577       ?getPtrRefDataType@UnDecorator@@CA?AVDName@@ABV2@H@Z 10047577 f   libvcruntime:undname.obj
 0001:000466b9       ?getPtrRefType@UnDecorator@@CA?AVDName@@ABV2@0PBD@Z 100476b9 f   libvcruntime:undname.obj
 0001:000467f4       ?getReferenceType@UnDecorator@@CA?AVDName@@ABV2@0PBD@Z 100477f4 f i libvcruntime:undname.obj
 0001:00046817       ?getRestrictionSpec@UnDecorator@@CA?AVDName@@XZ 10047817 f   libvcruntime:undname.obj
 0001:00046945       ?getReturnType@UnDecorator@@CA?AVDName@@PAV2@@Z 10047945 f   libvcruntime:undname.obj
 0001:0004697f       ?getScope@UnDecorator@@CA?AVDName@@XZ 1004797f f   libvcruntime:undname.obj
 0001:00046e54       ?getScopedName@UnDecorator@@CA?AVDName@@XZ 10047e54 f   libvcruntime:undname.obj
 0001:00046f8d       ?getSignedDimension@UnDecorator@@CA?AVDName@@XZ 10047f8d f   libvcruntime:undname.obj
 0001:00046ff4       ?getStorageConvention@UnDecorator@@CA?AVDName@@XZ 10047ff4 f i libvcruntime:undname.obj
 0001:00047009       ?getString@DName@@QBEPADPAD0@Z 10048009 f i libvcruntime:undname.obj
 0001:00047040       ?getString@DName@@QBEPADPADH@Z 10048040 f i libvcruntime:undname.obj
 0001:000470ab       ?getString@DNameStatusNode@@UBEPADPAD0@Z 100480ab f i libvcruntime:undname.obj
 0001:000470db       ?getString@charNode@@UBEPADPAD0@Z 100480db f i libvcruntime:undname.obj
 0001:000470f5       ?getString@pDNameNode@@UBEPADPAD0@Z 100480f5 f i libvcruntime:undname.obj
 0001:00047111       ?getString@pairNode@@UBEPADPAD0@Z 10048111 f i libvcruntime:undname.obj
 0001:00047166       ?getString@pcharNode@@UBEPADPAD0@Z 10048166 f i libvcruntime:undname.obj
 0001:00047187       ?getStringEncoding@UnDecorator@@CA?AVDName@@PADH@Z 10048187 f   libvcruntime:undname.obj
 0001:00047252       ?getStringHelper@@YAPADPAD00H@Z 10048252 f i libvcruntime:undname.obj
 0001:00047296       ?getSymbolName@UnDecorator@@CA?AVDName@@XZ 10048296 f i libvcruntime:undname.obj
 0001:000472f0       ?getTemplateArgumentList@UnDecorator@@CA?AVDName@@XZ 100482f0 f   libvcruntime:undname.obj
 0001:00047648       ?getTemplateConstant@UnDecorator@@CA?AVDName@@XZ 10048648 f   libvcruntime:undname.obj
 0001:00047a5d       ?getTemplateName@UnDecorator@@CA?AVDName@@_N@Z 10048a5d f   libvcruntime:undname.obj
 0001:00047c08       ?getThisType@UnDecorator@@CA?AVDName@@XZ 10048c08 f i libvcruntime:undname.obj
 0001:00047c50       ?getThrowTypes@UnDecorator@@CA?AVDName@@XZ 10048c50 f   libvcruntime:undname.obj
 0001:00047cfc       ?getTypeEncoding@UnDecorator@@CAHXZ 10048cfc f i libvcruntime:undname.obj
 0001:0004833c       ?getVCallThunkType@UnDecorator@@CA?AVDName@@XZ 1004933c f i libvcruntime:undname.obj
 0001:00048385       ?getVbTableType@UnDecorator@@CA?AVDName@@ABV2@@Z 10049385 f i libvcruntime:undname.obj
 0001:0004839f       ?getVdispMapType@UnDecorator@@CA?AVDName@@ABV2@@Z 1004939f f i libvcruntime:undname.obj
 0001:0004840a       ?getVfTableType@UnDecorator@@CA?AVDName@@ABV2@@Z 1004940a f i libvcruntime:undname.obj
 0001:000485c8       ?getZName@UnDecorator@@CA?AVDName@@_N0@Z 100495c8 f   libvcruntime:undname.obj
 0001:00048898       ?haveTemplateParameters@UnDecorator@@SAHXZ 10049898 f i libvcruntime:undname.obj
 0001:000488a5       ?isArray@DName@@QBEHXZ     100498a5 f i libvcruntime:undname.obj
 0001:000488b1       ?isComArray@DName@@QBEHXZ  100498b1 f i libvcruntime:undname.obj
 0001:000488bd       ?isEmpty@DName@@QBEHXZ     100498bd f i libvcruntime:undname.obj
 0001:000488c7       ?isFull@Replicator@@QBEHXZ 100498c7 f i libvcruntime:undname.obj
 0001:000488d2       ?isNoTE@DName@@QBEHXZ      100498d2 f i libvcruntime:undname.obj
 0001:000488de       ?isPinPtr@DName@@QBEHXZ    100498de f i libvcruntime:undname.obj
 0001:000488ea       ?isPtrRef@DName@@QBEHXZ    100498ea f i libvcruntime:undname.obj
 0001:000488f6       ?isUDC@DName@@QBEHXZ       100498f6 f i libvcruntime:undname.obj
 0001:0004890b       ?isUDTThunk@DName@@QBEHXZ  1004990b f i libvcruntime:undname.obj
 0001:00048920       ?isVCallThunk@DName@@QBEHXZ 10049920 f i libvcruntime:undname.obj
 0001:0004892c       ?isValid@DName@@QBEHXZ     1004992c f i libvcruntime:undname.obj
 0001:00048938       ?length@DName@@QBEHXZ      10049938 f i libvcruntime:undname.obj
 0001:0004895d       ?length@DNameStatusNode@@UBEHXZ 1004995d f i libvcruntime:undname.obj
 0001:00048961       ?length@charNode@@UBEHXZ   10049961 f i libvcruntime:undname.obj
 0001:00048965       ?length@pDNameNode@@UBEHXZ 10049965 f i libvcruntime:undname.obj
 0001:00048976       ?length@pairNode@@UBEHXZ   10049976 f i libvcruntime:undname.obj
 0001:000489d2       ?length@pcharNode@@UBEHXZ  100499d2 f i libvcruntime:undname.obj
 0001:000489d6       ?make@DNameStatusNode@@SAPAV1@W4DNameStatus@@@Z 100499d6 f i libvcruntime:undname.obj
 0001:00048a7d       ?setIsArray@DName@@QAEXXZ  10049a7d f i libvcruntime:undname.obj
 0001:00048a87       ?setIsComArray@DName@@QAEXXZ 10049a87 f i libvcruntime:undname.obj
 0001:00048a91       ?setIsNoTE@DName@@QAEXXZ   10049a91 f i libvcruntime:undname.obj
 0001:00048a9b       ?setIsPinPtr@DName@@QAEXXZ 10049a9b f i libvcruntime:undname.obj
 0001:00048aa5       ?setIsUDC@DName@@QAEXXZ    10049aa5 f i libvcruntime:undname.obj
 0001:00048ab5       ?setIsVCallThunk@DName@@QAEXXZ 10049ab5 f i libvcruntime:undname.obj
 0001:00048abf       ?setPtrRef@DName@@QAEAAV1@XZ 10049abf f i libvcruntime:undname.obj
 0001:00048acb       ?status@DName@@QBE?AW4DNameStatus@@XZ 10049acb f i libvcruntime:undname.obj
 0001:00048b50       ___unDName                 10049b50 f   libvcruntime:undname.obj
 0001:00048c0a       ___unDNameEx               10049c0a f   libvcruntime:undname.obj
 0001:00048cc4       __vsprintf_s_l             10049cc4 f i libvcruntime:undname.obj
 0001:00048d00       __global_unwind2           10049d00 f   libvcruntime:_exsup_.obj
 0001:00048d65       __local_unwind2            10049d65 f   libvcruntime:_exsup_.obj
 0001:00048de9       __abnormal_termination     10049de9 f   libvcruntime:_exsup_.obj
 0001:00048e0c       __NLG_Notify1              10049e0c f   libvcruntime:_exsup_.obj
 0001:00048e15       __NLG_Notify               10049e15 f   libvcruntime:_exsup_.obj
 0001:00048e2c       __NLG_Dispatch             10049e2c     libvcruntime:_exsup_.obj
 0001:00048e2c       __NLG_Dispatch2            10049e2c     libvcruntime:_exsup_.obj
 0001:00048e34       __NLG_Call                 10049e34 f   libvcruntime:_exsup_.obj
 0001:00048e36       __NLG_Return2              10049e36     libvcruntime:_exsup_.obj
 0001:00048e84       ??$__crt_fast_decode_pointer@P6AXXZ@@YAP6AXXZQ6AXXZ@Z 10049e84 f i libvcruntime:purevirt.obj
 0001:00048e9d       ??$__crt_interlocked_compare_exchange_pointer@$$A6AXXZ$$T$$T@@YAP6AXXZPDS6AXXZ$$T1@Z 10049e9d f i libvcruntime:purevirt.obj
 0001:00048eb3       ??$__crt_interlocked_exchange_pointer@$$A6AXXZP6AXXZ@@YAP6AXXZPDS6AXXZQ6AXXZ@Z 10049eb3 f i libvcruntime:purevirt.obj
 0001:00048ec3       ??$__crt_interlocked_read_pointer@$$A6AXXZ@@YAP6AXXZPDS6AXXZ@Z 10049ec3 f i libvcruntime:purevirt.obj
 0001:00048ed7       __get_purecall_handler     10049ed7 f   libvcruntime:purevirt.obj
 0001:00048efd       __purecall                 10049efd f   libvcruntime:purevirt.obj
 0001:00048f1e       __set_purecall_handler     10049f1e f   libvcruntime:purevirt.obj
 0001:00048f4c       _malloc                    10049f4c f   libucrt:malloc.obj
 0001:00048f59       ??$?RPAU__crt_stdio_stream_data@@@__crt_internal_free_policy@@QBEXQBQAU__crt_stdio_stream_data@@@Z 10049f59 f i libucrt:_file.obj
 0001:00048f6f       ??0?$__crt_unique_heap_ptr@PAU__crt_stdio_stream_data@@U__crt_internal_free_policy@@@@QAE@QAPAU__crt_stdio_stream_data@@@Z 10049f6f f i libucrt:_file.obj
 0001:00048f83       ??0__crt_stdio_stream@@QAE@QAU_iobuf@@@Z 10049f83 f i libucrt:_file.obj
 0001:00048f97       ??1?$__crt_unique_heap_ptr@PAU__crt_stdio_stream_data@@U__crt_internal_free_policy@@@@QAE@XZ 10049f97 f i libucrt:_file.obj
 0001:00048fad       ??C__crt_stdio_stream@@QBEPAU__crt_stdio_stream_data@@XZ 10049fad f i libucrt:_file.obj
 0001:00048fb0       ?detach@?$__crt_unique_heap_ptr@PAU__crt_stdio_stream_data@@U__crt_internal_free_policy@@@@QAEPAPAU__crt_stdio_stream_data@@XZ 10049fb0 f i libucrt:_file.obj
 0001:00048fb6       ?release@?$__crt_unique_heap_ptr@PAU__crt_stdio_stream_data@@U__crt_internal_free_policy@@@@QAEXXZ 10049fb6 f i libucrt:_file.obj
 0001:00048fcc       ___acrt_initialize_stdio   10049fcc f   libucrt:_file.obj
 0001:000490c6       ___acrt_iob_func           1004a0c6 f   libucrt:_file.obj
 0001:000490da       ___acrt_uninitialize_stdio 1004a0da f   libucrt:_file.obj
 0001:00049139       __get_stream_buffer_pointers 1004a139 f   libucrt:_file.obj
 0001:00049190       __lock_file                1004a190 f   libucrt:_file.obj
 0001:000491a9       __unlock_file              1004a1a9 f   libucrt:_file.obj
 0001:000491c2       ??$?0ABV?$stream_output_adapter@D@__crt_stdio_output@@AB_KABQBDABQAU__crt_locale_pointers@@ABQAD@?$format_validation_base@DV?$stream_output_adapter@D@__crt_stdio_output@@@__crt_stdio_output@@IAE@ABV?$stream_output_adapter@D@1@AB_KABQBDABQAU__crt_locale_pointers@@ABQAD@Z 1004a1c2 f i libucrt:output.obj
 0001:000491ed       ??$?0ABV?$stream_output_adapter@D@__crt_stdio_output@@AB_KABQBDABQAU__crt_locale_pointers@@ABQAD@?$positional_parameter_base@DV?$stream_output_adapter@D@__crt_stdio_output@@@__crt_stdio_output@@IAE@ABV?$stream_output_adapter@D@1@AB_KABQBDABQAU__crt_locale_pointers@@ABQAD@Z 1004a1ed f i libucrt:output.obj
 0001:00049247       ??$?0ABV?$stream_output_adapter@D@__crt_stdio_output@@AB_KABQBDABQAU__crt_locale_pointers@@ABQAD@?$standard_base@DV?$stream_output_adapter@D@__crt_stdio_output@@@__crt_stdio_output@@IAE@ABV?$stream_output_adapter@D@1@AB_KABQBDABQAU__crt_locale_pointers@@ABQAD@Z 1004a247 f i libucrt:output.obj
 0001:00049289       ??$?0ABV?$stream_output_adapter@_W@__crt_stdio_output@@AB_KABQB_WABQAU__crt_locale_pointers@@ABQAD@?$format_validation_base@_WV?$stream_output_adapter@_W@__crt_stdio_output@@@__crt_stdio_output@@IAE@ABV?$stream_output_adapter@_W@1@AB_KABQB_WABQAU__crt_locale_pointers@@ABQAD@Z 1004a289 f i libucrt:output.obj
 0001:000492b4       ??$?0ABV?$stream_output_adapter@_W@__crt_stdio_output@@AB_KABQB_WABQAU__crt_locale_pointers@@ABQAD@?$positional_parameter_base@_WV?$stream_output_adapter@_W@__crt_stdio_output@@@__crt_stdio_output@@IAE@ABV?$stream_output_adapter@_W@1@AB_KABQB_WABQAU__crt_locale_pointers@@ABQAD@Z 1004a2b4 f i libucrt:output.obj
 0001:0004930e       ??$?0ABV?$stream_output_adapter@_W@__crt_stdio_output@@AB_KABQB_WABQAU__crt_locale_pointers@@ABQAD@?$standard_base@_WV?$stream_output_adapter@_W@__crt_stdio_output@@@__crt_stdio_output@@IAE@ABV?$stream_output_adapter@_W@1@AB_KABQB_WABQAU__crt_locale_pointers@@ABQAD@Z 1004a30e f i libucrt:output.obj
 0001:00049350       ??$?0ABV?$string_output_adapter@D@__crt_stdio_output@@AB_KABQBDABQAU__crt_locale_pointers@@ABQAD@?$format_validation_base@DV?$string_output_adapter@D@__crt_stdio_output@@@__crt_stdio_output@@IAE@ABV?$string_output_adapter@D@1@AB_KABQBDABQAU__crt_locale_pointers@@ABQAD@Z 1004a350 f i libucrt:output.obj
 0001:0004937b       ??$?0ABV?$string_output_adapter@D@__crt_stdio_output@@AB_KABQBDABQAU__crt_locale_pointers@@ABQAD@?$positional_parameter_base@DV?$string_output_adapter@D@__crt_stdio_output@@@__crt_stdio_output@@IAE@ABV?$string_output_adapter@D@1@AB_KABQBDABQAU__crt_locale_pointers@@ABQAD@Z 1004a37b f i libucrt:output.obj
 0001:000493d5       ??$?0ABV?$string_output_adapter@D@__crt_stdio_output@@AB_KABQBDABQAU__crt_locale_pointers@@ABQAD@?$standard_base@DV?$string_output_adapter@D@__crt_stdio_output@@@__crt_stdio_output@@IAE@ABV?$string_output_adapter@D@1@AB_KABQBDABQAU__crt_locale_pointers@@ABQAD@Z 1004a3d5 f i libucrt:output.obj
 0001:00049417       ??$?0ABV?$string_output_adapter@_W@__crt_stdio_output@@AB_KABQB_WABQAU__crt_locale_pointers@@ABQAD@?$format_validation_base@_WV?$string_output_adapter@_W@__crt_stdio_output@@@__crt_stdio_output@@IAE@ABV?$string_output_adapter@_W@1@AB_KABQB_WABQAU__crt_locale_pointers@@ABQAD@Z 1004a417 f i libucrt:output.obj
 0001:00049442       ??$?0ABV?$string_output_adapter@_W@__crt_stdio_output@@AB_KABQB_WABQAU__crt_locale_pointers@@ABQAD@?$positional_parameter_base@_WV?$string_output_adapter@_W@__crt_stdio_output@@@__crt_stdio_output@@IAE@ABV?$string_output_adapter@_W@1@AB_KABQB_WABQAU__crt_locale_pointers@@ABQAD@Z 1004a442 f i libucrt:output.obj
 0001:0004949c       ??$?0ABV?$string_output_adapter@_W@__crt_stdio_output@@AB_KABQB_WABQAU__crt_locale_pointers@@ABQAD@?$standard_base@_WV?$string_output_adapter@_W@__crt_stdio_output@@@__crt_stdio_output@@IAE@ABV?$string_output_adapter@_W@1@AB_KABQB_WABQAU__crt_locale_pointers@@ABQAD@Z 1004a49c f i libucrt:output.obj
 0001:000494de       ??$?RV<lambda_2293f24e3ce1ad6fe22ccfb9dec07671>@@AAV<lambda_2565fc715a641e539f44ad02d6823606>@@V<lambda_d3217f279b832965d9ca670dc2993570>@@@?$__crt_seh_guarded_call@H@@QAEH$$QAV<lambda_2293f24e3ce1ad6fe22ccfb9dec07671>@@AAV<lambda_2565fc715a641e539f44ad02d6823606>@@$$QAV<lambda_d3217f279b832965d9ca670dc2993570>@@@Z 1004a4de f i libucrt:output.obj
 0001:00049543       ??$?RV<lambda_4d4ac866be0fa3c441830420fabdd2cb>@@AAV<lambda_63a10c2dc8dbb9e4dd1890be52af7c93>@@V<lambda_002af9fa0f8fe472b648c51882d4fc32>@@@?$__crt_seh_guarded_call@H@@QAEH$$QAV<lambda_4d4ac866be0fa3c441830420fabdd2cb>@@AAV<lambda_63a10c2dc8dbb9e4dd1890be52af7c93>@@$$QAV<lambda_002af9fa0f8fe472b648c51882d4fc32>@@@Z 1004a543 f i libucrt:output.obj
 0001:000495a8       ??$?RV<lambda_5be909dfbae0a631386585770cd7b676>@@AAV<lambda_e516058a9c289d98c8ca9fea99247804>@@V<lambda_afe2e0cdc5e0ecf6f0d6f5e2f8985e38>@@@?$__crt_seh_guarded_call@H@@QAEH$$QAV<lambda_5be909dfbae0a631386585770cd7b676>@@AAV<lambda_e516058a9c289d98c8ca9fea99247804>@@$$QAV<lambda_afe2e0cdc5e0ecf6f0d6f5e2f8985e38>@@@Z 1004a5a8 f i libucrt:output.obj
 0001:0004960d       ??$?RV<lambda_823d65812123d985753d53e2a8c25d20>@@AAV<lambda_0a97c9e57da7be065955385c79108ff2>@@V<lambda_4d2973f3ad2d226f00468307185dca1b>@@@?$__crt_seh_guarded_call@H@@QAEH$$QAV<lambda_823d65812123d985753d53e2a8c25d20>@@AAV<lambda_0a97c9e57da7be065955385c79108ff2>@@$$QAV<lambda_4d2973f3ad2d226f00468307185dca1b>@@@Z 1004a60d f i libucrt:output.obj
[...]
 0003:0003bbe0       _CANAC2_1_send_mb3         100f3be0     <common>
 0003:0003bf00       _CANAC2_2_receiveindex_mb2 100f3f00     <common>
 0003:0003c220       _CANAC2_2_receivemaxindex_mb2 100f4220     <common>
 0003:0003c240       _CANAC2_2_sendindex_mb2    100f4240     <common>
 0003:0003c560       _CANAC2_2_sendmaxindex_mb2 100f4560     <common>
 0003:0003c580       _CANAC2_1_receiveindex_mb2 100f4580     <common>
 0003:0003c8a0       _CANAC2_1_receivemaxindex_mb2 100f48a0     <common>
 0003:0003c8c0       _CANAC2_1_sendindex_mb2    100f48c0     <common>
 0003:0003cbe0       _CANAC2_1_sendmaxindex_mb2 100f4be0     <common>
 0003:0003cc00       _CANAC2_2_receive_mb2      100f4c00     <common>
 0003:0003cf20       _CANAC2_2_send_mb2         100f4f20     <common>
 0003:0003d240       _CANAC2_1_receive_mb2      100f5240     <common>
 0003:0003d560       _CANAC2_1_send_mb2         100f5560     <common>
 0003:0003d880       _CANAC2_2_receiveindex_mb1 100f5880     <common>
 0003:0003dba0       _CANAC2_2_receivemaxindex_mb1 100f5ba0     <common>
 0003:0003dbc0       _CANAC2_2_sendindex_mb1    100f5bc0     <common>
 0003:0003dee0       _CANAC2_2_sendmaxindex_mb1 100f5ee0     <common>
 0003:0003df00       _CANAC2_1_receiveindex_mb1 100f5f00     <common>
 0003:0003e220       _CANAC2_1_receivemaxindex_mb1 100f6220     <common>
 0003:0003e240       _CANAC2_1_sendindex_mb1    100f6240     <common>
 0003:0003e560       _CANAC2_1_sendmaxindex_mb1 100f6560     <common>
 0003:0003e580       _CANAC2_2_receive_mb1      100f6580     <common>
 0003:0003e8a0       _CANAC2_2_send_mb1         100f68a0     <common>
 0003:0003ebc0       _CANAC2_1_receive_mb1      100f6bc0     <common>
 0003:0003eee0       _CANAC2_1_send_mb1         100f6ee0     <common>
 0003:0003f200       _CANAC2_2_receiveindex     100f7200     <common>
 0003:0003f520       _CANAC2_2_receivemaxindex  100f7520     <common>
 0003:0003f540       _CANAC2_2_sendindex        100f7540     <common>
 0003:0003f860       _CANAC2_2_sendmaxindex     100f7860     <common>
 0003:0003f880       _CANAC2_1_receiveindex     100f7880     <common>
 0003:0003fba0       _CANAC2_1_receivemaxindex  100f7ba0     <common>
 0003:0003fbc0       _CANAC2_1_sendindex        100f7bc0     <common>
 0003:0003fee0       _CANAC2_1_sendmaxindex     100f7ee0     <common>
 0003:0003ff00       _CANAC2_2_receive          100f7f00     <common>
 0003:00040220       _CANAC2_2_send             100f8220     <common>
 0003:00040540       _CANAC2_1_receive          100f8540     <common>
 0003:00040860       _CANAC2_1_send             100f8860     <common>
 0003:00040b80       _siepowercan_can_object_buffer_port2 100f8b80     <common>
 0003:00044ba0       _siepowercan_can_object_buffer_port1 100fcba0     <common>
 0003:00048ba0       _rtNaNF                    10100ba0     <common>
 0003:00048bb4       _rtMinusInfF               10100bb4     <common>
 0003:00048bb8       _rtInfF                    10100bb8     <common>
 0003:00048bc0       _rtNaN                     10100bc0     <common>
 0003:00048bc8       _rtMinusInf                10100bc8     <common>
 0003:00048bd0       _rtInf                     10100bd0     <common>
 0003:00048bd8       ?_OptionsStorage@?1??__local_stdio_printf_options@@9@9 10100bd8     <common>
 0003:0004bf40       _Control_software_v1_1_DW  10103f40     <common>
 0003:0004c300       _Control_software_v1_1_B   10104300     <common>
 0003:0004d800       _Control_software_v1_1_M_  10105800     <common>
 0003:0005bf80       _xpcDev_1                  10113f80     <common>
 0003:0005c000       _CloseClientSocket         10114000     <common>
 0003:0005c068       _ConnectClientSocket       10114068     <common>
 0003:0005c06c       _BindClientSocket          1011406c     <common>
 0003:0005c070       _CreateClientSocket        10114070     <common>
 0003:0005c074       _CloseServerSocket         10114074     <common>
 0003:0005c078       _ConnectServerSocket       10114078     <common>
 0003:0005c07c       _OpenServerListen          1011407c     <common>
 0003:0005c080       _CreateServerSocket        10114080     <common>
 0003:0005c084       _SocketReceive             10114084     <common>
 0003:0005c088       _SocketSend                10114088     <common>
 0003:0005c08c       _GetSocketState            1011408c     <common>
 0003:0005c090       _GetSocket                 10114090     <common>
 0003:0005c094       _socket                    10114094     <common>
 0003:0005c098       _inet_addr                 10114098     <common>
 0003:0005c09c       _sendto                    1011409c     <common>
 0003:0005c0a0       _recvfrom                  101140a0     <common>
 0003:0005c0a4       _listen                    101140a4     <common>
 0003:0005c0a8       _ioctlsocket               101140a8     <common>
 0003:0005c0ac       _connect                   101140ac     <common>
 0003:0005c0b0       _closesocket               101140b0     <common>
 0003:0005c0b4       _setsockopt                101140b4     <common>
 0003:0005c0b8       _bind                      101140b8     <common>
 0003:0005c0bc       _accept                    101140bc     <common>
 0003:0005c0c0       _GetHostTarIPAdd           101140c0     <common>
 0003:0005c0c4       _GetDCUUsage               101140c4     <common>
 0003:0005c0c8       _DeleteRoute               101140c8     <common>
 0003:0005c0cc       _AddGatewayRoute           101140cc     <common>
 0003:0005c0d0       _SetIP                     101140d0     <common>
 0003:0005c0d4       _CloseInterface            101140d4     <common>
 0003:0005c0d8       _OpenInterface             101140d8     <common>
 0003:0005c0dc       _SetIPTASKPriority         101140dc     <common>
 0003:0005c0e0       _isUsedByRTIP              101140e0     <common>
 0003:0005c0e4       _slrtWarning               101140e4     <common>
 0003:0005c0e8       _slrtGetCPUTCelsius        101140e8     <common>
 0003:0005c0ec       _geterrorstring            101140ec     <common>
 0003:0005c0f0       _getlasterror              101140f0     <common>
 0003:0005c0f4       _slrtLogEvent              101140f4     <common>
 0003:0005c0f8       _slrtGetDefaultDrive       101140f8     <common>
 0003:0005c0fc       _slrtfsFread               101140fc     <common>
 0003:0005c100       _slrtfsGetFileStatus       10114100     <common>
 0003:0005c104       _slrtfsOpenFileAsync       10114104     <common>
 0003:0005c108       _slrtfsCloseFileAsync      10114108     <common>
 0003:0005c10c       _slrtfsGetFileErrorMessage 1011410c     <common>
 0003:0005c110       _slrtfsGetFileError        10114110     <common>
 0003:0005c114       _slrtfsWriteToFile         10114114     <common>
 0003:0005c118       _slrtfsCloseFile           10114118     <common>
 0003:0005c11c       _slrtfsOpenFile            1011411c     <common>
 0003:0005c120       _slrtGetSgCRBSpace         10114120     <common>
 0003:0005c124       _slrtGetCRBScratchSpace    10114124     <common>
 0003:0005c128       _slrteSetupMSI             10114128     <common>
 0003:0005c12c       _slTestRegAssessment       1011412c     <common>
 0003:0005c130       _slTestTerminate           10114130     <common>
 0003:0005c134       _slTestEvalOnFail          10114134     <common>
 0003:0005c138       _slTestLogAssessments      10114138     <common>
 0003:0005c13c       _slTestInitialize          1011413c     <common>
 0003:0005c140       _unRegisterPTPTimeRead     10114140     <common>
 0003:0005c144       _registerPTPTimeRead       10114144     <common>
 0003:0005c148       _slrteGetCurrentStepSize   10114148     <common>
 0003:0005c14c       _slrteSetStepSizeDelta     1011414c     <common>
 0003:0005c150       _xpceGetIntTimerGranularityNS 10114150     <common>
 0003:0005c154       _xpceDAQUpdateTimeStamp    10114154     <common>
 0003:0005c158       _xpceDAQPostEvent          10114158     <common>
 0003:0005c15c       _StreamVideo               1011415c     <common>
 0003:0005c160       _StopVideoDisplay          10114160     <common>
 0003:0005c164       _StartVideoDisplay         10114164     <common>
 0003:0005c168       _DestroyVideoDisplay       10114168     <common>
 0003:0005c16c       _CreateVideoDisplay        1011416c     <common>
 0003:0005c170       _ConvertUImage             10114170     <common>
 0003:0005c174       _StopVideo                 10114174     <common>
 0003:0005c178       _ReadFrameBuffer           10114178     <common>
 0003:0005c17c       _StartVideo                1011417c     <common>
 0003:0005c180       _GetVideoConfigs           10114180     <common>
 0003:0005c184       _FindUsbVideoDevice        10114184     <common>
 0003:0005c188       _xpceDeleteSemaphore       10114188     <common>
 0003:0005c18c       _xpceSignalSemaphore       1011418c     <common>
 0003:0005c190       _xpceWaitSemaphore         10114190     <common>
 0003:0005c194       _xpceCreateSemaphore       10114194     <common>
 0003:0005c198       _TBGiveSpinFast            10114198     <common>
 0003:0005c19c       _TBTakeSpinFast            1011419c     <common>
 0003:0005c1a0       _TBDeleteSpin              101141a0     <common>
 0003:0005c1a4       _TBCreateSpin              101141a4     <common>
 0003:0005c1a8       _xpceScopeAcqOK            101141a8     <common>
 0003:0005c1ac       _rl32eRestartAcquisition   101141ac     <common>
 0003:0005c1b0       _rl32eSetTargetScopeSigFt  101141b0     <common>
 0003:0005c1b4       _rl32eSetTargetScope       101141b4     <common>
 0003:0005c1b8       _xpceFSScopeSet            101141b8     <common>
 0003:0005c1bc       _rl32eSetScope             101141bc     <common>
 0003:0005c1c0       _rl32eAddSignal            101141c0     <common>
 0003:0005c1c4       _rl32eGetSignalNo          101141c4     <common>
 0003:0005c1c8       _rl32eDefScope             101141c8     <common>
 0003:0005c1cc       _rl32eScopeExists          101141cc     <common>
 0003:0005c1d0       _xpceGetParamDims          101141d0     <common>
 0003:0005c1d4       _xpceGetParameter          101141d4     <common>
 0003:0005c1d8       _xpceSetParameter          101141d8     <common>
 0003:0005c1dc       _xpceGetSignalValue        101141dc     <common>
 0003:0005c1e0       _xpceAssignPCIInterrupt    101141e0     <common>
 0003:0005c1e4       _rl32eGetPCIInfoAtSlot     101141e4     <common>
 0003:0005c1e8       _rl32eGetPCIInfo           101141e8     <common>
 0003:0005c1ec       _rl32eShowPCIInfo          101141ec     <common>
 0003:0005c1f0       _rl32eShowPCIDev           101141f0     <common>
 0003:0005c1f4       _xpceGetTET                101141f4     <common>
 0003:0005c1f8       _xpceaddEvent              101141f8     <common>
 0003:0005c1fc       _xpceDeRegisterISR         101141fc     <common>
 0003:0005c200       _xpceRegisterISR           10114200     <common>
 0003:0005c204       _xpcIsModelInit            10114204     <common>
 0003:0005c208       _xpcGetElapsedTime         10114208     <common>
 0003:0005c20c       _xpcBusyWait               1011420c     <common>
 0003:0005c210       _xpcFreePhysicalMemory     10114210     <common>
 0003:0005c214       _xpcAllocPhysicalMemory    10114214     <common>
 0003:0005c218       _xpcReserveMemoryRegion    10114218     <common>
 0003:0005c21c       _xpcOutpB                  1011421c     <common>
 0003:0005c220       _xpcOutpW                  10114220     <common>
 0003:0005c224       _xpcOutpDW                 10114224     <common>
 0003:0005c228       _xpcInpB                   10114228     <common>
 0003:0005c22c       _xpcInpW                   1011422c     <common>
 0003:0005c230       _xpcInpDW                  10114230     <common>
 0003:0005c234       ___scrt_ucrt_dll_is_in_use 10114234     <common>
 0003:0005c240       ___dyn_tls_init_callback   10114240     <common>
 0003:0005c24c       __pDestructExceptionObject 1011424c     <common>
 0003:0005c258       __pmatherr                 10114258     <common>
 0003:0005c264       ___use_sse2_mathfcns       10114264     <common>
 0004:00000000       __imp__SystemFunction036@8 10115000     advapi32:ADVAPI32.dll
 0004:00000004       \177ADVAPI32_NULL_THUNK_DATA 10115004     advapi32:ADVAPI32.dll
 0004:00000030       __imp__SetCurrentDirectoryA@4 10115030     kernel32:KERNEL32.dll
 0004:00000034       __imp__GetCurrentDirectoryA@8 10115034     kernel32:KERNEL32.dll
 0004:00000038       __imp__Sleep@4             10115038     kernel32:KERNEL32.dll
 0004:0000003c       __imp__UnhandledExceptionFilter@4 1011503c     kernel32:KERNEL32.dll
 0004:00000040       __imp__SetUnhandledExceptionFilter@4 10115040     kernel32:KERNEL32.dll
 0004:00000044       __imp__GetCurrentProcess@0 10115044     kernel32:KERNEL32.dll
 0004:00000048       __imp__TerminateProcess@8  10115048     kernel32:KERNEL32.dll
 0004:0000004c       __imp__IsProcessorFeaturePresent@4 1011504c     kernel32:KERNEL32.dll
 0004:00000050       __imp__QueryPerformanceCounter@4 10115050     kernel32:KERNEL32.dll
 0004:00000054       __imp__GetCurrentProcessId@0 10115054     kernel32:KERNEL32.dll
 0004:00000058       __imp__GetCurrentThreadId@0 10115058     kernel32:KERNEL32.dll
 0004:0000005c       __imp__GetSystemTimeAsFileTime@4 1011505c     kernel32:KERNEL32.dll
 0004:00000060       __imp__InitializeSListHead@4 10115060     kernel32:KERNEL32.dll
 0004:00000064       __imp__IsDebuggerPresent@0 10115064     kernel32:KERNEL32.dll
 0004:00000068       __imp__GetStartupInfoW@4   10115068     kernel32:KERNEL32.dll
 0004:0000006c       __imp__GetModuleHandleW@4  1011506c     kernel32:KERNEL32.dll
 0004:00000070       __imp__GetLastError@0      10115070     kernel32:KERNEL32.dll
 0004:00000074       __imp__GetModuleFileNameW@12 10115074     kernel32:KERNEL32.dll
 0004:00000078       __imp__InterlockedPushEntrySList@8 10115078     kernel32:KERNEL32.dll
 0004:0000007c       __imp__InterlockedFlushSList@4 1011507c     kernel32:KERNEL32.dll
 0004:00000080       __imp__InitializeCriticalSectionAndSpinCount@8 10115080     kernel32:KERNEL32.dll
 0004:00000084       __imp__TlsAlloc@0          10115084     kernel32:KERNEL32.dll
 0004:00000088       __imp__TlsGetValue@4       10115088     kernel32:KERNEL32.dll
 0004:0000008c       __imp__TlsSetValue@8       1011508c     kernel32:KERNEL32.dll
 0004:00000090       __imp__TlsFree@4           10115090     kernel32:KERNEL32.dll
 0004:00000094       __imp__FreeLibrary@4       10115094     kernel32:KERNEL32.dll
 0004:00000098       __imp__LoadLibraryExW@12   10115098     kernel32:KERNEL32.dll
 0004:0000009c       __imp__RtlUnwind@16        1011509c     kernel32:KERNEL32.dll
 0004:000000a0       __imp__SetLastError@4      101150a0     kernel32:KERNEL32.dll
 0004:000000a4       __imp__EnterCriticalSection@4 101150a4     kernel32:KERNEL32.dll
 0004:000000a8       __imp__LeaveCriticalSection@4 101150a8     kernel32:KERNEL32.dll
 0004:000000ac       __imp__DeleteCriticalSection@4 101150ac     kernel32:KERNEL32.dll
 0004:000000b0       __imp__GetStdHandle@4      101150b0     kernel32:KERNEL32.dll
 0004:000000b4       __imp__GetFileType@4       101150b4     kernel32:KERNEL32.dll
 0004:000000b8       __imp__GetModuleFileNameA@12 101150b8     kernel32:KERNEL32.dll
 0004:000000bc       __imp__GetModuleHandleExW@12 101150bc     kernel32:KERNEL32.dll
 0004:000000c0       __imp__WriteConsoleW@20    101150c0     kernel32:KERNEL32.dll
 0004:000000c4       __imp__ExitProcess@4       101150c4     kernel32:KERNEL32.dll
 0004:000000c8       __imp__ReadFile@20         101150c8     kernel32:KERNEL32.dll
 0004:000000cc       __imp__RaiseException@16   101150cc     kernel32:KERNEL32.dll
 0004:000000d0       __imp__MultiByteToWideChar@24 101150d0     kernel32:KERNEL32.dll
 0004:000000d4       __imp__GetProcAddress@8    101150d4     kernel32:KERNEL32.dll
 0004:000000d8       __imp__HeapFree@12         101150d8     kernel32:KERNEL32.dll
 0004:000000dc       __imp__HeapAlloc@12        101150dc     kernel32:KERNEL32.dll
 0004:000000e0       __imp__GetDateFormatW@24   101150e0     kernel32:KERNEL32.dll
 0004:000000e4       __imp__GetTimeFormatW@24   101150e4     kernel32:KERNEL32.dll
 0004:000000e8       __imp__CompareStringW@24   101150e8     kernel32:KERNEL32.dll
 0004:000000ec       __imp__LCMapStringW@24     101150ec     kernel32:KERNEL32.dll
 0004:000000f0       __imp__GetLocaleInfoW@16   101150f0     kernel32:KERNEL32.dll
 0004:000000f4       __imp__IsValidLocale@8     101150f4     kernel32:KERNEL32.dll
 0004:000000f8       __imp__GetUserDefaultLCID@0 101150f8     kernel32:KERNEL32.dll
 0004:000000fc       __imp__EnumSystemLocalesW@8 101150fc     kernel32:KERNEL32.dll
 0004:00000100       __imp__GetCurrentThread@0  10115100     kernel32:KERNEL32.dll
 0004:00000104       __imp__GetACP@0            10115104     kernel32:KERNEL32.dll
 0004:00000108       __imp__WriteFile@20        10115108     kernel32:KERNEL32.dll
 0004:0000010c       __imp__OutputDebugStringA@4 1011510c     kernel32:KERNEL32.dll
 0004:00000110       __imp__OutputDebugStringW@4 10115110     kernel32:KERNEL32.dll
 0004:00000114       __imp__CloseHandle@4       10115114     kernel32:KERNEL32.dll
 0004:00000118       __imp__WaitForSingleObjectEx@12 10115118     kernel32:KERNEL32.dll
 0004:0000011c       __imp__CreateThread@24     1011511c     kernel32:KERNEL32.dll
 0004:00000120       __imp__SetConsoleCtrlHandler@8 10115120     kernel32:KERNEL32.dll
 0004:00000124       __imp__HeapReAlloc@16      10115124     kernel32:KERNEL32.dll
 0004:00000128       __imp__GetConsoleMode@8    10115128     kernel32:KERNEL32.dll
 0004:0000012c       __imp__ReadConsoleW@20     1011512c     kernel32:KERNEL32.dll
 0004:00000130       __imp__GetConsoleCP@0      10115130     kernel32:KERNEL32.dll
 0004:00000134       __imp__DeleteFileW@4       10115134     kernel32:KERNEL32.dll
 0004:00000138       __imp__SetFilePointerEx@20 10115138     kernel32:KERNEL32.dll
 0004:0000013c       __imp__GetStringTypeW@16   1011513c     kernel32:KERNEL32.dll
 0004:00000140       __imp__IsValidCodePage@4   10115140     kernel32:KERNEL32.dll
 0004:00000144       __imp__GetOEMCP@0          10115144     kernel32:KERNEL32.dll
 0004:00000148       __imp__GetCPInfo@8         10115148     kernel32:KERNEL32.dll
 0004:0000014c       __imp__GetEnvironmentStringsW@0 1011514c     kernel32:KERNEL32.dll
 0004:00000150       __imp__FreeEnvironmentStringsW@4 10115150     kernel32:KERNEL32.dll
 0004:00000154       __imp__SetEnvironmentVariableA@8 10115154     kernel32:KERNEL32.dll
 0004:00000158       __imp__SetEnvironmentVariableW@8 10115158     kernel32:KERNEL32.dll
 0004:0000015c       __imp__GetProcessHeap@0    1011515c     kernel32:KERNEL32.dll
 0004:00000160       __imp__GetCommandLineA@0   10115160     kernel32:KERNEL32.dll
 0004:00000164       __imp__GetCommandLineW@0   10115164     kernel32:KERNEL32.dll
 0004:00000168       __imp__FlushFileBuffers@4  10115168     kernel32:KERNEL32.dll
 0004:0000016c       __imp__SetStdHandle@8      1011516c     kernel32:KERNEL32.dll
 0004:00000170       __imp__CreateFileW@28      10115170     kernel32:KERNEL32.dll
 0004:00000174       __imp__HeapSize@12         10115174     kernel32:KERNEL32.dll
 0004:00000178       __imp__SetEndOfFile@4      10115178     kernel32:KERNEL32.dll
 0004:0000017c       __imp__EncodePointer@4     1011517c     kernel32:KERNEL32.dll
 0004:00000180       __imp__DecodePointer@4     10115180     kernel32:KERNEL32.dll
 0004:00000184       __imp__WideCharToMultiByte@32 10115184     kernel32:KERNEL32.dll
 0004:00000188       __imp__GetModuleHandleA@4  10115188     kernel32:KERNEL32.dll
 0004:0000018c       \177KERNEL32_NULL_THUNK_DATA 1011518c     kernel32:KERNEL32.dll
 0004:000001fc       __IMPORT_DESCRIPTOR_KERNEL32 101151fc     kernel32:KERNEL32.dll
 0004:00000210       __IMPORT_DESCRIPTOR_ADVAPI32 10115210     advapi32:ADVAPI32.dll
 0004:00000224       __NULL_IMPORT_DESCRIPTOR   10115224     kernel32:KERNEL32.dll
 0005:00000000       ___guard_check_icall_fptr  10116000     LIBCMT:guard_support.obj
