 Control_software_v1_1_slrt

 Timestamp is 58d137d4 (Tue Mar 21 15:25:24 2017)

 Preferred load address is 10000000

 Start         Length     Name                   Class
 0001:00000000 00006128H .text                   CODE
 0001:00006130 000739deH .text$mn                CODE
 0002:00000000 00000104H .CRT$XCA                DATA
 0002:00000104 00000104H .CRT$XCZ                DATA
 0002:00000208 00000104H .CRT$XIA                DATA
 0002:0000030c 0000010eH .CRT$XIC                DATA
 0002:0000041c 00000104H .CRT$XIZ                DATA
 0002:00000520 00000104H .CRT$XPA                DATA
 0002:00000624 00000109H .CRT$XPX                DATA
 0002:00000730 00000104H .CRT$XPXA               DATA
 0002:00000834 00000104H .CRT$XPZ                DATA
 0002:00000938 00000104H .CRT$XTA                DATA
 0002:00000a3c 00000104H .CRT$XTZ                DATA
 0002:00000b40 000211c4H .rdata                  DATA
 0002:00021d04 0000038aH .rdata$r                DATA
 0002:00022090 0000010eH .rdata$sxdata           DATA
 0002:000221a0 00000113H .rdata$zETW0            DATA
 0002:000222b3 0000018eH .rdata$zETW1            DATA
 0002:00022441 00000134H .rdata$zETW2            DATA
 0002:00022575 00000101H .rdata$zETW9            DATA
 0002:00022678 000001c0H .rdata$zzzdbg           DATA
 0002:00022838 00000104H .rtc$IAA                DATA
 0002:0002293c 00000104H .rtc$IZZ                DATA
 0002:00022a40 00000104H .rtc$TAA                DATA
 0002:00022b44 00000104H .rtc$TZZ                DATA
 0002:00022c48 00000ac0H .xdata$x                DATA
 0002:00023710 000001f1H .edata                  DATA
 0003:00000000 00004c92H .data                   DATA
 0003:00004c94 000001d4H .data$r                 DATA
 0003:00004e80 00026388H .bss                    DATA
 0004:00000000 000001ecH .idata$5                DATA
 0004:000001ec 00000028H .idata$2                DATA
 0004:00000214 00000014H .idata$3                DATA
 0004:00000228 000001ecH .idata$4                DATA
 0004:00000414 0000080cH .idata$6                DATA
 0005:00000000 00000104H .00cfg                  DATA

  Address         Publics by Value              Rva+Base       Lib:Object

 0000:00000000       ___guard_fids_count        00000000     <absolute>
 0000:00000000       __except_list              00000000     <absolute>
 0000:00000000       ___guard_fids_table        00000000     <absolute>
 0000:00000003       ___safe_se_handler_count   00000003     <absolute>
 0000:00000100       ___guard_flags             00000100     <absolute>
 0000:00000000       ___ImageBase               10000000     <linker-defined>
 0001:00005e33       ?TraceLoggingRegister@__vcrt_trace_logging_provider@@YAJPBU_TlgProvider_t@1@PBU_GUID@@P6GX1KE_K2PAU_EVENT_FILTER_DESCRIPTOR@@PAX@Z4@Z 10006e33 f i libvcruntime:telemetry.obj
 0001:00005ea7       ?TraceLoggingSetInformation@__vcrt_trace_logging_provider@@YAJPBU_TlgProvider_t@1@W4_EVENT_INFO_CLASS@@PAXK@Z 10006ea7 f i libvcruntime:telemetry.obj
 0001:00005edc       ?TraceLoggingUnregister@__vcrt_trace_logging_provider@@YAXPBU_TlgProvider_t@1@@Z 10006edc f i libvcruntime:telemetry.obj
 0001:00005f02       ?_TlgCreateSz@__vcrt_trace_logging_provider@@YAXPAU_EVENT_DATA_DESCRIPTOR@@PBD@Z 10006f02 f i libvcruntime:telemetry.obj
 0001:00005f48       ?_TlgCreateWsz@__vcrt_trace_logging_provider@@YAXPAU_EVENT_DATA_DESCRIPTOR@@PB_W@Z 10006f48 f i libvcruntime:telemetry.obj
 0001:00005f9d       ?_TlgEnableCallback@__vcrt_trace_logging_provider@@YGXPBU_GUID@@KE_K1PAU_EVENT_FILTER_DESCRIPTOR@@PAX@Z 10006f9d f i libvcruntime:telemetry.obj
 0001:00006033       ?_TlgKeywordOn@__vcrt_trace_logging_provider@@YAEPBU_TlgProvider_t@1@_K@Z 10007033 f i libvcruntime:telemetry.obj
 0001:0000607e       ?_TlgWrite@__vcrt_trace_logging_provider@@YAJPBU_TlgProvider_t@1@PBXPBU_GUID@@2IPAU_EVENT_DATA_DESCRIPTOR@@@Z 1000707e f i libvcruntime:telemetry.obj
 0001:00006130       _C_EmbeddedMATLABFunction1_g 10007130 f   Control_software_v1_1.obj
 0001:000064c0       _Co_EmbeddedMATLABFunction_b 100074c0 f   Control_software_v1_1.obj
 0001:00006b30       _Co_EmbeddedMATLABFunction_k 10007b30 f   Control_software_v1_1.obj
 0001:000073c0       _Con_EmbeddedMATLABFunction1 100083c0 f   Control_software_v1_1.obj
 0001:00007500       _Cont_EmbeddedMATLABFunction 10008500 f   Control_software_v1_1.obj
 0001:00007880       _Control_soft_RS232ISR_Start 10008880 f   Control_software_v1_1.obj
 0001:00007d50       _Control_softw_RS232ISR_Term 10008d50 f   Control_software_v1_1.obj
 0001:000081f0       _Control_software_v1_1     100091f0 f   Control_software_v1_1.obj
 0001:00017ba0       _Control_software_v_RS232ISR 10018ba0 f   Control_software_v1_1.obj
 0001:00018060       _MdlInitialize             10019060 f   Control_software_v1_1.obj
 0001:00018070       _MdlInitializeSampleTimes  10019070 f   Control_software_v1_1.obj
 0001:00018080       _MdlInitializeSizes        10019080 f   Control_software_v1_1.obj
 0001:00018090       _MdlOutputs                10019090 f   Control_software_v1_1.obj
 0001:000180e0       _MdlStart                  100190e0 f   Control_software_v1_1.obj
 0001:000180f0       _MdlTerminate              100190f0 f   Control_software_v1_1.obj
 0001:00018100       _MdlUpdate                 10019100 f   Control_software_v1_1.obj
 0001:00018150       ___local_stdio_printf_options 10019150 f i Control_software_v1_1.obj
 0001:00018160       __vfprintf_l               10019160 f i Control_software_v1_1.obj
 0001:00018190       __vsnprintf_l              10019190 f i Control_software_v1_1.obj
 0001:000181d0       __vsprintf_l               100191d0 f i Control_software_v1_1.obj
 0001:00018210       _printf                    10019210 f i Control_software_v1_1.obj
 0001:00018330       _rt_SimUpdateDiscreteEvents 10019330 f   Control_software_v1_1.obj
 0001:00018380       _rt_powd_snf               10019380 f   Control_software_v1_1.obj
 0001:00018600       _sprintf                   10019600 f i Control_software_v1_1.obj
 0001:00018640       _xPCISR1                   10019640 f   Control_software_v1_1.obj
 0001:00018740       _rt_mxCreateCharMatrixFromStrings 10019740 f   rt_matrx.obj
 0001:000188a0       _rt_mxCreateDoubleMatrix   100198a0 f   rt_matrx.obj
 0001:00018900       _rt_mxCreateNumericArray   10019900 f   rt_matrx.obj
 0001:00018980       _rt_mxCreateString         10019980 f   rt_matrx.obj
 0001:00018a10       _rt_mxDuplicateArray       10019a10 f   rt_matrx.obj
 0001:00018a70       _rt_mxGetDimensions        10019a70 f   rt_matrx.obj
 0001:00018ab0       _rt_mxGetEps               10019ab0 f   rt_matrx.obj
 0001:00018ac0       _rt_mxGetString            10019ac0 f   rt_matrx.obj
 0001:00018b40       _rtPrintfNoOp              10019b40 f   rt_printf.obj
 0001:00018b50       _Control_software_v1_1_GetCAPIStaticMap 10019b50 f   Control_software_v1_1_capi.obj
 0001:00018b60       _Control_software_v1_1_InitializeDataMapInfo 10019b60 f   Control_software_v1_1_capi.obj
 0001:00018bf0       _rtGetInf                  10019bf0 f   rtGetInf.obj
 0001:00018c20       _rtGetInfF                 10019c20 f   rtGetInf.obj
 0001:00018c40       _rtGetMinusInf             10019c40 f   rtGetInf.obj
 0001:00018c70       _rtGetMinusInfF            10019c70 f   rtGetInf.obj
 0001:00018c90       _rtGetNaN                  10019c90 f   rtGetNaN.obj
 0001:00018cc0       _rtGetNaNF                 10019cc0 f   rtGetNaN.obj
 0001:00018ce0       _rtIsInf                   10019ce0 f   rt_nonfinite.obj
 0001:00018d20       _rtIsInfF                  10019d20 f   rt_nonfinite.obj
 0001:00018d60       _rtIsNaN                   10019d60 f   rt_nonfinite.obj
 0001:00018d80       _rtIsNaNF                  10019d80 f   rt_nonfinite.obj
 0001:00018da0       _rt_InitInfAndNaN          10019da0 f   rt_nonfinite.obj
 0001:00018e00       _rt_CleanUpForStateLogWithMMI 10019e00 f   rt_logging_mmi.obj
 0001:00018f10       _rt_FillStateSigInfoFromMMI 10019f10 f   rt_logging_mmi.obj
 0001:000192b0       _rtwCAPI_CountSysRan       1001a2b0 f   rtw_modelmap_utils.obj
 0001:00019350       _rtwCAPI_EncodePath        1001a350 f   rtw_modelmap_utils.obj
 0001:00019450       _rtwCAPI_FillSysRan        1001a450 f   rtw_modelmap_utils.obj
 0001:00019540       _rtwCAPI_FreeFullPaths     1001a540 f   rtw_modelmap_utils.obj
 0001:000195d0       _rtwCAPI_GetFullStateBlockPath 1001a5d0 f   rtw_modelmap_utils.obj
 0001:00019780       _rtwCAPI_GetNumContStateRecords 1001a780 f   rtw_modelmap_utils.obj
 0001:00019840       _rtwCAPI_GetNumSigLogRecords 1001a840 f   rtw_modelmap_utils.obj
 0001:00019890       _rtwCAPI_GetNumSigLogRecordsForRTWLogging 1001a890 f   rtw_modelmap_utils.obj
 0001:00019920       _rtwCAPI_GetNumStateRecords 1001a920 f   rtw_modelmap_utils.obj
 0001:00019970       _rtwCAPI_GetNumStateRecordsForRTWLogging 1001a970 f   rtw_modelmap_utils.obj
 0001:00019a00       _rtwCAPI_GetSigAddrFromMap 1001aa00 f   rtw_modelmap_utils.obj
 0001:00019ac0       _rtwCAPI_GetSigLogRecordInfo 1001aac0 f   rtw_modelmap_utils.obj
 0001:00019ef0       _rtwCAPI_GetStateRecordInfo 1001aef0 f   rtw_modelmap_utils.obj
 0001:0001a3a0       _rtwCAPI_GetStateWidth     1001b3a0 f   rtw_modelmap_utils.obj
 0001:0001a400       _rtwCAPI_HasStates         1001b400 f   rtw_modelmap_utils.obj
 0001:0001a470       _rtwCAPI_UpdateFullPaths   1001b470 f   rtw_modelmap_utils.obj
 0001:0001a650       _fprintf                   1001b650 f i rt_logging.obj
 0001:0001af50       _rt_CreateLogVar           1001bf50 f   rt_logging.obj
 0001:0001afe0       _rt_CreateLogVarWithConvert 1001bfe0 f   rt_logging.obj
 0001:0001b930       _rt_CreateStructLogVar     1001c930 f   rt_logging.obj
 0001:0001c690       _rt_GetMxIdFromDTypeId     1001d690 f   rt_logging.obj
 0001:0001c6c0       _rt_GetMxIdFromDTypeIdForRSim 1001d6c0 f   rt_logging.obj
 0001:0001ef90       _rt_StartDataLogging       1001ff90 f   rt_logging.obj
 0001:0001f450       _rt_StartDataLoggingWithStartTime 10020450 f   rt_logging.obj
 0001:0001fda0       _rt_StopDataLogging        10020da0 f   rt_logging.obj
 0001:0001fdc0       _rt_StopDataLoggingImpl    10020dc0 f   rt_logging.obj
 0001:000200f0       _rt_UpdateLogVar           100210f0 f   rt_logging.obj
 0001:00021210       _rt_UpdateStructLogVar     10022210 f   rt_logging.obj
 0001:000212a0       _rt_UpdateTXXFYLogVars     100222a0 f   rt_logging.obj
 0001:000215e0       _rt_UpdateTXYLogVars       100225e0 f   rt_logging.obj
 0001:00021830       _Control_software_v1_1_ChangeStepSize 10022830 f   xpctarget.obj
 0001:000218d0       _DllMain@12                100228d0 f   xpctarget.obj
 0001:000218e0       _SLRTSetErrorStatus        100228e0 f   xpctarget.obj
 0001:00021900       _changeStepSize            10022900 f   xpctarget.obj
 0001:00021990       _getDLMVersion             10022990 f   xpctarget.obj
 0001:000219a0       _getRefMdlPath             100229a0 f   xpctarget.obj
 0001:00021a20       _getRefMdlSignalNumber     10022a20 f   xpctarget.obj
 0001:00021ad0       _getrlmdlinfo              10022ad0 f   xpctarget.obj
 0001:00021cb0       _updateDiscreteEvents      10022cb0 f   xpctarget.obj
 0001:00021d10       _getNumRef                 10022d10 f   appmappingData.obj
 0001:00021d20       _vprintf                   10022d20 f i legacy_stdio.obj
 0001:00021d60       _adnipcim                  10022d60 f   adnipcim.obj
 0001:00022730       _danipcim                  10023730 f   danipcim.obj
 0001:00022ed0       _dinipcim                  10023ed0 f   dinipcim.obj
 0001:00023270       _donipcim                  10024270 f   donipcim.obj
 0001:00023760       _fiforead                  10024760 f   fiforead.obj
 0001:00023e80       _fiforeadhdr               10024e80 f   fiforeadhdr.obj
 0001:000249d0       _fifowrite                 100259d0 f   fifowrite.obj
 0001:000250f0       _filterqua                 100260f0 f   filterqua.obj
 0001:00025400       _iqueryqua                 10026400 f   iqueryqua.obj
 0001:00025b20       _pfidinipcim               10026b20 f   pfidinipcim.obj
 0001:00026120       _pfidonipcim               10027120 f   pfidonipcim.obj
 0001:00026480       _serreadqua                10027480 f   serreadqua.obj
 0001:00026730       _sertxenable               10027730 f   sertxenable.obj
 0001:00026b90       _serwritequa               10027b90 f   serwritequa.obj
 0001:000271d0       _setupqua                  100281d0 f   setupqua.obj
 0001:00027280       _niMIdentify               10028280 f   xpcionim.obj
 0001:00027400       _niM_AISetup               10028400 f   xpcionim.obj
 0001:00027810       _niM_AO_Setup              10028810 f   xpcionim.obj
 0001:000279a0       _niM_Cont_Pulse_Train_Generation 100289a0 f   xpcionim.obj
 0001:00027ae0       _niM_Counter_Reset_All     10028ae0 f   xpcionim.obj
 0001:00027b90       _niM_CtrArm                10028b90 f   xpcionim.obj
 0001:00027bb0       _niM_CtrDisarm             10028bb0 f   xpcionim.obj
 0001:00027bd0       _niM_CtrReadArm            10028bd0 f   xpcionim.obj
 0001:00027bf0       _niM_CtrReadDisarm         10028bf0 f   xpcionim.obj
 0001:00027c10       _niM_PeriodConfigure       10028c10 f   xpcionim.obj
 0001:00027d80       _niM_Private_Data          10028d80 f   xpcionim.obj
 0001:00028360       _niM_SetPFIFilter          10029360 f   xpcionim.obj
 0001:000283e0       _niM_SetPFI_DO             100293e0 f   xpcionim.obj
 0001:00028420       _niM_SetPFI_Select         10029420 f   xpcionim.obj
 0001:000284a0       _niM_aiConfigureChannel    100294a0 f   xpcionim.obj
 0001:00028510       _niM_aiGetScalingCoefficients 10029510 f   xpcionim.obj
 0001:000286f0       _niM_aiPolynomialScaler    100296f0 f   xpcionim.obj
 0001:00028820       _niM_analogTriggerReset    10029820 f   xpcionim.obj
 0001:00028870       _niM_aoConfigureDAC        10029870 f   xpcionim.obj
 0001:000288c0       _niM_aoGetScalingCoefficients 100298c0 f   xpcionim.obj
 0001:00028970       _niM_aoLinearScaler        10029970 f   xpcionim.obj
 0001:000289a0       _niM_configureTimebase     100299a0 f   xpcionim.obj
 0001:000289c0       _niM_eepromReadMSeries     100299c0 f   xpcionim.obj
 0001:00028a90       _niM_pllReset              10029a90 f   xpcionim.obj
 0001:00028ac0       _niM_resetCtr              10029ac0 f   xpcionim.obj
 0001:00028ae0       _niM_whichBank             10029ae0 f   xpcionim.obj
 0001:00028b20       _niMconfig                 10029b20 f   xpcionim.obj
 0001:00028bc0       _quatechinit               10029bc0 f   quatechinit.obj
 0001:00028e20       _GetPCIDeviceFull          10029e20 f   xpcruntime:xpcimports.obj
 0001:00028e60       _ShowPCIDevice             10029e60 f   xpcruntime:xpcimports.obj
 0001:00029660       _xpcGetPciConfigAtSlot     1002a660 f   xpcruntime:xpcimports.obj
 0001:00029980       _xpcInitProcs              1002a980 f   xpcruntime:xpcimports.obj
 0001:0002ace0       _xpceuploadevent           1002bce0 f   xpcruntime:xpcimports.obj
 0001:0002ace1       ___raise_securityfailure   1002bce1 f   LIBCMT:gs_report.obj
 0001:0002ad13       ___report_gsfailure        1002bd13 f   LIBCMT:gs_report.obj
 0001:0002ae4c       ___report_rangecheckfailure 1002be4c f   LIBCMT:gs_report.obj
 0001:0002ae5b       ___report_securityfailure  1002be5b f   LIBCMT:gs_report.obj
 0001:0002af5f       ___report_securityfailureEx 1002bf5f f   LIBCMT:gs_report.obj
 0001:0002b0ba       @__security_check_cookie@4 1002c0ba f   LIBCMT:_secchk_.obj
 0001:0002b0d0       __ftoui3                   1002c0d0 f   LIBCMT:_ftol3_.obj
 0001:0002b0df       __ftoul3                   1002c0df f   LIBCMT:_ftol3_.obj
 0001:0002b0ee       __ftol3                    1002c0ee f   LIBCMT:_ftol3_.obj
 0001:0002b0fb       __ftol3_NaN                1002c0fb f   LIBCMT:_ftol3_.obj
 0001:0002b113       __ftol3_work               1002c113 f   LIBCMT:_ftol3_.obj
 0001:0002b199       __ftol3_common             1002c199 f   LIBCMT:_ftol3_.obj
 0001:0002b25b       __ftol3_arg_error          1002c25b f   LIBCMT:_ftol3_.obj
 0001:0002b26d       __ftol3_except             1002c26d f   LIBCMT:_ftol3_.obj
 0001:0002b2b1       __dtoui3                   1002c2b1 f   LIBCMT:_ftol3_.obj
 0001:0002b2c0       __dtoul3                   1002c2c0 f   LIBCMT:_ftol3_.obj
 0001:0002b2cf       __dtol3                    1002c2cf f   LIBCMT:_ftol3_.obj
 0001:0002b2dc       __dtol3_NaN                1002c2dc f   LIBCMT:_ftol3_.obj
 0001:0002b2f9       __dtol3_work               1002c2f9 f   LIBCMT:_ftol3_.obj
 0001:0002b3e0       __ultod3                   1002c3e0 f   LIBCMT:_ftol3_.obj
 0001:0002b420       __ltod3                    1002c420 f   LIBCMT:_ftol3_.obj
 0001:0002b524       ___isa_available_init      1002c524 f   LIBCMT:_cpu_disp_.obj
 0001:0002bb05       __CRT_INIT@12              1002cb05 f   LIBCMT:dll_dllmain.obj
 0001:0002bb10       __DllMainCRTStartup@12     1002cb10 f   LIBCMT:dll_dllmain.obj
 0001:0002bb3b       ??$__crt_fast_decode_pointer@PAP6AXXZ@@YAPAP6AXXZQAP6AXXZ@Z 1002cb3b f i LIBCMT:utility.obj
 0001:0002bb54       ??$__crt_fast_encode_pointer@PAP6AXXZ@@YAPAP6AXXZQAP6AXXZ@Z 1002cb54 f i LIBCMT:utility.obj
 0001:0002bb78       ?__crt_rotate_pointer_value@@YAIIH@Z 1002cb78 f i LIBCMT:utility.obj
 0001:0002bc1c       _NtCurrentTeb              1002cc1c f i LIBCMT:utility.obj
 0001:0002bc23       ___scrt_acquire_startup_lock 1002cc23 f   LIBCMT:utility.obj
 0001:0002bc65       ___scrt_dllmain_after_initialize_c 1002cc65 f   LIBCMT:utility.obj
 0001:0002bc83       ___scrt_dllmain_before_initialize_c 1002cc83 f   LIBCMT:utility.obj
 0001:0002bc94       ___scrt_dllmain_crt_thread_attach 1002cc94 f   LIBCMT:utility.obj
 0001:0002bcba       ___scrt_dllmain_crt_thread_detach 1002ccba f   LIBCMT:utility.obj
 0001:0002bcca       ___scrt_dllmain_exception_filter 1002ccca f   LIBCMT:utility.obj
 0001:0002bd09       ___scrt_dllmain_uninitialize_c 1002cd09 f   LIBCMT:utility.obj
 0001:0002bd34       ___scrt_dllmain_uninitialize_critical 1002cd34 f   LIBCMT:utility.obj
 0001:0002bd44       ___scrt_initialize_crt     1002cd44 f   LIBCMT:utility.obj
 0001:0002bd8b       ___scrt_initialize_onexit_tables 1002cd8b f   LIBCMT:utility.obj
 0001:0002be47       ___scrt_is_nonwritable_in_current_image 1002ce47 f   LIBCMT:utility.obj
 0001:0002bef7       ___scrt_release_startup_lock 1002cef7 f   LIBCMT:utility.obj
 0001:0002bf1b       ___scrt_uninitialize_crt   1002cf1b f   LIBCMT:utility.obj
 0001:0002bf4d       __onexit                   1002cf4d f   LIBCMT:utility.obj
 0001:0002bf96       _at_quick_exit             1002cf96 f   LIBCMT:utility.obj
 0001:0002bfd3       _atexit                    1002cfd3 f   LIBCMT:utility.obj
 0001:0002bfed       ___security_init_cookie    1002cfed f   LIBCMT:gs_support.obj
 0001:0002c0b0       ?__scrt_initialize_type_info@@YAXXZ 1002d0b0 f   LIBCMT:tncleanup.obj
 0001:0002c0bf       ?__scrt_uninitialize_type_info@@YAXXZ 1002d0bf f   LIBCMT:tncleanup.obj
 0001:0002c0ce       ___local_stdio_scanf_options 1002d0ce f i LIBCMT:default_local_stdio_options.obj
 0001:0002c0d4       ___scrt_initialize_default_local_stdio_options 1002d0d4 f   LIBCMT:default_local_stdio_options.obj
 0001:0002c0f8       ___scrt_get_dyn_tls_init_callback 1002d0f8 f   LIBCMT:dyn_tls_init.obj
 0001:0002c0fe       ___scrt_fastfail           1002d0fe f   LIBCMT:utility_desktop.obj
 0001:0002c25f       ___scrt_get_show_window_mode 1002d25f f   LIBCMT:utility_desktop.obj
 0001:0002c29e       ___scrt_initialize_winrt   1002d29e f   LIBCMT:utility_desktop.obj
 0001:0002c2a1       ___scrt_is_managed_app     1002d2a1 f   LIBCMT:utility_desktop.obj
 0001:0002c2f6       ___scrt_set_unhandled_exception_filter 1002d2f6 f   LIBCMT:utility_desktop.obj
 0001:0002c305       ___scrt_unhandled_exception_filter@4 1002d305 f   LIBCMT:utility_desktop.obj
 0001:0002c356       __crt_debugger_hook        1002d356 f   LIBCMT:utility_desktop.obj
 0001:0002c360       __RTC_Initialize           1002d360 f   LIBCMT:_initsect_.obj
 0001:0002c395       __RTC_Terminate            1002d395 f   LIBCMT:_initsect_.obj
 0001:0002c3ca       @_guard_check_icall@4      1002d3ca f i LIBCMT:checkcfg.obj
 0001:0002c3d0       __SEH_prolog4              1002d3d0 f   LIBCMT:_sehprolg4_.obj
 0001:0002c416       __SEH_epilog4              1002d416 f   LIBCMT:_sehprolg4_.obj
 0001:0002c441       ___scrt_is_ucrt_dll_in_use 1002d441 f   LIBCMT:ucrt_detection.obj
 0001:0002c450       @_guard_check_icall_nop@4  1002d450 f i LIBCMT:guard_support.obj
 0001:0002c451       __guard_icall_checks_enforced 1002d451 f i LIBCMT:guard_support.obj
 0001:0002c468       _GetModuleHandleA@4        1002d468 f   kernel32:KERNEL32.dll
 0001:0002c46e       _GetProcAddress@8          1002d46e f   kernel32:KERNEL32.dll
 0001:0002c474       _UnhandledExceptionFilter@4 1002d474 f   kernel32:KERNEL32.dll
 0001:0002c47a       _SetUnhandledExceptionFilter@4 1002d47a f   kernel32:KERNEL32.dll
 0001:0002c480       _GetCurrentProcess@0       1002d480 f   kernel32:KERNEL32.dll
 0001:0002c486       _TerminateProcess@8        1002d486 f   kernel32:KERNEL32.dll
 0001:0002c48c       _IsProcessorFeaturePresent@4 1002d48c f   kernel32:KERNEL32.dll
 0001:0002c492       _QueryPerformanceCounter@4 1002d492 f   kernel32:KERNEL32.dll
 0001:0002c498       _GetCurrentProcessId@0     1002d498 f   kernel32:KERNEL32.dll
 0001:0002c49e       _GetCurrentThreadId@0      1002d49e f   kernel32:KERNEL32.dll
 0001:0002c4a4       _GetSystemTimeAsFileTime@4 1002d4a4 f   kernel32:KERNEL32.dll
 0001:0002c4aa       _InitializeSListHead@4     1002d4aa f   kernel32:KERNEL32.dll
 0001:0002c4b0       _IsDebuggerPresent@0       1002d4b0 f   kernel32:KERNEL32.dll
 0001:0002c4b6       _GetStartupInfoW@4         1002d4b6 f   kernel32:KERNEL32.dll
 0001:0002c4bc       _GetModuleHandleW@4        1002d4bc f   kernel32:KERNEL32.dll
 0001:0002c4d0       _memset                    1002d4d0 f   libvcruntime:memset.obj
 0001:0002c680       _memcpy                    1002d680 f   libvcruntime:memcpy.obj
 0001:0002cd60       _memmove                   1002dd60 f   libvcruntime:memmove.obj
 0001:0002d440       _strchr                    1002e440 f   libvcruntime:strchr.obj
 0001:0002d4ae       ___from_strstr_to_strchr   1002e4ae     libvcruntime:strchr.obj
 0001:0002d5fe       _EventDataDescCreate       1002e5fe f i libvcruntime:telemetry.obj
 0001:0002d61f       _HRESULT_FROM_WIN32        1002e61f f i libvcruntime:telemetry.obj
 0001:0002d638       ___telemetry_main_invoke_trigger 1002e638 f   libvcruntime:telemetry.obj
 0001:0002d6fb       ___telemetry_main_return_trigger 1002e6fb f   libvcruntime:telemetry.obj
 0001:0002d7be       ___vcrt_initialize_telemetry_provider 1002e7be f   libvcruntime:telemetry.obj
 0001:0002d7d5       ___vcrt_uninitialize_telemetry_provider 1002e7d5 f   libvcruntime:telemetry.obj
 0001:0002d830       __except_handler4          1002e830 f   libvcruntime:_chandler4_.obj
 0001:0002d9e0       ___vcrt_initialize         1002e9e0 f   libvcruntime:initialization.obj
 0001:0002da19       ___vcrt_thread_attach      1002ea19 f   libvcruntime:initialization.obj
 0001:0002da26       ___vcrt_thread_detach      1002ea26 f   libvcruntime:initialization.obj
 0001:0002da33       ___vcrt_uninitialize       1002ea33 f   libvcruntime:initialization.obj
 0001:0002da60       ___vcrt_uninitialize_critical 1002ea60 f   libvcruntime:initialization.obj
 0001:0002da7b       ??$?RD@__crt_internal_free_policy@@QBEXQBD@Z 1002ea7b f i libvcruntime:std_type_info.obj
 0001:0002da8f       ??$?RX@__crt_internal_free_policy@@QBEXQBX@Z 1002ea8f f i libvcruntime:std_type_info.obj
 0001:0002daa3       ??$__crt_interlocked_compare_exchange_pointer@$$CBD$$T$$T@@YAPBDPDSBD$$T1@Z 1002eaa3 f i libvcruntime:std_type_info.obj
 0001:0002dab9       ??$__crt_interlocked_compare_exchange_pointer@$$CBDPAD$$T@@YAPBDPDSBDQAD$$T@Z 1002eab9 f i libvcruntime:std_type_info.obj
 0001:0002dacf       ??$__crt_interlocked_read_pointer@$$CBD@@YAPBDPDSBD@Z 1002eacf f i libvcruntime:std_type_info.obj
 0001:0002dae3       ??0?$__crt_unique_heap_ptr@DU__crt_internal_free_policy@@@@QAE@QAD@Z 1002eae3 f i libvcruntime:std_type_info.obj
 0001:0002daf4       ??0?$__crt_unique_heap_ptr@XU__crt_internal_free_policy@@@@QAE@QAX@Z 1002eaf4 f i libvcruntime:std_type_info.obj
 0001:0002db05       ??1?$__crt_unique_heap_ptr@DU__crt_internal_free_policy@@@@QAE@XZ 1002eb05 f i libvcruntime:std_type_info.obj
 0001:0002db19       ??1?$__crt_unique_heap_ptr@XU__crt_internal_free_policy@@@@QAE@XZ 1002eb19 f i libvcruntime:std_type_info.obj
 0001:0002db39       ??B?$__crt_unique_heap_ptr@DU__crt_internal_free_policy@@@@QBE_NXZ 1002eb39 f i libvcruntime:std_type_info.obj
 0001:0002db43       ??B?$__crt_unique_heap_ptr@XU__crt_internal_free_policy@@@@QBE_NXZ 1002eb43 f i libvcruntime:std_type_info.obj
 0001:0002db75       ?detach@?$__crt_unique_heap_ptr@XU__crt_internal_free_policy@@@@QAEPAXXZ 1002eb75 f i libvcruntime:std_type_info.obj
 0001:0002db7b       ?get@?$__crt_unique_heap_ptr@DU__crt_internal_free_policy@@@@QBEPADXZ 1002eb7b f i libvcruntime:std_type_info.obj
 0001:0002db7e       ?get@?$__crt_unique_heap_ptr@XU__crt_internal_free_policy@@@@QBEPAXXZ 1002eb7e f i libvcruntime:std_type_info.obj
 0001:0002db81       ?is_valid@?$__crt_unique_heap_ptr@DU__crt_internal_free_policy@@@@QBE_NXZ 1002eb81 f i libvcruntime:std_type_info.obj
 0001:0002db8b       ?is_valid@?$__crt_unique_heap_ptr@XU__crt_internal_free_policy@@@@QBE_NXZ 1002eb8b f i libvcruntime:std_type_info.obj
 0001:0002db95       ?release@?$__crt_unique_heap_ptr@DU__crt_internal_free_policy@@@@QAEXXZ 1002eb95 f i libvcruntime:std_type_info.obj
 0001:0002dba9       ?release@?$__crt_unique_heap_ptr@XU__crt_internal_free_policy@@@@QAEXXZ 1002eba9 f i libvcruntime:std_type_info.obj
 0001:0002dbbd       ___std_type_info_compare   1002ebbd f   libvcruntime:std_type_info.obj
 0001:0002dc08       ___std_type_info_destroy_list 1002ec08 f   libvcruntime:std_type_info.obj
 0001:0002dc33       ___std_type_info_hash      1002ec33 f   libvcruntime:std_type_info.obj
 0001:0002dc62       ___std_type_info_name      1002ec62 f   libvcruntime:std_type_info.obj
 0001:0002dd5f       ??$?BX@__crt_fast_encoded_nullptr_t@@QBEPAXXZ 1002ed5f f i libvcruntime:winapi_downlevel.obj
 0001:0002dd7d       ??$__crt_fast_decode_pointer@PAX@@YAPAXQAX@Z 1002ed7d f i libvcruntime:winapi_downlevel.obj
 0001:0002dd96       ??$__crt_fast_encode_pointer@PAX@@YAPAXQAX@Z 1002ed96 f i libvcruntime:winapi_downlevel.obj
 0001:0002ddba       ??$__crt_interlocked_compare_exchange_pointer@UHINSTANCE__@@$$T$$T@@YAPAUHINSTANCE__@@PDSAU0@$$T1@Z 1002edba f i libvcruntime:winapi_downlevel.obj
 0001:0002ddd0       ??$__crt_interlocked_compare_exchange_pointer@X$$T$$T@@YAPAXPDSAX$$T1@Z 1002edd0 f i libvcruntime:winapi_downlevel.obj
 0001:0002dde6       ??$__crt_interlocked_exchange_pointer@UHINSTANCE__@@PAU1@@@YAPAUHINSTANCE__@@PDSAU0@QAU0@@Z 1002ede6 f i libvcruntime:winapi_downlevel.obj
 0001:0002ddf6       ??$__crt_interlocked_exchange_pointer@UHINSTANCE__@@PAX@@YAPAUHINSTANCE__@@PDSAU0@QAX@Z 1002edf6 f i libvcruntime:winapi_downlevel.obj
 0001:0002de06       ??$__crt_interlocked_exchange_pointer@XPAX@@YAPAXPDSAXQAX@Z 1002ee06 f i libvcruntime:winapi_downlevel.obj
 0001:0002de16       ??$__crt_interlocked_read_pointer@UHINSTANCE__@@@@YAPAUHINSTANCE__@@PDSAU0@@Z 1002ee16 f i libvcruntime:winapi_downlevel.obj
 0001:0002de2a       ??$__crt_interlocked_read_pointer@X@@YAPAXPDSAX@Z 1002ee2a f i libvcruntime:winapi_downlevel.obj
 0001:0002de3e       ?__crt_fast_encode_pointer@@YA?AU__crt_fast_encoded_nullptr_t@@$$T@Z 1002ee3e f i libvcruntime:winapi_downlevel.obj
 0001:0002e182       ___vcrt_EventRegister      1002f182 f   libvcruntime:winapi_downlevel.obj
 0001:0002e1d2       ___vcrt_EventSetInformation 1002f1d2 f   libvcruntime:winapi_downlevel.obj
 0001:0002e225       ___vcrt_EventUnregister    1002f225 f   libvcruntime:winapi_downlevel.obj
 0001:0002e26d       ___vcrt_EventWriteTransfer 1002f26d f   libvcruntime:winapi_downlevel.obj
 0001:0002e2c8       ___vcrt_FlsAlloc           1002f2c8 f   libvcruntime:winapi_downlevel.obj
 0001:0002e310       ___vcrt_FlsFree            1002f310 f   libvcruntime:winapi_downlevel.obj
 0001:0002e358       ___vcrt_FlsGetValue        1002f358 f   libvcruntime:winapi_downlevel.obj
 0001:0002e3a0       ___vcrt_FlsSetValue        1002f3a0 f   libvcruntime:winapi_downlevel.obj
 0001:0002e3ec       ___vcrt_InitializeCriticalSectionEx 1002f3ec f   libvcruntime:winapi_downlevel.obj
 0001:0002e443       ___vcrt_initialize_winapi_thunks 1002f443 f   libvcruntime:winapi_downlevel.obj
 0001:0002e470       ___vcrt_uninitialize_winapi_thunks 1002f470 f   libvcruntime:winapi_downlevel.obj
 0001:0002e4b0       __local_unwind4            1002f4b0 f   libvcruntime:_exsup4_.obj
 0001:0002e586       __seh_longjmp_unwind4@4    1002f586 f   libvcruntime:_exsup4_.obj
 0001:0002e5ae       @_EH4_CallFilterFunc@8     1002f5ae f   libvcruntime:_exsup4_.obj
 0001:0002e5c5       @_EH4_TransferToHandler@8  1002f5c5 f   libvcruntime:_exsup4_.obj
 0001:0002e5de       @_EH4_GlobalUnwind2@8      1002f5de f   libvcruntime:_exsup4_.obj
 0001:0002e5f7       @_EH4_LocalUnwind@16       1002f5f7 f   libvcruntime:_exsup4_.obj
 0001:0002e665       ___except_validate_context_record 1002f665 f   libvcruntime:jbcxrval.obj
 0001:0002e666       ___except_validate_jump_buffer 1002f666 f   libvcruntime:jbcxrval.obj
 0001:0002e667       ??$?RU__vcrt_ptd@@@__crt_internal_free_policy@@QBEXQBU__vcrt_ptd@@@Z 1002f667 f i libvcruntime:per_thread_data.obj
 0001:0002e67b       ??0?$__crt_unique_heap_ptr@U__vcrt_ptd@@U__crt_internal_free_policy@@@@QAE@QAU__vcrt_ptd@@@Z 1002f67b f i libvcruntime:per_thread_data.obj
 0001:0002e68c       ??1?$__crt_unique_heap_ptr@U__vcrt_ptd@@U__crt_internal_free_policy@@@@QAE@XZ 1002f68c f i libvcruntime:per_thread_data.obj
 0001:0002e6a0       ??B?$__crt_unique_heap_ptr@U__vcrt_ptd@@U__crt_internal_free_policy@@@@QBE_NXZ 1002f6a0 f i libvcruntime:per_thread_data.obj
 0001:0002e6aa       ?detach@?$__crt_unique_heap_ptr@U__vcrt_ptd@@U__crt_internal_free_policy@@@@QAEPAU__vcrt_ptd@@XZ 1002f6aa f i libvcruntime:per_thread_data.obj
 0001:0002e6b0       ?get@?$__crt_unique_heap_ptr@U__vcrt_ptd@@U__crt_internal_free_policy@@@@QBEPAU__vcrt_ptd@@XZ 1002f6b0 f i libvcruntime:per_thread_data.obj
 0001:0002e6b3       ?is_valid@?$__crt_unique_heap_ptr@U__vcrt_ptd@@U__crt_internal_free_policy@@@@QBE_NXZ 1002f6b3 f i libvcruntime:per_thread_data.obj
 0001:0002e6bd       ?release@?$__crt_unique_heap_ptr@U__vcrt_ptd@@U__crt_internal_free_policy@@@@QAEXXZ 1002f6bd f i libvcruntime:per_thread_data.obj
 0001:0002e6f1       ___vcrt_freefls@4          1002f6f1 f   libvcruntime:per_thread_data.obj
 0001:0002e714       ___vcrt_freeptd            1002f714 f   libvcruntime:per_thread_data.obj
 0001:0002e757       ___vcrt_getptd             1002f757 f   libvcruntime:per_thread_data.obj
 0001:0002e768       ___vcrt_getptd_noexit      1002f768 f   libvcruntime:per_thread_data.obj
 0001:0002e7fe       ___vcrt_initialize_ptd     1002f7fe f   libvcruntime:per_thread_data.obj
 0001:0002e83d       ___vcrt_uninitialize_ptd   1002f83d f   libvcruntime:per_thread_data.obj
 0001:0002e85e       ___vcrt_initialize_locks   1002f85e f   libvcruntime:locks.obj
 0001:0002e8a9       ___vcrt_lock               1002f8a9 f   libvcruntime:locks.obj
 0001:0002e8c3       ___vcrt_uninitialize_locks 1002f8c3 f   libvcruntime:locks.obj
 0001:0002e8fd       ___vcrt_unlock             1002f8fd f   libvcruntime:locks.obj
 0001:0002e917       ??$?B$$A6AXXZ@__crt_fast_encoded_nullptr_t@@QBEP6AXXZXZ 1002f917 f i libvcruntime:purevirt_data.obj
 0001:0002e935       ??$__crt_fast_encode_pointer@P6AXXZ@@YAP6AXXZQ6AXXZ@Z 1002f935 f i libvcruntime:purevirt_data.obj
 0001:0002e959       ___vcrt_initialize_pure_virtual_call_handler 1002f959 f   libvcruntime:purevirt_data.obj
 0001:0002e97d       ??$__vcrt_va_start_verify_argument_type@QBD@@YAXXZ 1002f97d f i libvcruntime:undname.obj
 0001:0002e97e       ??0Block@_HeapManager@@QAE@XZ 1002f97e f i libvcruntime:undname.obj
 0001:0002e984       ??0DName@@QAE@AAPBDD@Z     1002f984 f   libvcruntime:undname.obj
 0001:0002ea6b       ??0DName@@QAE@ABV0@@Z      1002fa6b f i libvcruntime:undname.obj
 0001:0002ea86       ??0DName@@QAE@D@Z          1002fa86 f   libvcruntime:undname.obj
 0001:0002eabd       ??0DName@@QAE@PAV0@@Z      1002fabd f   libvcruntime:undname.obj
 0001:0002eb1d       ??0DName@@QAE@PBD@Z        1002fb1d f   libvcruntime:undname.obj
 0001:0002eb65       ??0DName@@QAE@W4DNameStatus@@@Z 1002fb65 f   libvcruntime:undname.obj
 0001:0002ebb8       ??0DName@@QAE@XZ           1002fbb8 f i libvcruntime:undname.obj
 0001:0002ebcd       ??0DName@@QAE@_J@Z         1002fbcd f   libvcruntime:undname.obj
 0001:0002ec87       ??0DName@@QAE@_K@Z         1002fc87 f   libvcruntime:undname.obj
 0001:0002ed11       ??0DNameNode@@IAE@XZ       1002fd11 f   libvcruntime:undname.obj
 0001:0002ed1c       ??0DNameStatusNode@@AAE@W4DNameStatus@@@Z 1002fd1c f   libvcruntime:undname.obj
 0001:0002ed47       ??0Replicator@@QAE@XZ      1002fd47 f i libvcruntime:undname.obj
 0001:0002ed4d       ??0UnDecorator@@QAE@PADPBDHP6APADJ@ZK@Z 1002fd4d f i libvcruntime:undname.obj
 0001:0002edd0       ??0charNode@@QAE@D@Z       1002fdd0 f   libvcruntime:undname.obj
 0001:0002edea       ??0pDNameNode@@QAE@PAVDName@@@Z 1002fdea f   libvcruntime:undname.obj
 0001:0002ee1c       ??0pairNode@@QAE@PAVDNameNode@@0@Z 1002fe1c f   libvcruntime:undname.obj
 0001:0002ee42       ??0pcharNode@@QAE@PBDH@Z   1002fe42 f   libvcruntime:undname.obj
 0001:0002eeb1       ??2@YAPAXIAAV_HeapManager@@H@Z 1002feb1 f i libvcruntime:undname.obj
 0001:0002eecb       ??4DName@@QAEAAV0@ABV0@@Z  1002fecb f   libvcruntime:undname.obj
 0001:0002eee6       ??4DName@@QAEAAV0@D@Z      1002fee6 f i libvcruntime:undname.obj
 0001:0002ef1d       ??4DName@@QAEAAV0@PAV0@@Z  1002ff1d f   libvcruntime:undname.obj
 0001:0002ef78       ??4DName@@QAEAAV0@PBD@Z    1002ff78 f   libvcruntime:undname.obj
 0001:0002efb6       ??4DName@@QAEAAV0@W4DNameStatus@@@Z 1002ffb6 f   libvcruntime:undname.obj
 0001:0002eff8       ??AReplicator@@QBE?AVDName@@H@Z 1002fff8 f   libvcruntime:undname.obj
 0001:0002f043       ??BUnDecorator@@QAEPADXZ   10030043 f i libvcruntime:undname.obj
 0001:0002f21c       ??H@YA?AVDName@@DABV0@@Z   1003021c f i libvcruntime:undname.obj
 0001:0002f249       ??H@YA?AVDName@@PBDABV0@@Z 10030249 f i libvcruntime:undname.obj
 0001:0002f276       ??H@YA?AVDName@@W4DNameStatus@@ABV0@@Z 10030276 f i libvcruntime:undname.obj
 0001:0002f2a3       ??HDName@@QBE?AV0@ABV0@@Z  100302a3 f   libvcruntime:undname.obj
 0001:0002f2cd       ??HDName@@QBE?AV0@D@Z      100302cd f   libvcruntime:undname.obj
 0001:0002f2f7       ??HDName@@QBE?AV0@PAV0@@Z  100302f7 f   libvcruntime:undname.obj
 0001:0002f321       ??HDName@@QBE?AV0@PBD@Z    10030321 f   libvcruntime:undname.obj
 0001:0002f34b       ??HDName@@QBE?AV0@W4DNameStatus@@@Z 1003034b f   libvcruntime:undname.obj
 0001:0002f375       ??YDName@@QAEAAV0@ABV0@@Z  10030375 f   libvcruntime:undname.obj
 0001:0002f3c8       ??YDName@@QAEAAV0@D@Z      100303c8 f   libvcruntime:undname.obj
 0001:0002f42c       ??YDName@@QAEAAV0@PAV0@@Z  1003042c f   libvcruntime:undname.obj
 0001:0002f4aa       ??YDName@@QAEAAV0@PBD@Z    100304aa f   libvcruntime:undname.obj
 0001:0002f523       ??YDName@@QAEAAV0@W4DNameStatus@@@Z 10030523 f   libvcruntime:undname.obj
 0001:0002f573       ??YReplicator@@QAEAAV0@ABVDName@@@Z 10030573 f   libvcruntime:undname.obj
 0001:0002f5cf       ??_5DName@@QAEAAV0@ABV0@@Z 100305cf f   libvcruntime:undname.obj
 0001:0002f5f2       ?Constructor@_HeapManager@@QAEXP6APAXI@ZP6AXPAX@Z@Z 100305f2 f i libvcruntime:undname.obj
 0001:0002f616       ?Destructor@_HeapManager@@QAEXXZ 10030616 f i libvcruntime:undname.obj
 0001:0002f65d       ?UScore@UnDecorator@@SAPBDW4Tokens@@@Z 1003065d f   libvcruntime:undname.obj
 0001:0002f681       ?append@DName@@AAEXPAVDNameNode@@@Z 10030681 f   libvcruntime:undname.obj
 0001:0002f6d8       ?composeDeclaration@UnDecorator@@CA?AVDName@@ABV2@@Z 100306d8 f i libvcruntime:undname.obj
 0001:00030742       ?doAccessSpecifiers@UnDecorator@@SAHXZ 10031742 f i libvcruntime:undname.obj
 0001:00030753       ?doAllocationLanguage@UnDecorator@@SAHXZ 10031753 f i libvcruntime:undname.obj
 0001:00030764       ?doAllocationModel@UnDecorator@@SAHXZ 10031764 f i libvcruntime:undname.obj
 0001:00030775       ?doEcsu@UnDecorator@@SAHXZ 10031775 f i libvcruntime:undname.obj
 0001:00030786       ?doEllipsis@UnDecorator@@SAHXZ 10031786 f i libvcruntime:undname.obj
 0001:00030797       ?doFunctionReturns@UnDecorator@@SAHXZ 10031797 f i libvcruntime:undname.obj
 0001:000307a8       ?doMSKeywords@UnDecorator@@SAHXZ 100317a8 f i libvcruntime:undname.obj
 0001:000307b8       ?doMemberTypes@UnDecorator@@SAHXZ 100317b8 f i libvcruntime:undname.obj
 0001:000307c9       ?doNameOnly@UnDecorator@@SAHXZ 100317c9 f i libvcruntime:undname.obj
 0001:000307d6       ?doNoIdentCharCheck@UnDecorator@@SAHXZ 100317d6 f i libvcruntime:undname.obj
 0001:000307e3       ?doPchar@DName@@AAEXPBDH@Z 100317e3 f   libvcruntime:undname.obj
 0001:0003088f       ?doPtr64@UnDecorator@@SAHXZ 1003188f f i libvcruntime:undname.obj
 0001:000308a0       ?doRestrictionSpec@UnDecorator@@SAHXZ 100318a0 f i libvcruntime:undname.obj
 0001:000308b1       ?doThisTypes@UnDecorator@@SAHXZ 100318b1 f i libvcruntime:undname.obj
 0001:000308c7       ?doThrowTypes@UnDecorator@@SAHXZ 100318c7 f i libvcruntime:undname.obj
 0001:000308d8       ?doTypeOnly@UnDecorator@@SAHXZ 100318d8 f i libvcruntime:undname.obj
 0001:000308e5       ?doUnderScore@UnDecorator@@SAHXZ 100318e5 f i libvcruntime:undname.obj
 0001:000308f2       ?getArgumentList@UnDecorator@@CA?AVDName@@XZ 100318f2 f   libvcruntime:undname.obj
 0001:00030a41       ?getArgumentTypes@UnDecorator@@CA?AVDName@@XZ 10031a41 f   libvcruntime:undname.obj
 0001:00030b59       ?getArrayType@UnDecorator@@CA?AVDName@@ABV2@@Z 10031b59 f i libvcruntime:undname.obj
 0001:00030ddb       ?getBasedType@UnDecorator@@CA?AVDName@@XZ 10031ddb f   libvcruntime:undname.obj
 0001:00030e9a       ?getBasicDataType@UnDecorator@@CA?AVDName@@ABV2@@Z 10031e9a f   libvcruntime:undname.obj
 0001:0003137f       ?getCallIndex@UnDecorator@@CA?AVDName@@XZ 1003237f f i libvcruntime:undname.obj
 0001:00031398       ?getCallingConvention@UnDecorator@@CA?AVDName@@XZ 10032398 f   libvcruntime:undname.obj
 0001:00031486       ?getDataIndirectType@UnDecorator@@CA?AVDName@@ABV2@PBD0H@Z 10032486 f   libvcruntime:undname.obj
 0001:00031c30       ?getDataIndirectType@UnDecorator@@CA?AVDName@@XZ 10032c30 f i libvcruntime:undname.obj
 0001:00031c77       ?getDataType@UnDecorator@@CA?AVDName@@PAV2@@Z 10032c77 f   libvcruntime:undname.obj
 0001:00031d7d       ?getDecoratedName@UnDecorator@@CA?AVDName@@XZ 10032d7d f   libvcruntime:undname.obj
 0001:0003205c       ?getDimension@UnDecorator@@CA?AVDName@@_N@Z 1003305c f   libvcruntime:undname.obj
 0001:000321e0       ?getDispatchTarget@UnDecorator@@CA?AVDName@@XZ 100331e0 f   libvcruntime:undname.obj
 0001:00032251       ?getDisplacement@UnDecorator@@CA?AVDName@@XZ 10033251 f i libvcruntime:undname.obj
 0001:0003226a       ?getECSUDataType@UnDecorator@@CA?AVDName@@XZ 1003326a f   libvcruntime:undname.obj
 0001:000323ce       ?getECSUName@UnDecorator@@CA?AVDName@@XZ 100333ce f i libvcruntime:undname.obj
 0001:000323e3       ?getEnumType@UnDecorator@@CA?AVDName@@XZ 100333e3 f i libvcruntime:undname.obj
 0001:0003250a       ?getExtendedDataIndirectType@UnDecorator@@CA?AVDName@@AAPBDAA_NH@Z 1003350a f   libvcruntime:undname.obj
 0001:0003271d       ?getExternalDataType@UnDecorator@@CA?AVDName@@ABV2@@Z 1003371d f i libvcruntime:undname.obj
 0001:000327b4       ?getFunctionIndirectType@UnDecorator@@CA?AVDName@@ABV2@@Z 100337b4 f   libvcruntime:undname.obj
 0001:00032cbf       ?getGuardNumber@UnDecorator@@CA?AVDName@@XZ 10033cbf f i libvcruntime:undname.obj
 0001:00032cd8       ?getLastChar@DName@@QBEDXZ 10033cd8 f i libvcruntime:undname.obj
 0001:00032cfe       ?getLastChar@DNameStatusNode@@UBEDXZ 10033cfe f i libvcruntime:undname.obj
 0001:00032d0d       ?getLastChar@charNode@@UBEDXZ 10033d0d f i libvcruntime:undname.obj
 0001:00032d11       ?getLastChar@pDNameNode@@UBEDXZ 10033d11 f i libvcruntime:undname.obj
 0001:00032d22       ?getLastChar@pairNode@@UBEDXZ 10033d22 f i libvcruntime:undname.obj
 0001:00032d61       ?getLastChar@pcharNode@@UBEDXZ 10033d61 f i libvcruntime:undname.obj
 0001:00032d77       ?getLexicalFrame@UnDecorator@@CA?AVDName@@XZ 10033d77 f i libvcruntime:undname.obj
 0001:00032dc3       ?getMemory@_HeapManager@@QAEPAXIH@Z 10033dc3 f   libvcruntime:undname.obj
 0001:00032e74       ?getNumberOfDimensions@UnDecorator@@CAHXZ 10033e74 f   libvcruntime:undname.obj
 0001:00032eed       ?getOperatorName@UnDecorator@@CA?AVDName@@_NPA_N@Z 10033eed f i libvcruntime:undname.obj
 0001:0003369c       ?getPointerType@UnDecorator@@CA?AVDName@@ABV2@0@Z 1003469c f i libvcruntime:undname.obj
 0001:000336c1       ?getPointerTypeArray@UnDecorator@@CA?AVDName@@ABV2@0@Z 100346c1 f i libvcruntime:undname.obj
 0001:000336e6       ?getPrimaryDataType@UnDecorator@@CA?AVDName@@ABV2@@Z 100346e6 f   libvcruntime:undname.obj
 0001:00033937       ?getPtrRefDataType@UnDecorator@@CA?AVDName@@ABV2@H@Z 10034937 f   libvcruntime:undname.obj
 0001:00033a79       ?getPtrRefType@UnDecorator@@CA?AVDName@@ABV2@0PBD@Z 10034a79 f   libvcruntime:undname.obj
 0001:00033bb4       ?getReferenceType@UnDecorator@@CA?AVDName@@ABV2@0PBD@Z 10034bb4 f i libvcruntime:undname.obj
 0001:00033bd7       ?getRestrictionSpec@UnDecorator@@CA?AVDName@@XZ 10034bd7 f   libvcruntime:undname.obj
 0001:00033d05       ?getReturnType@UnDecorator@@CA?AVDName@@PAV2@@Z 10034d05 f   libvcruntime:undname.obj
 0001:00033d3f       ?getScope@UnDecorator@@CA?AVDName@@XZ 10034d3f f   libvcruntime:undname.obj
 0001:00034214       ?getScopedName@UnDecorator@@CA?AVDName@@XZ 10035214 f   libvcruntime:undname.obj
 0001:0003434d       ?getSignedDimension@UnDecorator@@CA?AVDName@@XZ 1003534d f   libvcruntime:undname.obj
 0001:000343b4       ?getStorageConvention@UnDecorator@@CA?AVDName@@XZ 100353b4 f i libvcruntime:undname.obj
 0001:000343c9       ?getString@DName@@QBEPADPAD0@Z 100353c9 f i libvcruntime:undname.obj
 0001:00034400       ?getString@DName@@QBEPADPADH@Z 10035400 f i libvcruntime:undname.obj
 0001:0003446b       ?getString@DNameStatusNode@@UBEPADPAD0@Z 1003546b f i libvcruntime:undname.obj
 0001:0003449b       ?getString@charNode@@UBEPADPAD0@Z 1003549b f i libvcruntime:undname.obj
 0001:000344b5       ?getString@pDNameNode@@UBEPADPAD0@Z 100354b5 f i libvcruntime:undname.obj
 0001:000344d1       ?getString@pairNode@@UBEPADPAD0@Z 100354d1 f i libvcruntime:undname.obj
 0001:00034526       ?getString@pcharNode@@UBEPADPAD0@Z 10035526 f i libvcruntime:undname.obj
 0001:00034547       ?getStringEncoding@UnDecorator@@CA?AVDName@@PADH@Z 10035547 f   libvcruntime:undname.obj
 0001:00034612       ?getStringHelper@@YAPADPAD00H@Z 10035612 f i libvcruntime:undname.obj
 0001:00034656       ?getSymbolName@UnDecorator@@CA?AVDName@@XZ 10035656 f i libvcruntime:undname.obj
 0001:000346b0       ?getTemplateArgumentList@UnDecorator@@CA?AVDName@@XZ 100356b0 f   libvcruntime:undname.obj
 0001:00034a08       ?getTemplateConstant@UnDecorator@@CA?AVDName@@XZ 10035a08 f   libvcruntime:undname.obj
 0001:00034e1d       ?getTemplateName@UnDecorator@@CA?AVDName@@_N@Z 10035e1d f   libvcruntime:undname.obj
 0001:00034fc8       ?getThisType@UnDecorator@@CA?AVDName@@XZ 10035fc8 f i libvcruntime:undname.obj
 0001:00035010       ?getThrowTypes@UnDecorator@@CA?AVDName@@XZ 10036010 f   libvcruntime:undname.obj
 0001:000350bc       ?getTypeEncoding@UnDecorator@@CAHXZ 100360bc f i libvcruntime:undname.obj
 0001:000356fc       ?getVCallThunkType@UnDecorator@@CA?AVDName@@XZ 100366fc f i libvcruntime:undname.obj
 0001:00035745       ?getVbTableType@UnDecorator@@CA?AVDName@@ABV2@@Z 10036745 f i libvcruntime:undname.obj
 0001:0003575f       ?getVdispMapType@UnDecorator@@CA?AVDName@@ABV2@@Z 1003675f f i libvcruntime:undname.obj
 0001:000357ca       ?getVfTableType@UnDecorator@@CA?AVDName@@ABV2@@Z 100367ca f i libvcruntime:undname.obj
 0001:00035988       ?getZName@UnDecorator@@CA?AVDName@@_N0@Z 10036988 f   libvcruntime:undname.obj
 0001:00035c58       ?haveTemplateParameters@UnDecorator@@SAHXZ 10036c58 f i libvcruntime:undname.obj
 0001:00035c65       ?isArray@DName@@QBEHXZ     10036c65 f i libvcruntime:undname.obj
 0001:00035c71       ?isComArray@DName@@QBEHXZ  10036c71 f i libvcruntime:undname.obj
 0001:00035c7d       ?isEmpty@DName@@QBEHXZ     10036c7d f i libvcruntime:undname.obj
 0001:00035c87       ?isFull@Replicator@@QBEHXZ 10036c87 f i libvcruntime:undname.obj
 0001:00035c92       ?isNoTE@DName@@QBEHXZ      10036c92 f i libvcruntime:undname.obj
 0001:00035c9e       ?isPinPtr@DName@@QBEHXZ    10036c9e f i libvcruntime:undname.obj
 0001:00035caa       ?isPtrRef@DName@@QBEHXZ    10036caa f i libvcruntime:undname.obj
 0001:00035cb6       ?isUDC@DName@@QBEHXZ       10036cb6 f i libvcruntime:undname.obj
 0001:00035ccb       ?isUDTThunk@DName@@QBEHXZ  10036ccb f i libvcruntime:undname.obj
 0001:00035ce0       ?isVCallThunk@DName@@QBEHXZ 10036ce0 f i libvcruntime:undname.obj
 0001:00035cec       ?isValid@DName@@QBEHXZ     10036cec f i libvcruntime:undname.obj
 0001:00035cf8       ?length@DName@@QBEHXZ      10036cf8 f i libvcruntime:undname.obj
 0001:00035d1d       ?length@DNameStatusNode@@UBEHXZ 10036d1d f i libvcruntime:undname.obj
 0001:00035d21       ?length@charNode@@UBEHXZ   10036d21 f i libvcruntime:undname.obj
 0001:00035d25       ?length@pDNameNode@@UBEHXZ 10036d25 f i libvcruntime:undname.obj
 0001:00035d36       ?length@pairNode@@UBEHXZ   10036d36 f i libvcruntime:undname.obj
 0001:00035d92       ?length@pcharNode@@UBEHXZ  10036d92 f i libvcruntime:undname.obj
 0001:00035d96       ?make@DNameStatusNode@@SAPAV1@W4DNameStatus@@@Z 10036d96 f i libvcruntime:undname.obj
 0001:00035e3d       ?setIsArray@DName@@QAEXXZ  10036e3d f i libvcruntime:undname.obj
 0001:00035e47       ?setIsComArray@DName@@QAEXXZ 10036e47 f i libvcruntime:undname.obj
 0001:00035e51       ?setIsNoTE@DName@@QAEXXZ   10036e51 f i libvcruntime:undname.obj
 0001:00035e5b       ?setIsPinPtr@DName@@QAEXXZ 10036e5b f i libvcruntime:undname.obj
 0001:00035e65       ?setIsUDC@DName@@QAEXXZ    10036e65 f i libvcruntime:undname.obj
 0001:00035e75       ?setIsVCallThunk@DName@@QAEXXZ 10036e75 f i libvcruntime:undname.obj
 0001:00035e7f       ?setPtrRef@DName@@QAEAAV1@XZ 10036e7f f i libvcruntime:undname.obj
 0001:00035e8b       ?status@DName@@QBE?AW4DNameStatus@@XZ 10036e8b f i libvcruntime:undname.obj
 0001:00035f10       ___unDName                 10036f10 f   libvcruntime:undname.obj
 0001:00035fca       ___unDNameEx               10036fca f   libvcruntime:undname.obj
 0001:00036084       __vsprintf_s_l             10037084 f i libvcruntime:undname.obj
 0001:000360bc       _sprintf_s                 100370bc f i libvcruntime:undname.obj
 0001:000360e0       __global_unwind2           100370e0 f   libvcruntime:_exsup_.obj
 0001:00036145       __local_unwind2            10037145 f   libvcruntime:_exsup_.obj
 0001:000361c9       __abnormal_termination     100371c9 f   libvcruntime:_exsup_.obj
 0001:000361ec       __NLG_Notify1              100371ec f   libvcruntime:_exsup_.obj
 0001:000361f5       __NLG_Notify               100371f5 f   libvcruntime:_exsup_.obj
 0001:0003620c       __NLG_Dispatch             1003720c     libvcruntime:_exsup_.obj
 0001:0003620c       __NLG_Dispatch2            1003720c     libvcruntime:_exsup_.obj
 0001:00036214       __NLG_Call                 10037214 f   libvcruntime:_exsup_.obj
 0001:00036216       __NLG_Return2              10037216     libvcruntime:_exsup_.obj
 0001:00036264       ??$__crt_fast_decode_pointer@P6AXXZ@@YAP6AXXZQ6AXXZ@Z 10037264 f i libvcruntime:purevirt.obj
 0001:0003627d       ??$__crt_interlocked_compare_exchange_pointer@$$A6AXXZ$$T$$T@@YAP6AXXZPDS6AXXZ$$T1@Z 1003727d f i libvcruntime:purevirt.obj
 0001:00036293       ??$__crt_interlocked_exchange_pointer@$$A6AXXZP6AXXZ@@YAP6AXXZPDS6AXXZQ6AXXZ@Z 10037293 f i libvcruntime:purevirt.obj
 0001:000362a3       ??$__crt_interlocked_read_pointer@$$A6AXXZ@@YAP6AXXZPDS6AXXZ@Z 100372a3 f i libvcruntime:purevirt.obj
 0001:000362b7       __get_purecall_handler     100372b7 f   libvcruntime:purevirt.obj
 0001:000362dd       __purecall                 100372dd f   libvcruntime:purevirt.obj
 0001:000362fe       __set_purecall_handler     100372fe f   libvcruntime:purevirt.obj
 0001:0003632c       _malloc                    1003732c f   libucrt:malloc.obj
 0001:00036339       ??$?RPAU__crt_stdio_stream_data@@@__crt_internal_free_policy@@QBEXQBQAU__crt_stdio_stream_data@@@Z 10037339 f i libucrt:_file.obj
 0001:0003634f       ??0?$__crt_unique_heap_ptr@PAU__crt_stdio_stream_data@@U__crt_internal_free_policy@@@@QAE@QAPAU__crt_stdio_stream_data@@@Z 1003734f f i libucrt:_file.obj
 0001:00036363       ??0__crt_stdio_stream@@QAE@QAU_iobuf@@@Z 10037363 f i libucrt:_file.obj
 0001:00036377       ??1?$__crt_unique_heap_ptr@PAU__crt_stdio_stream_data@@U__crt_internal_free_policy@@@@QAE@XZ 10037377 f i libucrt:_file.obj
 0001:0003638d       ??C__crt_stdio_stream@@QBEPAU__crt_stdio_stream_data@@XZ 1003738d f i libucrt:_file.obj
 0001:00036390       ?detach@?$__crt_unique_heap_ptr@PAU__crt_stdio_stream_data@@U__crt_internal_free_policy@@@@QAEPAPAU__crt_stdio_stream_data@@XZ 10037390 f i libucrt:_file.obj
 0001:00036396       ?release@?$__crt_unique_heap_ptr@PAU__crt_stdio_stream_data@@U__crt_internal_free_policy@@@@QAEXXZ 10037396 f i libucrt:_file.obj
 0001:000363ac       ___acrt_initialize_stdio   100373ac f   libucrt:_file.obj
 0001:000364a6       ___acrt_iob_func           100374a6 f   libucrt:_file.obj
 0001:000364ba       ___acrt_uninitialize_stdio 100374ba f   libucrt:_file.obj
 0001:00036519       __get_stream_buffer_pointers 10037519 f   libucrt:_file.obj
 0001:00036570       __lock_file                10037570 f   libucrt:_file.obj
 0001:00036589       __unlock_file              10037589 f   libucrt:_file.obj
 0001:000365a2       ??$?0ABV?$stream_output_adapter@D@__crt_stdio_output@@AB_KABQBDABQAU__crt_locale_pointers@@ABQAD@?$format_validation_base@DV?$stream_output_adapter@D@__crt_stdio_output@@@__crt_stdio_output@@IAE@ABV?$stream_output_adapter@D@1@AB_KABQBDABQAU__crt_locale_pointers@@ABQAD@Z 100375a2 f i libucrt:output.obj
 0001:000365cd       ??$?0ABV?$stream_output_adapter@D@__crt_stdio_output@@AB_KABQBDABQAU__crt_locale_pointers@@ABQAD@?$positional_parameter_base@DV?$stream_output_adapter@D@__crt_stdio_output@@@__crt_stdio_output@@IAE@ABV?$stream_output_adapter@D@1@AB_KABQBDABQAU__crt_locale_pointers@@ABQAD@Z 100375cd f i libucrt:output.obj
 0001:00036627       ??$?0ABV?$stream_output_adapter@D@__crt_stdio_output@@AB_KABQBDABQAU__crt_locale_pointers@@ABQAD@?$standard_base@DV?$stream_output_adapter@D@__crt_stdio_output@@@__crt_stdio_output@@IAE@ABV?$stream_output_adapter@D@1@AB_KABQBDABQAU__crt_locale_pointers@@ABQAD@Z 10037627 f i libucrt:output.obj
 0001:00036669       ??$?0ABV?$stream_output_adapter@_W@__crt_stdio_output@@AB_KABQB_WABQAU__crt_locale_pointers@@ABQAD@?$format_validation_base@_WV?$stream_output_adapter@_W@__crt_stdio_output@@@__crt_stdio_output@@IAE@ABV?$stream_output_adapter@_W@1@AB_KABQB_WABQAU__crt_locale_pointers@@ABQAD@Z 10037669 f i libucrt:output.obj
 0001:00036694       ??$?0ABV?$stream_output_adapter@_W@__crt_stdio_output@@AB_KABQB_WABQAU__crt_locale_pointers@@ABQAD@?$positional_parameter_base@_WV?$stream_output_adapter@_W@__crt_stdio_output@@@__crt_stdio_output@@IAE@ABV?$stream_output_adapter@_W@1@AB_KABQB_WABQAU__crt_locale_pointers@@ABQAD@Z 10037694 f i libucrt:output.obj
 0001:000366ee       ??$?0ABV?$stream_output_adapter@_W@__crt_stdio_output@@AB_KABQB_WABQAU__crt_locale_pointers@@ABQAD@?$standard_base@_WV?$stream_output_adapter@_W@__crt_stdio_output@@@__crt_stdio_output@@IAE@ABV?$stream_output_adapter@_W@1@AB_KABQB_WABQAU__crt_locale_pointers@@ABQAD@Z 100376ee f i libucrt:output.obj
 0001:00036730       ??$?0ABV?$string_output_adapter@D@__crt_stdio_output@@AB_KABQBDABQAU__crt_locale_pointers@@ABQAD@?$format_validation_base@DV?$string_output_adapter@D@__crt_stdio_output@@@__crt_stdio_output@@IAE@ABV?$string_output_adapter@D@1@AB_KABQBDABQAU__crt_locale_pointers@@ABQAD@Z 10037730 f i libucrt:output.obj
 0001:0003675b       ??$?0ABV?$string_output_adapter@D@__crt_stdio_output@@AB_KABQBDABQAU__crt_locale_pointers@@ABQAD@?$positional_parameter_base@DV?$string_output_adapter@D@__crt_stdio_output@@@__crt_stdio_output@@IAE@ABV?$string_output_adapter@D@1@AB_KABQBDABQAU__crt_locale_pointers@@ABQAD@Z 1003775b f i libucrt:output.obj
 0001:000367b5       ??$?0ABV?$string_output_adapter@D@__crt_stdio_output@@AB_KABQBDABQAU__crt_locale_pointers@@ABQAD@?$standard_base@DV?$string_output_adapter@D@__crt_stdio_output@@@__crt_stdio_output@@IAE@ABV?$string_output_adapter@D@1@AB_KABQBDABQAU__crt_locale_pointers@@ABQAD@Z 100377b5 f i libucrt:output.obj
 0001:000367f7       ??$?0ABV?$string_output_adapter@_W@__crt_stdio_output@@AB_KABQB_WABQAU__crt_locale_pointers@@ABQAD@?$format_validation_base@_WV?$string_output_adapter@_W@__crt_stdio_output@@@__crt_stdio_output@@IAE@ABV?$string_output_adapter@_W@1@AB_KABQB_WABQAU__crt_locale_pointers@@ABQAD@Z 100377f7 f i libucrt:output.obj
 0001:00036822       ??$?0ABV?$string_output_adapter@_W@__crt_stdio_output@@AB_KABQB_WABQAU__crt_locale_pointers@@ABQAD@?$positional_parameter_base@_WV?$string_output_adapter@_W@__crt_stdio_output@@@__crt_stdio_output@@IAE@ABV?$string_output_adapter@_W@1@AB_KABQB_WABQAU__crt_locale_pointers@@ABQAD@Z 10037822 f i libucrt:output.obj
 0001:0003687c       ??$?0ABV?$string_output_adapter@_W@__crt_stdio_output@@AB_KABQB_WABQAU__crt_locale_pointers@@ABQAD@?$standard_base@_WV?$string_output_adapter@_W@__crt_stdio_output@@@__crt_stdio_output@@IAE@ABV?$string_output_adapter@_W@1@AB_KABQB_WABQAU__crt_locale_pointers@@ABQAD@Z 1003787c f i libucrt:output.obj
 0001:000368be       ??$?RV<lambda_2293f24e3ce1ad6fe22ccfb9dec07671>@@AAV<lambda_2565fc715a641e539f44ad02d6823606>@@V<lambda_d3217f279b832965d9ca670dc2993570>@@@?$__crt_seh_guarded_call@H@@QAEH$$QAV<lambda_2293f24e3ce1ad6fe22ccfb9dec07671>@@AAV<lambda_2565fc715a641e539f44ad02d6823606>@@$$QAV<lambda_d3217f279b832965d9ca670dc2993570>@@@Z 100378be f i libucrt:output.obj
 0001:00036923       ??$?RV<lambda_4d4ac866be0fa3c441830420fabdd2cb>@@AAV<lambda_63a10c2dc8dbb9e4dd1890be52af7c93>@@V<lambda_002af9fa0f8fe472b648c51882d4fc32>@@@?$__crt_seh_guarded_call@H@@QAEH$$QAV<lambda_4d4ac866be0fa3c441830420fabdd2cb>@@AAV<lambda_63a10c2dc8dbb9e4dd1890be52af7c93>@@$$QAV<lambda_002af9fa0f8fe472b648c51882d4fc32>@@@Z 10037923 f i libucrt:output.obj
 0001:00036988       ??$?RV<lambda_5be909dfbae0a631386585770cd7b676>@@AAV<lambda_e516058a9c289d98c8ca9fea99247804>@@V<lambda_afe2e0cdc5e0ecf6f0d6f5e2f8985e38>@@@?$__crt_seh_guarded_call@H@@QAEH$$QAV<lambda_5be909dfbae0a631386585770cd7b676>@@AAV<lambda_e516058a9c289d98c8ca9fea99247804>@@$$QAV<lambda_afe2e0cdc5e0ecf6f0d6f5e2f8985e38>@@@Z 10037988 f i libucrt:output.obj
 0001:000369ed       ??$?RV<lambda_823d65812123d985753d53e2a8c25d20>@@AAV<lambda_0a97c9e57da7be065955385c79108ff2>@@V<lambda_4d2973f3ad2d226f00468307185dca1b>@@@?$__crt_seh_guarded_call@H@@QAEH$$QAV<lambda_823d65812123d985753d53e2a8c25d20>@@AAV<lambda_0a97c9e57da7be065955385c79108ff2>@@$$QAV<lambda_4d2973f3ad2d226f00468307185dca1b>@@@Z 100379ed f i libucrt:output.obj
 0001:00036a52       ??$?RV<lambda_ab9923ffb5d694ec0d78876dd103e44f>@@AAV<lambda_481dd5778c961fbcd3b60b650e9b9dc4>@@V<lambda_7923d86c9e3f319b415918ec4b39749c>@@@?$__crt_seh_guarded_call@H@@QAEH$$QAV<lambda_ab9923ffb5d694ec0d78876dd103e44f>@@AAV<lambda_481dd5778c961fbcd3b60b650e9b9dc4>@@$$QAV<lambda_7923d86c9e3f319b415918ec4b39749c>@@@Z 10037a52 f i libucrt:output.obj
 0001:00036ab7       ??$?RV<lambda_db08b09ef7aa9d4f8620ce68402612bc>@@AAV<lambda_4f2c1eaeead2a5fc776db5b62ea0fb9b>@@V<lambda_3ae262bc35d4ba6a3825c4f6bcaaf95c>@@@?$__crt_seh_guarded_call@H@@QAEH$$QAV<lambda_db08b09ef7aa9d4f8620ce68402612bc>@@AAV<lambda_4f2c1eaeead2a5fc776db5b62ea0fb9b>@@$$QAV<lambda_3ae262bc35d4ba6a3825c4f6bcaaf95c>@@@Z 10037ab7 f i libucrt:output.obj
 0001:00036b1c       ??$__acrt_lock_stream_and_call@V<lambda_0a97c9e57da7be065955385c79108ff2>@@@@YAHQAU_iobuf@@$$QAV<lambda_0a97c9e57da7be065955385c79108ff2>@@@Z 10037b1c f i libucrt:output.obj
 0001:00036b4e       ??$__acrt_lock_stream_and_call@V<lambda_2565fc715a641e539f44ad02d6823606>@@@@YAHQAU_iobuf@@$$QAV<lambda_2565fc715a641e539f44ad02d6823606>@@@Z 10037b4e f i libucrt:output.obj
 0001:00036b80       ??$__acrt_lock_stream_and_call@V<lambda_481dd5778c961fbcd3b60b650e9b9dc4>@@@@YAHQAU_iobuf@@$$QAV<lambda_481dd5778c961fbcd3b60b650e9b9dc4>@@@Z 10037b80 f i libucrt:output.obj
 0001:00036bb2       ??$__acrt_lock_stream_and_call@V<lambda_4f2c1eaeead2a5fc776db5b62ea0fb9b>@@@@YAHQAU_iobuf@@$$QAV<lambda_4f2c1eaeead2a5fc776db5b62ea0fb9b>@@@Z 10037bb2 f i libucrt:output.obj
 0001:00036be4       ??$__acrt_lock_stream_and_call@V<lambda_63a10c2dc8dbb9e4dd1890be52af7c93>@@@@YAHQAU_iobuf@@$$QAV<lambda_63a10c2dc8dbb9e4dd1890be52af7c93>@@@Z 10037be4 f i libucrt:output.obj
 0001:00036c16       ??$__acrt_lock_stream_and_call@V<lambda_e516058a9c289d98c8ca9fea99247804>@@@@YAHQAU_iobuf@@$$QAV<lambda_e516058a9c289d98c8ca9fea99247804>@@@Z 10037c16 f i libucrt:output.obj
 0001:00036c48       ??$__crt_interlocked_read@J@@YAJPDJ@Z 10037c48 f i libucrt:output.obj
 0001:00037e93       ??$count@D@formatting_buffer@__crt_stdio_output@@QBEIXZ 10038e93 f i libucrt:output.obj
 0001:00037eb1       ??$data@D@formatting_buffer@__crt_stdio_output@@QAEPADXZ 10038eb1 f i libucrt:output.obj
 0001:00037ec1       ??$data@_W@formatting_buffer@__crt_stdio_output@@QAEPA_WXZ 10038ec1 f i libucrt:output.obj
 0001:00037ed1       ??$ensure_buffer_is_big_enough@D@formatting_buffer@__crt_stdio_output@@QAE_NI@Z 10038ed1 f i libucrt:output.obj
 0001:00037f78       ??$extract_argument_from_va_list@C_J@?$positional_parameter_base@DV?$stream_output_adapter@D@__crt_stdio_output@@@__crt_stdio_output@@IAE_NAA_J@Z 10038f78 f i libucrt:output.obj
 0001:00038016       ??$extract_argument_from_va_list@C_J@?$positional_parameter_base@DV?$string_output_adapter@D@__crt_stdio_output@@@__crt_stdio_output@@IAE_NAA_J@Z 10039016 f i libucrt:output.obj
 0001:000380b4       ??$extract_argument_from_va_list@C_J@?$positional_parameter_base@_WV?$stream_output_adapter@_W@__crt_stdio_output@@@__crt_stdio_output@@IAE_NAA_J@Z 100390b4 f i libucrt:output.obj
 0001:00038152       ??$extract_argument_from_va_list@C_J@?$positional_parameter_base@_WV?$string_output_adapter@_W@__crt_stdio_output@@@__crt_stdio_output@@IAE_NAA_J@Z 10039152 f i libucrt:output.obj
 0001:000381f0       ??$extract_argument_from_va_list@C_J@?$standard_base@DV?$stream_output_adapter@D@__crt_stdio_output@@@__crt_stdio_output@@IAE_NAA_J@Z 100391f0 f i libucrt:output.obj
 0001:00038216       ??$extract_argument_from_va_list@C_J@?$standard_base@DV?$string_output_adapter@D@__crt_stdio_output@@@__crt_stdio_output@@IAE_NAA_J@Z 10039216 f i libucrt:output.obj
 0001:0003823c       ??$extract_argument_from_va_list@C_J@?$standard_base@_WV?$stream_output_adapter@_W@__crt_stdio_output@@@__crt_stdio_output@@IAE_NAA_J@Z 1003923c f i libucrt:output.obj
 0001:00038262       ??$extract_argument_from_va_list@C_J@?$standard_base@_WV?$string_output_adapter@_W@__crt_stdio_output@@@__crt_stdio_output@@IAE_NAA_J@Z 10039262 f i libucrt:output.obj
 0001:00038288       ??$extract_argument_from_va_list@E_J@?$positional_parameter_base@DV?$stream_output_adapter@D@__crt_stdio_output@@@__crt_stdio_output@@IAE_NAA_J@Z 10039288 f i libucrt:output.obj
 0001:00038326       ??$extract_argument_from_va_list@E_J@?$positional_parameter_base@DV?$string_output_adapter@D@__crt_stdio_output@@@__crt_stdio_output@@IAE_NAA_J@Z 10039326 f i libucrt:output.obj
 0001:000383c4       ??$extract_argument_from_va_list@E_J@?$positional_parameter_base@_WV?$stream_output_adapter@_W@__crt_stdio_output@@@__crt_stdio_output@@IAE_NAA_J@Z 100393c4 f i libucrt:output.obj
 0001:00038462       ??$extract_argument_from_va_list@E_J@?$positional_parameter_base@_WV?$string_output_adapter@_W@__crt_stdio_output@@@__crt_stdio_output@@IAE_NAA_J@Z 10039462 f i libucrt:output.obj
 0001:00038500       ??$extract_argument_from_va_list@E_J@?$standard_base@DV?$stream_output_adapter@D@__crt_stdio_output@@@__crt_stdio_output@@IAE_NAA_J@Z 10039500 f i libucrt:output.obj
 0001:00038526       ??$extract_argument_from_va_list@E_J@?$standard_base@DV?$string_output_adapter@D@__crt_stdio_output@@@__crt_stdio_output@@IAE_NAA_J@Z 10039526 f i libucrt:output.obj
 0001:0003854c       ??$extract_argument_from_va_list@E_J@?$standard_base@_WV?$stream_output_adapter@_W@__crt_stdio_output@@@__crt_stdio_output@@IAE_NAA_J@Z 1003954c f i libucrt:output.obj
 0001:00038572       ??$extract_argument_from_va_list@E_J@?$standard_base@_WV?$string_output_adapter@_W@__crt_stdio_output@@@__crt_stdio_output@@IAE_NAA_J@Z 10039572 f i libucrt:output.obj
 0001:00038598       ??$extract_argument_from_va_list@F_J@?$positional_parameter_base@DV?$stream_output_adapter@D@__crt_stdio_output@@@__crt_stdio_output@@IAE_NAA_J@Z 10039598 f i libucrt:output.obj
 0001:00038636       ??$extract_argument_from_va_list@F_J@?$positional_parameter_base@DV?$string_output_adapter@D@__crt_stdio_output@@@__crt_stdio_output@@IAE_NAA_J@Z 10039636 f i libucrt:output.obj
 0001:000386d4       ??$extract_argument_from_va_list@F_J@?$positional_parameter_base@_WV?$stream_output_adapter@_W@__crt_stdio_output@@@__crt_stdio_output@@IAE_NAA_J@Z 100396d4 f i libucrt:output.obj
 0001:00038772       ??$extract_argument_from_va_list@F_J@?$positional_parameter_base@_WV?$string_output_adapter@_W@__crt_stdio_output@@@__crt_stdio_output@@IAE_NAA_J@Z 10039772 f i libucrt:output.obj
 0001:00038810       ??$extract_argument_from_va_list@F_J@?$standard_base@DV?$stream_output_adapter@D@__crt_stdio_output@@@__crt_stdio_output@@IAE_NAA_J@Z 10039810 f i libucrt:output.obj
 0001:00038836       ??$extract_argument_from_va_list@F_J@?$standard_base@DV?$string_output_adapter@D@__crt_stdio_output@@@__crt_stdio_output@@IAE_NAA_J@Z 10039836 f i libucrt:output.obj
 0001:0003885c       ??$extract_argument_from_va_list@F_J@?$standard_base@_WV?$stream_output_adapter@_W@__crt_stdio_output@@@__crt_stdio_output@@IAE_NAA_J@Z 1003985c f i libucrt:output.obj
 0001:00038882       ??$extract_argument_from_va_list@F_J@?$standard_base@_WV?$string_output_adapter@_W@__crt_stdio_output@@@__crt_stdio_output@@IAE_NAA_J@Z 10039882 f i libucrt:output.obj
 0001:000388a8       ??$extract_argument_from_va_list@GD@?$positional_parameter_base@DV?$stream_output_adapter@D@__crt_stdio_output@@@__crt_stdio_output@@IAE_NAAD@Z 100398a8 f i libucrt:output.obj
 0001:00038945       ??$extract_argument_from_va_list@GD@?$positional_parameter_base@DV?$string_output_adapter@D@__crt_stdio_output@@@__crt_stdio_output@@IAE_NAAD@Z 10039945 f i libucrt:output.obj
 0001:000389e2       ??$extract_argument_from_va_list@GD@?$standard_base@DV?$stream_output_adapter@D@__crt_stdio_output@@@__crt_stdio_output@@IAE_NAAD@Z 100399e2 f i libucrt:output.obj
 0001:00038a02       ??$extract_argument_from_va_list@GD@?$standard_base@DV?$string_output_adapter@D@__crt_stdio_output@@@__crt_stdio_output@@IAE_NAAD@Z 10039a02 f i libucrt:output.obj
 0001:00038a22       ??$extract_argument_from_va_list@G_J@?$positional_parameter_base@DV?$stream_output_adapter@D@__crt_stdio_output@@@__crt_stdio_output@@IAE_NAA_J@Z 10039a22 f i libucrt:output.obj
 0001:00038ac0       ??$extract_argument_from_va_list@G_J@?$positional_parameter_base@DV?$string_output_adapter@D@__crt_stdio_output@@@__crt_stdio_output@@IAE_NAA_J@Z 10039ac0 f i libucrt:output.obj
 0001:00038b5e       ??$extract_argument_from_va_list@G_J@?$positional_parameter_base@_WV?$stream_output_adapter@_W@__crt_stdio_output@@@__crt_stdio_output@@IAE_NAA_J@Z 10039b5e f i libucrt:output.obj
 0001:00038bfc       ??$extract_argument_from_va_list@G_J@?$positional_parameter_base@_WV?$string_output_adapter@_W@__crt_stdio_output@@@__crt_stdio_output@@IAE_NAA_J@Z 10039bfc f i libucrt:output.obj
 0001:00038c9a       ??$extract_argument_from_va_list@G_J@?$standard_base@DV?$stream_output_adapter@D@__crt_stdio_output@@@__crt_stdio_output@@IAE_NAA_J@Z 10039c9a f i libucrt:output.obj
 0001:00038cc0       ??$extract_argument_from_va_list@G_J@?$standard_base@DV?$string_output_adapter@D@__crt_stdio_output@@@__crt_stdio_output@@IAE_NAA_J@Z 10039cc0 f i libucrt:output.obj
 0001:00038ce6       ??$extract_argument_from_va_list@G_J@?$standard_base@_WV?$stream_output_adapter@_W@__crt_stdio_output@@@__crt_stdio_output@@IAE_NAA_J@Z 10039ce6 f i libucrt:output.obj
 0001:00038d0c       ??$extract_argument_from_va_list@G_J@?$standard_base@_WV?$string_output_adapter@_W@__crt_stdio_output@@@__crt_stdio_output@@IAE_NAA_J@Z 10039d0c f i libucrt:output.obj
 0001:00038d32       ??$extract_argument_from_va_list@H_J@?$positional_parameter_base@DV?$stream_output_adapter@D@__crt_stdio_output@@@__crt_stdio_output@@IAE_NAA_J@Z 10039d32 f i libucrt:output.obj
 0001:00038dce       ??$extract_argument_from_va_list@H_J@?$positional_parameter_base@DV?$string_output_adapter@D@__crt_stdio_output@@@__crt_stdio_output@@IAE_NAA_J@Z 10039dce f i libucrt:output.obj
 0001:00038e6a       ??$extract_argument_from_va_list@H_J@?$positional_parameter_base@_WV?$stream_output_adapter@_W@__crt_stdio_output@@@__crt_stdio_output@@IAE_NAA_J@Z 10039e6a f i libucrt:output.obj
 0001:00038f06       ??$extract_argument_from_va_list@H_J@?$positional_parameter_base@_WV?$string_output_adapter@_W@__crt_stdio_output@@@__crt_stdio_output@@IAE_NAA_J@Z 10039f06 f i libucrt:output.obj
 0001:00038fa2       ??$extract_argument_from_va_list@H_J@?$standard_base@DV?$stream_output_adapter@D@__crt_stdio_output@@@__crt_stdio_output@@IAE_NAA_J@Z 10039fa2 f i libucrt:output.obj
 0001:00038fc7       ??$extract_argument_from_va_list@H_J@?$standard_base@DV?$string_output_adapter@D@__crt_stdio_output@@@__crt_stdio_output@@IAE_NAA_J@Z 10039fc7 f i libucrt:output.obj
 0001:00038fec       ??$extract_argument_from_va_list@H_J@?$standard_base@_WV?$stream_output_adapter@_W@__crt_stdio_output@@@__crt_stdio_output@@IAE_NAA_J@Z 10039fec f i libucrt:output.obj
 0001:00039011       ??$extract_argument_from_va_list@H_J@?$standard_base@_WV?$string_output_adapter@_W@__crt_stdio_output@@@__crt_stdio_output@@IAE_NAA_J@Z 1003a011 f i libucrt:output.obj
 0001:00039036       ??$extract_argument_from_va_list@I_J@?$positional_parameter_base@DV?$stream_output_adapter@D@__crt_stdio_output@@@__crt_stdio_output@@IAE_NAA_J@Z 1003a036 f i libucrt:output.obj
 0001:000390dd       ??$extract_argument_from_va_list@I_J@?$positional_parameter_base@DV?$string_output_adapter@D@__crt_stdio_output@@@__crt_stdio_output@@IAE_NAA_J@Z 1003a0dd f i libucrt:output.obj
 0001:00039184       ??$extract_argument_from_va_list@I_J@?$positional_parameter_base@_WV?$stream_output_adapter@_W@__crt_stdio_output@@@__crt_stdio_output@@IAE_NAA_J@Z 1003a184 f i libucrt:output.obj
 0001:0003922b       ??$extract_argument_from_va_list@I_J@?$positional_parameter_base@_WV?$string_output_adapter@_W@__crt_stdio_output@@@__crt_stdio_output@@IAE_NAA_J@Z 1003a22b f i libucrt:output.obj
 0001:000392d2       ??$extract_argument_from_va_list@I_J@?$standard_base@DV?$stream_output_adapter@D@__crt_stdio_output@@@__crt_stdio_output@@IAE_NAA_J@Z 1003a2d2 f i libucrt:output.obj
 0001:000392f7       ??$extract_argument_from_va_list@I_J@?$standard_base@DV?$string_output_adapter@D@__crt_stdio_output@@@__crt_stdio_output@@IAE_NAA_J@Z 1003a2f7 f i libucrt:output.obj
 0001:0003931c       ??$extract_argument_from_va_list@I_J@?$standard_base@_WV?$stream_output_adapter@_W@__crt_stdio_output@@@__crt_stdio_output@@IAE_NAA_J@Z 1003a31c f i libucrt:output.obj
 0001:00039341       ??$extract_argument_from_va_list@I_J@?$standard_base@_WV?$string_output_adapter@_W@__crt_stdio_output@@@__crt_stdio_output@@IAE_NAA_J@Z 1003a341 f i libucrt:output.obj
 0001:00039366       ??$extract_argument_from_va_list@PADPAD@?$positional_parameter_base@DV?$stream_output_adapter@D@__crt_stdio_output@@@__crt_stdio_output@@IAE_NAAPAD@Z 1003a366 f i libucrt:output.obj
 0001:00039403       ??$extract_argument_from_va_list@PADPAD@?$positional_parameter_base@DV?$string_output_adapter@D@__crt_stdio_output@@@__crt_stdio_output@@IAE_NAAPAD@Z 1003a403 f i libucrt:output.obj
 0001:000394a0       ??$extract_argument_from_va_list@PADPAD@?$positional_parameter_base@_WV?$stream_output_adapter@_W@__crt_stdio_output@@@__crt_stdio_output@@IAE_NAAPAD@Z 1003a4a0 f i libucrt:output.obj
 0001:0003953d       ??$extract_argument_from_va_list@PADPAD@?$positional_parameter_base@_WV?$string_output_adapter@_W@__crt_stdio_output@@@__crt_stdio_output@@IAE_NAAPAD@Z 1003a53d f i libucrt:output.obj
 0001:000395da       ??$extract_argument_from_va_list@PADPAD@?$standard_base@DV?$stream_output_adapter@D@__crt_stdio_output@@@__crt_stdio_output@@IAE_NAAPAD@Z 1003a5da f i libucrt:output.obj
 0001:000395fa       ??$extract_argument_from_va_list@PADPAD@?$standard_base@DV?$string_output_adapter@D@__crt_stdio_output@@@__crt_stdio_output@@IAE_NAAPAD@Z 1003a5fa f i libucrt:output.obj
 0001:0003961a       ??$extract_argument_from_va_list@PADPAD@?$standard_base@_WV?$stream_output_adapter@_W@__crt_stdio_output@@@__crt_stdio_output@@IAE_NAAPAD@Z 1003a61a f i libucrt:output.obj
 0001:0003963a       ??$extract_argument_from_va_list@PADPAD@?$standard_base@_WV?$string_output_adapter@_W@__crt_stdio_output@@@__crt_stdio_output@@IAE_NAAPAD@Z 1003a63a f i libucrt:output.obj
 0001:0003965a       ??$extract_argument_from_va_list@PAUansi_string@?1??type_case_Z@?$output_processor@DV?$stream_output_adapter@D@__crt_stdio_output@@V?$format_validation_base@DV?$stream_output_adapter@D@__crt_stdio_output@@@2@@__crt_stdio_output@@AAE_NXZ@PAU1?1??234@AAE_NXZ@@?$standard_base@DV?$stream_output_adapter@D@__crt_stdio_output@@@__crt_stdio_output@@IAE_NAAPAUansi_string@?1??type_case_Z@?$output_processor@DV?$stream_output_adapter@D@__crt_stdio_output@@V?$format_validation_base@DV?$stream_output_adapter@D@__crt_stdio_output@@@2@@1@AAE_NXZ@@Z 1003a65a f i libucrt:output.obj
 0001:0003967a       ??$extract_argument_from_va_list@PAUansi_string@?1??type_case_Z@?$output_processor@DV?$stream_output_adapter@D@__crt_stdio_output@@V?$positional_parameter_base@DV?$stream_output_adapter@D@__crt_stdio_output@@@2@@__crt_stdio_output@@AAE_NXZ@PAU1?1??234@AAE_NXZ@@?$positional_parameter_base@DV?$stream_output_adapter@D@__crt_stdio_output@@@__crt_stdio_output@@IAE_NAAPAUansi_string@?1??type_case_Z@?$output_processor@DV?$stream_output_adapter@D@__crt_stdio_output@@V?$positional_parameter_base@DV?$stream_output_adapter@D@__crt_stdio_output@@@2@@1@AAE_NXZ@@Z 1003a67a f i libucrt:output.obj
 0001:00039717       ??$extract_argument_from_va_list@PAUansi_string@?1??type_case_Z@?$output_processor@DV?$stream_output_adapter@D@__crt_stdio_output@@V?$positional_parameter_base@DV?$stream_output_adapter@D@__crt_stdio_output@@@2@@__crt_stdio_output@@AAE_NXZ@PAU1?1??234@AAE_NXZ@@?$standard_base@DV?$stream_output_adapter@D@__crt_stdio_output@@@__crt_stdio_output@@IAE_NAAPAUansi_string@?1??type_case_Z@?$output_processor@DV?$stream_output_adapter@D@__crt_stdio_output@@V?$positional_parameter_base@DV?$stream_output_adapter@D@__crt_stdio_output@@@2@@1@AAE_NXZ@@Z 1003a717 f i libucrt:output.obj
 0001:00039737       ??$extract_argument_from_va_list@PAUansi_string@?1??type_case_Z@?$output_processor@DV?$stream_output_adapter@D@__crt_stdio_output@@V?$standard_base@DV?$stream_output_adapter@D@__crt_stdio_output@@@2@@__crt_stdio_output@@AAE_NXZ@PAU1?1??234@AAE_NXZ@@?$standard_base@DV?$stream_output_adapter@D@__crt_stdio_output@@@__crt_stdio_output@@IAE_NAAPAUansi_string@?1??type_case_Z@?$output_processor@DV?$stream_output_adapter@D@__crt_stdio_output@@V?$standard_base@DV?$stream_output_adapter@D@__crt_stdio_output@@@2@@1@AAE_NXZ@@Z 1003a737 f i libucrt:output.obj
 0001:00039757       ??$extract_argument_from_va_list@PAUansi_string@?1??type_case_Z@?$output_processor@DV?$string_output_adapter@D@__crt_stdio_output@@V?$format_validation_base@DV?$string_output_adapter@D@__crt_stdio_output@@@2@@__crt_stdio_output@@AAE_NXZ@PAU1?1??234@AAE_NXZ@@?$standard_base@DV?$string_output_adapter@D@__crt_stdio_output@@@__crt_stdio_output@@IAE_NAAPAUansi_string@?1??type_case_Z@?$output_processor@DV?$string_output_adapter@D@__crt_stdio_output@@V?$format_validation_base@DV?$string_output_adapter@D@__crt_stdio_output@@@2@@1@AAE_NXZ@@Z 1003a757 f i libucrt:output.obj
 0001:00039777       ??$extract_argument_from_va_list@PAUansi_string@?1??type_case_Z@?$output_processor@DV?$string_output_adapter@D@__crt_stdio_output@@V?$positional_parameter_base@DV?$string_output_adapter@D@__crt_stdio_output@@@2@@__crt_stdio_output@@AAE_NXZ@PAU1?1??234@AAE_NXZ@@?$positional_parameter_base@DV?$string_output_adapter@D@__crt_stdio_output@@@__crt_stdio_output@@IAE_NAAPAUansi_string@?1??type_case_Z@?$output_processor@DV?$string_output_adapter@D@__crt_stdio_output@@V?$positional_parameter_base@DV?$string_output_adapter@D@__crt_stdio_output@@@2@@1@AAE_NXZ@@Z 1003a777 f i libucrt:output.obj
 0001:00039814       ??$extract_argument_from_va_list@PAUansi_string@?1??type_case_Z@?$output_processor@DV?$string_output_adapter@D@__crt_stdio_output@@V?$positional_parameter_base@DV?$string_output_adapter@D@__crt_stdio_output@@@2@@__crt_stdio_output@@AAE_NXZ@PAU1?1??234@AAE_NXZ@@?$standard_base@DV?$string_output_adapter@D@__crt_stdio_output@@@__crt_stdio_output@@IAE_NAAPAUansi_string@?1??type_case_Z@?$output_processor@DV?$string_output_adapter@D@__crt_stdio_output@@V?$positional_parameter_base@DV?$string_output_adapter@D@__crt_stdio_output@@@2@@1@AAE_NXZ@@Z 1003a814 f i libucrt:output.obj
 0001:00039834       ??$extract_argument_from_va_list@PAUansi_string@?1??type_case_Z@?$output_processor@DV?$string_output_adapter@D@__crt_stdio_output@@V?$standard_base@DV?$string_output_adapter@D@__crt_stdio_output@@@2@@__crt_stdio_output@@AAE_NXZ@PAU1?1??234@AAE_NXZ@@?$standard_base@DV?$string_output_adapter@D@__crt_stdio_output@@@__crt_stdio_output@@IAE_NAAPAUansi_string@?1??type_case_Z@?$output_processor@DV?$string_output_adapter@D@__crt_stdio_output@@V?$standard_base@DV?$string_output_adapter@D@__crt_stdio_output@@@2@@1@AAE_NXZ@@Z 1003a834 f i libucrt:output.obj
 0001:00039854       ??$extract_argument_from_va_list@PAUansi_string@?1??type_case_Z@?$output_processor@_WV?$stream_output_adapter@_W@__crt_stdio_output@@V?$format_validation_base@_WV?$stream_output_adapter@_W@__crt_stdio_output@@@2@@__crt_stdio_output@@AAE_NXZ@PAU1?1??234@AAE_NXZ@@?$standard_base@_WV?$stream_output_adapter@_W@__crt_stdio_output@@@__crt_stdio_output@@IAE_NAAPAUansi_string@?1??type_case_Z@?$output_processor@_WV?$stream_output_adapter@_W@__crt_stdio_output@@V?$format_validation_base@_WV?$stream_output_adapter@_W@__crt_stdio_output@@@2@@1@AAE_NXZ@@Z 1003a854 f i libucrt:output.obj
 0001:00039874       ??$extract_argument_from_va_list@PAUansi_string@?1??type_case_Z@?$output_processor@_WV?$stream_output_adapter@_W@__crt_stdio_output@@V?$positional_parameter_base@_WV?$stream_output_adapter@_W@__crt_stdio_output@@@2@@__crt_stdio_output@@AAE_NXZ@PAU1?1??234@AAE_NXZ@@?$positional_parameter_base@_WV?$stream_output_adapter@_W@__crt_stdio_output@@@__crt_stdio_output@@IAE_NAAPAUansi_string@?1??type_case_Z@?$output_processor@_WV?$stream_output_adapter@_W@__crt_stdio_output@@V?$positional_parameter_base@_WV?$stream_output_adapter@_W@__crt_stdio_output@@@2@@1@AAE_NXZ@@Z 1003a874 f i libucrt:output.obj
 0001:00039911       ??$extract_argument_from_va_list@PAUansi_string@?1??type_case_Z@?$output_processor@_WV?$stream_output_adapter@_W@__crt_stdio_output@@V?$positional_parameter_base@_WV?$stream_output_adapter@_W@__crt_stdio_output@@@2@@__crt_stdio_output@@AAE_NXZ@PAU1?1??234@AAE_NXZ@@?$standard_base@_WV?$stream_output_adapter@_W@__crt_stdio_output@@@__crt_stdio_output@@IAE_NAAPAUansi_string@?1??type_case_Z@?$output_processor@_WV?$stream_output_adapter@_W@__crt_stdio_output@@V?$positional_parameter_base@_WV?$stream_output_adapter@_W@__crt_stdio_output@@@2@@1@AAE_NXZ@@Z 1003a911 f i libucrt:output.obj
 0001:00039931       ??$extract_argument_from_va_list@PAUansi_string@?1??type_case_Z@?$output_processor@_WV?$stream_output_adapter@_W@__crt_stdio_output@@V?$standard_base@_WV?$stream_output_adapter@_W@__crt_stdio_output@@@2@@__crt_stdio_output@@AAE_NXZ@PAU1?1??234@AAE_NXZ@@?$standard_base@_WV?$stream_output_adapter@_W@__crt_stdio_output@@@__crt_stdio_output@@IAE_NAAPAUansi_string@?1??type_case_Z@?$output_processor@_WV?$stream_output_adapter@_W@__crt_stdio_output@@V?$standard_base@_WV?$stream_output_adapter@_W@__crt_stdio_output@@@2@@1@AAE_NXZ@@Z 1003a931 f i libucrt:output.obj
 0001:00039951       ??$extract_argument_from_va_list@PAUansi_string@?1??type_case_Z@?$output_processor@_WV?$string_output_adapter@_W@__crt_stdio_output@@V?$format_validation_base@_WV?$string_output_adapter@_W@__crt_stdio_output@@@2@@__crt_stdio_output@@AAE_NXZ@PAU1?1??234@AAE_NXZ@@?$standard_base@_WV?$string_output_adapter@_W@__crt_stdio_output@@@__crt_stdio_output@@IAE_NAAPAUansi_string@?1??type_case_Z@?$output_processor@_WV?$string_output_adapter@_W@__crt_stdio_output@@V?$format_validation_base@_WV?$string_output_adapter@_W@__crt_stdio_output@@@2@@1@AAE_NXZ@@Z 1003a951 f i libucrt:output.obj
 0001:00039971       ??$extract_argument_from_va_list@PAUansi_string@?1??type_case_Z@?$output_processor@_WV?$string_output_adapter@_W@__crt_stdio_output@@V?$positional_parameter_base@_WV?$string_output_adapter@_W@__crt_stdio_output@@@2@@__crt_stdio_output@@AAE_NXZ@PAU1?1??234@AAE_NXZ@@?$positional_parameter_base@_WV?$string_output_adapter@_W@__crt_stdio_output@@@__crt_stdio_output@@IAE_NAAPAUansi_string@?1??type_case_Z@?$output_processor@_WV?$string_output_adapter@_W@__crt_stdio_output@@V?$positional_parameter_base@_WV?$string_output_adapter@_W@__crt_stdio_output@@@2@@1@AAE_NXZ@@Z 1003a971 f i libucrt:output.obj
 0001:00039a0e       ??$extract_argument_from_va_list@PAUansi_string@?1??type_case_Z@?$output_processor@_WV?$string_output_adapter@_W@__crt_stdio_output@@V?$positional_parameter_base@_WV?$string_output_adapter@_W@__crt_stdio_output@@@2@@__crt_stdio_output@@AAE_NXZ@PAU1?1??234@AAE_NXZ@@?$standard_base@_WV?$string_output_adapter@_W@__crt_stdio_output@@@__crt_stdio_output@@IAE_NAAPAUansi_string@?1??type_case_Z@?$output_processor@_WV?$string_output_adapter@_W@__crt_stdio_output@@V?$positional_parameter_base@_WV?$string_output_adapter@_W@__crt_stdio_output@@@2@@1@AAE_NXZ@@Z 1003aa0e f i libucrt:output.obj
 0001:00039a2e       ??$extract_argument_from_va_list@PAUansi_string@?1??type_case_Z@?$output_processor@_WV?$string_output_adapter@_W@__crt_stdio_output@@V?$standard_base@_WV?$string_output_adapter@_W@__crt_stdio_output@@@2@@__crt_stdio_output@@AAE_NXZ@PAU1?1??234@AAE_NXZ@@?$standard_base@_WV?$string_output_adapter@_W@__crt_stdio_output@@@__crt_stdio_output@@IAE_NAAPAUansi_string@?1??type_case_Z@?$output_processor@_WV?$string_output_adapter@_W@__crt_stdio_output@@V?$standard_base@_WV?$string_output_adapter@_W@__crt_stdio_output@@@2@@1@AAE_NXZ@@Z 1003aa2e f i libucrt:output.obj
 0001:00039a4e       ??$extract_argument_from_va_list@PAXPAX@?$positional_parameter_base@DV?$stream_output_adapter@D@__crt_stdio_output@@@__crt_stdio_output@@IAE_NAAPAX@Z 1003aa4e f i libucrt:output.obj
 0001:00039aeb       ??$extract_argument_from_va_list@PAXPAX@?$positional_parameter_base@DV?$string_output_adapter@D@__crt_stdio_output@@@__crt_stdio_output@@IAE_NAAPAX@Z 1003aaeb f i libucrt:output.obj
 0001:00039b88       ??$extract_argument_from_va_list@PAXPAX@?$positional_parameter_base@_WV?$stream_output_adapter@_W@__crt_stdio_output@@@__crt_stdio_output@@IAE_NAAPAX@Z 1003ab88 f i libucrt:output.obj
 0001:00039c25       ??$extract_argument_from_va_list@PAXPAX@?$positional_parameter_base@_WV?$string_output_adapter@_W@__crt_stdio_output@@@__crt_stdio_output@@IAE_NAAPAX@Z 1003ac25 f i libucrt:output.obj
[...]
 0003:0000b3c0       _CANAC2_2_receive_mb3      100aa3c0     <common>
 0003:0000b6e0       _CANAC2_2_send_mb3         100aa6e0     <common>
 0003:0000ba00       _CANAC2_1_receive_mb3      100aaa00     <common>
 0003:0000bd20       _CANAC2_1_send_mb3         100aad20     <common>
 0003:0000c040       _CANAC2_2_receiveindex_mb2 100ab040     <common>
 0003:0000c360       _CANAC2_2_receivemaxindex_mb2 100ab360     <common>
 0003:0000c380       _CANAC2_2_sendindex_mb2    100ab380     <common>
 0003:0000c6a0       _CANAC2_2_sendmaxindex_mb2 100ab6a0     <common>
 0003:0000c6c0       _CANAC2_1_receiveindex_mb2 100ab6c0     <common>
 0003:0000c9e0       _CANAC2_1_receivemaxindex_mb2 100ab9e0     <common>
 0003:0000ca00       _CANAC2_1_sendindex_mb2    100aba00     <common>
 0003:0000cd20       _CANAC2_1_sendmaxindex_mb2 100abd20     <common>
 0003:0000cd40       _CANAC2_2_receive_mb2      100abd40     <common>
 0003:0000d060       _CANAC2_2_send_mb2         100ac060     <common>
 0003:0000d380       _CANAC2_1_receive_mb2      100ac380     <common>
 0003:0000d6a0       _CANAC2_1_send_mb2         100ac6a0     <common>
 0003:0000d9c0       _CANAC2_2_receiveindex_mb1 100ac9c0     <common>
 0003:0000dce0       _CANAC2_2_receivemaxindex_mb1 100acce0     <common>
 0003:0000dd00       _CANAC2_2_sendindex_mb1    100acd00     <common>
 0003:0000e020       _CANAC2_2_sendmaxindex_mb1 100ad020     <common>
 0003:0000e040       _CANAC2_1_receiveindex_mb1 100ad040     <common>
 0003:0000e360       _CANAC2_1_receivemaxindex_mb1 100ad360     <common>
 0003:0000e380       _CANAC2_1_sendindex_mb1    100ad380     <common>
 0003:0000e6a0       _CANAC2_1_sendmaxindex_mb1 100ad6a0     <common>
 0003:0000e6c0       _CANAC2_2_receive_mb1      100ad6c0     <common>
 0003:0000e9e0       _CANAC2_2_send_mb1         100ad9e0     <common>
 0003:0000ed00       _CANAC2_1_receive_mb1      100add00     <common>
 0003:0000f020       _CANAC2_1_send_mb1         100ae020     <common>
 0003:0000f340       _CANAC2_2_receiveindex     100ae340     <common>
 0003:0000f660       _CANAC2_2_receivemaxindex  100ae660     <common>
 0003:0000f680       _CANAC2_2_sendindex        100ae680     <common>
 0003:0000f9a0       _CANAC2_2_sendmaxindex     100ae9a0     <common>
 0003:0000f9c0       _CANAC2_1_receiveindex     100ae9c0     <common>
 0003:0000fce0       _CANAC2_1_receivemaxindex  100aece0     <common>
 0003:0000fd00       _CANAC2_1_sendindex        100aed00     <common>
 0003:00010020       _CANAC2_1_sendmaxindex     100af020     <common>
 0003:00010040       _CANAC2_2_receive          100af040     <common>
 0003:00010360       _CANAC2_2_send             100af360     <common>
 0003:00010680       _CANAC2_1_receive          100af680     <common>
 0003:000109a0       _CANAC2_1_send             100af9a0     <common>
 0003:00010cc0       _siepowercan_can_object_buffer_port2 100afcc0     <common>
 0003:00014ce0       _siepowercan_can_object_buffer_port1 100b3ce0     <common>
 0003:00018ce0       _rtNaNF                    100b7ce0     <common>
 0003:00018cf4       _rtMinusInfF               100b7cf4     <common>
 0003:00018cf8       _rtInfF                    100b7cf8     <common>
 0003:00018d00       _rtNaN                     100b7d00     <common>
 0003:00018d08       _rtMinusInf                100b7d08     <common>
 0003:00018d10       _rtInf                     100b7d10     <common>
 0003:00018d18       ?_OptionsStorage@?1??__local_stdio_printf_options@@9@9 100b7d18     <common>
 0003:0001bda0       _xpcDev_1                  100bada0     <common>
 0003:0001be20       _Control_software_v1_1_DW  100bae20     <common>
 0003:0001c220       _Control_software_v1_1_B   100bb220     <common>
 0003:0001d820       _Control_software_v1_1_M_  100bc820     <common>
 0003:0002af98       _CloseClientSocket         100c9f98     <common>
 0003:0002b000       _ConnectClientSocket       100ca000     <common>
 0003:0002b004       _BindClientSocket          100ca004     <common>
 0003:0002b008       _CreateClientSocket        100ca008     <common>
 0003:0002b00c       _CloseServerSocket         100ca00c     <common>
 0003:0002b010       _ConnectServerSocket       100ca010     <common>
 0003:0002b014       _OpenServerListen          100ca014     <common>
 0003:0002b018       _CreateServerSocket        100ca018     <common>
 0003:0002b01c       _SocketReceive             100ca01c     <common>
 0003:0002b020       _SocketSend                100ca020     <common>
 0003:0002b024       _GetSocketState            100ca024     <common>
 0003:0002b028       _GetSocket                 100ca028     <common>
 0003:0002b02c       _socket                    100ca02c     <common>
 0003:0002b030       _inet_addr                 100ca030     <common>
 0003:0002b034       _sendto                    100ca034     <common>
 0003:0002b038       _recvfrom                  100ca038     <common>
 0003:0002b03c       _listen                    100ca03c     <common>
 0003:0002b040       _ioctlsocket               100ca040     <common>
 0003:0002b044       _connect                   100ca044     <common>
 0003:0002b048       _closesocket               100ca048     <common>
 0003:0002b04c       _setsockopt                100ca04c     <common>
 0003:0002b050       _bind                      100ca050     <common>
 0003:0002b054       _accept                    100ca054     <common>
 0003:0002b058       _GetHostTarIPAdd           100ca058     <common>
 0003:0002b05c       _GetDCUUsage               100ca05c     <common>
 0003:0002b060       _DeleteRoute               100ca060     <common>
 0003:0002b064       _AddGatewayRoute           100ca064     <common>
 0003:0002b068       _SetIP                     100ca068     <common>
 0003:0002b06c       _CloseInterface            100ca06c     <common>
 0003:0002b070       _OpenInterface             100ca070     <common>
 0003:0002b074       _SetIPTASKPriority         100ca074     <common>
 0003:0002b078       _isUsedByRTIP              100ca078     <common>
 0003:0002b07c       _slrtWarning               100ca07c     <common>
 0003:0002b080       _slrtGetCPUTCelsius        100ca080     <common>
 0003:0002b084       _geterrorstring            100ca084     <common>
 0003:0002b088       _getlasterror              100ca088     <common>
 0003:0002b08c       _slrtLogEvent              100ca08c     <common>
 0003:0002b090       _slrtGetDefaultDrive       100ca090     <common>
 0003:0002b094       _slrtfsFread               100ca094     <common>
 0003:0002b098       _slrtfsGetFileStatus       100ca098     <common>
 0003:0002b09c       _slrtfsOpenFileAsync       100ca09c     <common>
 0003:0002b0a0       _slrtfsCloseFileAsync      100ca0a0     <common>
 0003:0002b0a4       _slrtfsGetFileErrorMessage 100ca0a4     <common>
 0003:0002b0a8       _slrtfsGetFileError        100ca0a8     <common>
 0003:0002b0ac       _slrtfsWriteToFile         100ca0ac     <common>
 0003:0002b0b0       _slrtfsCloseFile           100ca0b0     <common>
 0003:0002b0b4       _slrtfsOpenFile            100ca0b4     <common>
 0003:0002b0b8       _slrtGetSgCRBSpace         100ca0b8     <common>
 0003:0002b0bc       _slrtGetCRBScratchSpace    100ca0bc     <common>
 0003:0002b0c0       _slrteSetupMSI             100ca0c0     <common>
 0003:0002b0c4       _slTestRegAssessment       100ca0c4     <common>
 0003:0002b0c8       _slTestTerminate           100ca0c8     <common>
 0003:0002b0cc       _slTestEvalOnFail          100ca0cc     <common>
 0003:0002b0d0       _slTestLogAssessments      100ca0d0     <common>
 0003:0002b0d4       _slTestInitialize          100ca0d4     <common>
 0003:0002b0d8       _unRegisterPTPTimeRead     100ca0d8     <common>
 0003:0002b0dc       _registerPTPTimeRead       100ca0dc     <common>
 0003:0002b0e0       _slrteGetCurrentStepSize   100ca0e0     <common>
 0003:0002b0e4       _slrteSetStepSizeDelta     100ca0e4     <common>
 0003:0002b0e8       _xpceGetIntTimerGranularityNS 100ca0e8     <common>
 0003:0002b0ec       _xpceDAQUpdateTimeStamp    100ca0ec     <common>
 0003:0002b0f0       _xpceDAQPostEvent          100ca0f0     <common>
 0003:0002b0f4       _StreamVideo               100ca0f4     <common>
 0003:0002b0f8       _StopVideoDisplay          100ca0f8     <common>
 0003:0002b0fc       _StartVideoDisplay         100ca0fc     <common>
 0003:0002b100       _DestroyVideoDisplay       100ca100     <common>
 0003:0002b104       _CreateVideoDisplay        100ca104     <common>
 0003:0002b108       _ConvertUImage             100ca108     <common>
 0003:0002b10c       _StopVideo                 100ca10c     <common>
 0003:0002b110       _ReadFrameBuffer           100ca110     <common>
 0003:0002b114       _StartVideo                100ca114     <common>
 0003:0002b118       _GetVideoConfigs           100ca118     <common>
 0003:0002b11c       _FindUsbVideoDevice        100ca11c     <common>
 0003:0002b120       _xpceDeleteSemaphore       100ca120     <common>
 0003:0002b124       _xpceSignalSemaphore       100ca124     <common>
 0003:0002b128       _xpceWaitSemaphore         100ca128     <common>
 0003:0002b12c       _xpceCreateSemaphore       100ca12c     <common>
 0003:0002b130       _TBGiveSpinFast            100ca130     <common>
 0003:0002b134       _TBTakeSpinFast            100ca134     <common>
 0003:0002b138       _TBDeleteSpin              100ca138     <common>
 0003:0002b13c       _TBCreateSpin              100ca13c     <common>
 0003:0002b140       _xpceScopeAcqOK            100ca140     <common>
 0003:0002b144       _rl32eRestartAcquisition   100ca144     <common>
 0003:0002b148       _rl32eSetTargetScopeSigFt  100ca148     <common>
 0003:0002b14c       _rl32eSetTargetScope       100ca14c     <common>
 0003:0002b150       _xpceFSScopeSet            100ca150     <common>
 0003:0002b154       _rl32eSetScope             100ca154     <common>
 0003:0002b158       _rl32eAddSignal            100ca158     <common>
 0003:0002b15c       _rl32eGetSignalNo          100ca15c     <common>
 0003:0002b160       _rl32eDefScope             100ca160     <common>
 0003:0002b164       _rl32eScopeExists          100ca164     <common>
 0003:0002b168       _xpceGetParamDims          100ca168     <common>
 0003:0002b16c       _xpceGetParameter          100ca16c     <common>
 0003:0002b170       _xpceSetParameter          100ca170     <common>
 0003:0002b174       _xpceGetSignalValue        100ca174     <common>
 0003:0002b178       _xpceAssignPCIInterrupt    100ca178     <common>
 0003:0002b17c       _rl32eGetPCIInfoAtSlot     100ca17c     <common>
 0003:0002b180       _rl32eGetPCIInfo           100ca180     <common>
 0003:0002b184       _rl32eShowPCIInfo          100ca184     <common>
 0003:0002b188       _rl32eShowPCIDev           100ca188     <common>
 0003:0002b18c       _xpceGetTET                100ca18c     <common>
 0003:0002b190       _xpceaddEvent              100ca190     <common>
 0003:0002b194       _xpceDeRegisterISR         100ca194     <common>
 0003:0002b198       _xpceRegisterISR           100ca198     <common>
 0003:0002b19c       _xpcIsModelInit            100ca19c     <common>
 0003:0002b1a0       _xpcGetElapsedTime         100ca1a0     <common>
 0003:0002b1a4       _xpcBusyWait               100ca1a4     <common>
 0003:0002b1a8       _xpcFreePhysicalMemory     100ca1a8     <common>
 0003:0002b1ac       _xpcAllocPhysicalMemory    100ca1ac     <common>
 0003:0002b1b0       _xpcReserveMemoryRegion    100ca1b0     <common>
 0003:0002b1b4       _xpcOutpB                  100ca1b4     <common>
 0003:0002b1b8       _xpcOutpW                  100ca1b8     <common>
 0003:0002b1bc       _xpcOutpDW                 100ca1bc     <common>
 0003:0002b1c0       _xpcInpB                   100ca1c0     <common>
 0003:0002b1c4       _xpcInpW                   100ca1c4     <common>
 0003:0002b1c8       _xpcInpDW                  100ca1c8     <common>
 0003:0002b1cc       ___scrt_ucrt_dll_is_in_use 100ca1cc     <common>
 0003:0002b1d8       ___dyn_tls_init_callback   100ca1d8     <common>
 0003:0002b1e4       __pDestructExceptionObject 100ca1e4     <common>
 0003:0002b1f0       __pmatherr                 100ca1f0     <common>
 0003:0002b1fc       ___use_sse2_mathfcns       100ca1fc     <common>
 0004:00000000       __imp__SystemFunction036@8 100cb000     advapi32:ADVAPI32.dll
 0004:00000004       \177ADVAPI32_NULL_THUNK_DATA 100cb004     advapi32:ADVAPI32.dll
 0004:00000030       __imp__UnhandledExceptionFilter@4 100cb030     kernel32:KERNEL32.dll
 0004:00000034       __imp__SetUnhandledExceptionFilter@4 100cb034     kernel32:KERNEL32.dll
 0004:00000038       __imp__GetCurrentProcess@0 100cb038     kernel32:KERNEL32.dll
 0004:0000003c       __imp__TerminateProcess@8  100cb03c     kernel32:KERNEL32.dll
 0004:00000040       __imp__IsProcessorFeaturePresent@4 100cb040     kernel32:KERNEL32.dll
 0004:00000044       __imp__QueryPerformanceCounter@4 100cb044     kernel32:KERNEL32.dll
 0004:00000048       __imp__GetCurrentProcessId@0 100cb048     kernel32:KERNEL32.dll
 0004:0000004c       __imp__GetCurrentThreadId@0 100cb04c     kernel32:KERNEL32.dll
 0004:00000050       __imp__GetSystemTimeAsFileTime@4 100cb050     kernel32:KERNEL32.dll
 0004:00000054       __imp__InitializeSListHead@4 100cb054     kernel32:KERNEL32.dll
 0004:00000058       __imp__IsDebuggerPresent@0 100cb058     kernel32:KERNEL32.dll
 0004:0000005c       __imp__GetStartupInfoW@4   100cb05c     kernel32:KERNEL32.dll
 0004:00000060       __imp__GetModuleHandleW@4  100cb060     kernel32:KERNEL32.dll
 0004:00000064       __imp__GetLastError@0      100cb064     kernel32:KERNEL32.dll
 0004:00000068       __imp__GetModuleFileNameW@12 100cb068     kernel32:KERNEL32.dll
 0004:0000006c       __imp__InterlockedPushEntrySList@8 100cb06c     kernel32:KERNEL32.dll
 0004:00000070       __imp__InterlockedFlushSList@4 100cb070     kernel32:KERNEL32.dll
 0004:00000074       __imp__InitializeCriticalSectionAndSpinCount@8 100cb074     kernel32:KERNEL32.dll
 0004:00000078       __imp__TlsAlloc@0          100cb078     kernel32:KERNEL32.dll
 0004:0000007c       __imp__TlsGetValue@4       100cb07c     kernel32:KERNEL32.dll
 0004:00000080       __imp__TlsSetValue@8       100cb080     kernel32:KERNEL32.dll
 0004:00000084       __imp__TlsFree@4           100cb084     kernel32:KERNEL32.dll
 0004:00000088       __imp__FreeLibrary@4       100cb088     kernel32:KERNEL32.dll
 0004:0000008c       __imp__LoadLibraryExW@12   100cb08c     kernel32:KERNEL32.dll
 0004:00000090       __imp__RtlUnwind@16        100cb090     kernel32:KERNEL32.dll
 0004:00000094       __imp__SetLastError@4      100cb094     kernel32:KERNEL32.dll
 0004:00000098       __imp__EnterCriticalSection@4 100cb098     kernel32:KERNEL32.dll
 0004:0000009c       __imp__LeaveCriticalSection@4 100cb09c     kernel32:KERNEL32.dll
 0004:000000a0       __imp__DeleteCriticalSection@4 100cb0a0     kernel32:KERNEL32.dll
 0004:000000a4       __imp__GetStdHandle@4      100cb0a4     kernel32:KERNEL32.dll
 0004:000000a8       __imp__GetFileType@4       100cb0a8     kernel32:KERNEL32.dll
 0004:000000ac       __imp__GetModuleFileNameA@12 100cb0ac     kernel32:KERNEL32.dll
 0004:000000b0       __imp__GetModuleHandleExW@12 100cb0b0     kernel32:KERNEL32.dll
 0004:000000b4       __imp__WriteConsoleW@20    100cb0b4     kernel32:KERNEL32.dll
 0004:000000b8       __imp__ExitProcess@4       100cb0b8     kernel32:KERNEL32.dll
 0004:000000bc       __imp__RaiseException@16   100cb0bc     kernel32:KERNEL32.dll
 0004:000000c0       __imp__MultiByteToWideChar@24 100cb0c0     kernel32:KERNEL32.dll
 0004:000000c4       __imp__WideCharToMultiByte@32 100cb0c4     kernel32:KERNEL32.dll
 0004:000000c8       __imp__HeapFree@12         100cb0c8     kernel32:KERNEL32.dll
 0004:000000cc       __imp__HeapAlloc@12        100cb0cc     kernel32:KERNEL32.dll
 0004:000000d0       __imp__GetProcAddress@8    100cb0d0     kernel32:KERNEL32.dll
 0004:000000d4       __imp__GetTimeFormatW@24   100cb0d4     kernel32:KERNEL32.dll
 0004:000000d8       __imp__CompareStringW@24   100cb0d8     kernel32:KERNEL32.dll
 0004:000000dc       __imp__LCMapStringW@24     100cb0dc     kernel32:KERNEL32.dll
 0004:000000e0       __imp__GetLocaleInfoW@16   100cb0e0     kernel32:KERNEL32.dll
 0004:000000e4       __imp__IsValidLocale@8     100cb0e4     kernel32:KERNEL32.dll
 0004:000000e8       __imp__GetUserDefaultLCID@0 100cb0e8     kernel32:KERNEL32.dll
 0004:000000ec       __imp__EnumSystemLocalesW@8 100cb0ec     kernel32:KERNEL32.dll
 0004:000000f0       __imp__GetCurrentThread@0  100cb0f0     kernel32:KERNEL32.dll
 0004:000000f4       __imp__GetACP@0            100cb0f4     kernel32:KERNEL32.dll
 0004:000000f8       __imp__WriteFile@20        100cb0f8     kernel32:KERNEL32.dll
 0004:000000fc       __imp__OutputDebugStringA@4 100cb0fc     kernel32:KERNEL32.dll
 0004:00000100       __imp__OutputDebugStringW@4 100cb100     kernel32:KERNEL32.dll
 0004:00000104       __imp__CloseHandle@4       100cb104     kernel32:KERNEL32.dll
 0004:00000108       __imp__WaitForSingleObjectEx@12 100cb108     kernel32:KERNEL32.dll
 0004:0000010c       __imp__CreateThread@24     100cb10c     kernel32:KERNEL32.dll
 0004:00000110       __imp__SetConsoleCtrlHandler@8 100cb110     kernel32:KERNEL32.dll
 0004:00000114       __imp__HeapReAlloc@16      100cb114     kernel32:KERNEL32.dll
 0004:00000118       __imp__ReadFile@20         100cb118     kernel32:KERNEL32.dll
 0004:0000011c       __imp__GetConsoleMode@8    100cb11c     kernel32:KERNEL32.dll
 0004:00000120       __imp__ReadConsoleW@20     100cb120     kernel32:KERNEL32.dll
 0004:00000124       __imp__GetConsoleCP@0      100cb124     kernel32:KERNEL32.dll
 0004:00000128       __imp__DeleteFileW@4       100cb128     kernel32:KERNEL32.dll
 0004:0000012c       __imp__SetFilePointerEx@20 100cb12c     kernel32:KERNEL32.dll
 0004:00000130       __imp__IsValidCodePage@4   100cb130     kernel32:KERNEL32.dll
 0004:00000134       __imp__GetOEMCP@0          100cb134     kernel32:KERNEL32.dll
 0004:00000138       __imp__GetCPInfo@8         100cb138     kernel32:KERNEL32.dll
 0004:0000013c       __imp__GetEnvironmentStringsW@0 100cb13c     kernel32:KERNEL32.dll
 0004:00000140       __imp__FreeEnvironmentStringsW@4 100cb140     kernel32:KERNEL32.dll
 0004:00000144       __imp__SetEnvironmentVariableA@8 100cb144     kernel32:KERNEL32.dll
 0004:00000148       __imp__SetEnvironmentVariableW@8 100cb148     kernel32:KERNEL32.dll
 0004:0000014c       __imp__GetProcessHeap@0    100cb14c     kernel32:KERNEL32.dll
 0004:00000150       __imp__GetCommandLineA@0   100cb150     kernel32:KERNEL32.dll
 0004:00000154       __imp__GetCommandLineW@0   100cb154     kernel32:KERNEL32.dll
 0004:00000158       __imp__GetStringTypeW@16   100cb158     kernel32:KERNEL32.dll
 0004:0000015c       __imp__FlushFileBuffers@4  100cb15c     kernel32:KERNEL32.dll
 0004:00000160       __imp__SetStdHandle@8      100cb160     kernel32:KERNEL32.dll
 0004:00000164       __imp__CreateFileW@28      100cb164     kernel32:KERNEL32.dll
 0004:00000168       __imp__HeapSize@12         100cb168     kernel32:KERNEL32.dll
 0004:0000016c       __imp__SetEndOfFile@4      100cb16c     kernel32:KERNEL32.dll
 0004:00000170       __imp__EncodePointer@4     100cb170     kernel32:KERNEL32.dll
 0004:00000174       __imp__DecodePointer@4     100cb174     kernel32:KERNEL32.dll
 0004:00000178       __imp__GetDateFormatW@24   100cb178     kernel32:KERNEL32.dll
 0004:0000017c       __imp__GetModuleHandleA@4  100cb17c     kernel32:KERNEL32.dll
 0004:00000180       \177KERNEL32_NULL_THUNK_DATA 100cb180     kernel32:KERNEL32.dll
 0004:000001ec       __IMPORT_DESCRIPTOR_KERNEL32 100cb1ec     kernel32:KERNEL32.dll
 0004:00000200       __IMPORT_DESCRIPTOR_ADVAPI32 100cb200     advapi32:ADVAPI32.dll
 0004:00000214       __NULL_IMPORT_DESCRIPTOR   100cb214     kernel32:KERNEL32.dll
 0005:00000000       ___guard_check_icall_fptr  100cc000     LIBCMT:guard_support.obj
