const signalNameMap speedgoat_test_SN2593_R2016b_BIOMAP[] =
  {
	{0,0,4},
	{1,4,1},
	{5,11,1},
	{3,9,1},
	{6,12,1},
	{7,13,1},
	{4,10,1},
	{8,14,1},
	{2,5,4},
{-1, -1,9}
  };
const signalLabelMap speedgoat_test_SN2593_R2016b_LBLMAP[] =
  {
	{0,0,4},
	{1,4,1},
	{2,5,4},
	{3,9,1},
	{4,10,1},
	{5,11,1},
	{6,12,1},
	{7,13,1},
	{8,14,1},
{-1, -1,9}
  };
const signalIdMap speedgoat_test_SN2593_R2016b_SIDMAP[] =
  {
	{0,0,4},
	{1,4,1},
	{2,5,4},
	{3,9,1},
	{4,10,1},
	{5,11,1},
	{6,12,1},
	{7,13,1},
	{8,14,1},
{-1, -1,9}
  };
const SortedBlockSignals  speedgoat_test_SN2593_R2016b_SBIO[] ={
       0,
       1,
       5,
       3,
       6,
       7,
       4,
       8,
       2,
      -1
};
const SortedBlockLabels  speedgoat_test_SN2593_R2016b_SLBL[] ={
       0,
       1,
       2,
       3,
       4,
       5,
       6,
       7,
       8,
      -1
};
const OldSortedBlockParameters  speedgoat_test_SN2593_R2016b_PTIDSMAP[] ={
	{0,0},
	{1,1},
	{2,2},
	{3,3},
	{4,4},
	{5,5},
	{6,6},
	{7,7},
	{8,8},
	{9,9},
	{10,10},
	{11,11},
	{12,12},
	{13,13},
	{14,14},
	{15,15},
	{16,16},
	{17,17},
	{18,18},
	{19,19},
	{20,20},
	{21,21},
	{22,22},
	{23,23},
	{24,24},
	{-1,-1},
};
const OldSortedBlockParameters  speedgoat_test_SN2593_R2016b_PTNAMESMAP[] ={
	{0,0},
	{1,1},
	{21,21},
	{18,18},
	{17,17},
	{22,22},
	{23,23},
	{20,20},
	{19,19},
	{24,24},
	{2,2},
	{3,3},
	{4,4},
	{5,5},
	{6,6},
	{7,7},
	{8,8},
	{9,9},
	{10,10},
	{11,11},
	{12,12},
	{13,13},
	{14,14},
	{15,15},
	{16,16},
	{-1,-1},
};
const SortedBlockParameters  speedgoat_test_SN2593_R2016b_SPTMAP[] ={
       0,
       1,
      21,
      18,
      17,
      22,
      23,
      20,
      19,
      24,
       2,
       3,
       4,
       5,
       6,
       7,
       8,
       9,
      10,
      11,
      12,
      13,
      14,
      15,
      16,
      -1
};


const EnumElemMapInfo speedgoat_test_SN2593_R2016b_dtmap[] = 
{
	{
		NULL,NULL,0
	},
	{
		NULL,NULL,0
	},
	{
		NULL,NULL,0
	},
};
